Archive member included to satisfy reference by file (symbol)

C:/NXP/S32DS_Power_v2017.R1/S32DS/e200_ewl2/lib/e200z4/fp\libc99.a(memcpy.o)
                              ./Sources/can.o (memcpy)
C:/NXP/S32DS_Power_v2017.R1/S32DS/e200_ewl2/lib/e200z4/fp\libc99.a(memset.o)
                              ./Sources/can.o (memset)
C:/NXP/S32DS_Power_v2017.R1/S32DS/e200_ewl2/lib/e200z4/fp\libc99.a(__filll_mem.o)
                              C:/NXP/S32DS_Power_v2017.R1/S32DS/e200_ewl2/lib/e200z4/fp\libc99.a(memset.o) (__fill_mem)
c:/nxp/s32ds_power_v2017.r1/cross_tools/powerpc-eabivle-4_9/bin/../lib/gcc/powerpc-eabivle/4.9.4/e200z4/fp\libgcc.a(e200crtresxgpr.o)
                              C:/NXP/S32DS_Power_v2017.R1/S32DS/e200_ewl2/lib/e200z4/fp\libc99.a(memset.o) (_restgpr_31_x)
c:/nxp/s32ds_power_v2017.r1/cross_tools/powerpc-eabivle-4_9/bin/../lib/gcc/powerpc-eabivle/4.9.4/e200z4/fp\libgcc.a(eabivle.o)
                              ./Sources/main.o (__eabi)

Allocating common symbols
Common symbol       size              file

cmd_received        0x1               ./Sources/main.o
g_xtal0ClkFreq      0x4               ./SDK/platform/drivers/src/clock/MPC57xx/clock_MPC57xx.o
g_xtal1ClkFreq      0x4               ./SDK/platform/drivers/src/clock/MPC57xx/clock_MPC57xx.o
user_rxBuff         0x4c              ./Sources/main.o
dmaController1_State
                    0x80              ./Generated_Code/dmaController1.o
dmaController1Chn0_State
                    0x10              ./Generated_Code/dmaController1.o

Discarded input sections

 .text          0x00000000        0x0 c:/nxp/s32ds_power_v2017.r1/cross_tools/powerpc-eabivle-4_9/bin/../lib/gcc/powerpc-eabivle/4.9.4/e200z4/fp/ecrti.o
 .data          0x00000000        0x0 c:/nxp/s32ds_power_v2017.r1/cross_tools/powerpc-eabivle-4_9/bin/../lib/gcc/powerpc-eabivle/4.9.4/e200z4/fp/ecrti.o
 .bss           0x00000000        0x0 c:/nxp/s32ds_power_v2017.r1/cross_tools/powerpc-eabivle-4_9/bin/../lib/gcc/powerpc-eabivle/4.9.4/e200z4/fp/ecrti.o
 .fixup         0x00000000        0x0 c:/nxp/s32ds_power_v2017.r1/cross_tools/powerpc-eabivle-4_9/bin/../lib/gcc/powerpc-eabivle/4.9.4/e200z4/fp/ecrti.o
 .sbss          0x00000000        0x0 c:/nxp/s32ds_power_v2017.r1/cross_tools/powerpc-eabivle-4_9/bin/../lib/gcc/powerpc-eabivle/4.9.4/e200z4/fp/ecrti.o
 .sbss2         0x00000000        0x0 c:/nxp/s32ds_power_v2017.r1/cross_tools/powerpc-eabivle-4_9/bin/../lib/gcc/powerpc-eabivle/4.9.4/e200z4/fp/ecrti.o
 .gcc_except_table
                0x00000000        0x0 c:/nxp/s32ds_power_v2017.r1/cross_tools/powerpc-eabivle-4_9/bin/../lib/gcc/powerpc-eabivle/4.9.4/e200z4/fp/ecrti.o
 .data          0x00000000        0x4 c:/nxp/s32ds_power_v2017.r1/cross_tools/powerpc-eabivle-4_9/bin/../lib/gcc/powerpc-eabivle/4.9.4/e200z4/fp/crtbegin.o
 .group         0x00000000        0x8 ./Sources/main.o
 .group         0x00000000        0x8 ./Sources/main.o
 .group         0x00000000        0x8 ./Sources/main.o
 .group         0x00000000        0x8 ./Sources/main.o
 .group         0x00000000        0x8 ./Sources/main.o
 .group         0x00000000        0x8 ./Sources/main.o
 .group         0x00000000        0x8 ./Sources/main.o
 .group         0x00000000        0x8 ./Sources/main.o
 .group         0x00000000        0x8 ./Sources/main.o
 .group         0x00000000        0x8 ./Sources/main.o
 .group         0x00000000        0x8 ./Sources/main.o
 .group         0x00000000        0x8 ./Sources/main.o
 .group         0x00000000        0x8 ./Sources/main.o
 .group         0x00000000        0x8 ./Sources/main.o
 .group         0x00000000        0x8 ./Sources/main.o
 .group         0x00000000        0x8 ./Sources/main.o
 .group         0x00000000        0x8 ./Sources/main.o
 .group         0x00000000        0x8 ./Sources/main.o
 .group         0x00000000        0x8 ./Sources/main.o
 .group         0x00000000        0x8 ./Sources/main.o
 .group         0x00000000        0x8 ./Sources/main.o
 .group         0x00000000        0x8 ./Sources/main.o
 .group         0x00000000        0x8 ./Sources/main.o
 .group         0x00000000        0x8 ./Sources/main.o
 .group         0x00000000        0x8 ./Sources/main.o
 .group         0x00000000        0x8 ./Sources/main.o
 .group         0x00000000        0x8 ./Sources/main.o
 .group         0x00000000        0x8 ./Sources/main.o
 .group         0x00000000        0x8 ./Sources/main.o
 .group         0x00000000        0x8 ./Sources/main.o
 .group         0x00000000        0x8 ./Sources/main.o
 .group         0x00000000        0x8 ./Sources/main.o
 .text          0x00000000        0x0 ./Sources/main.o
 .data          0x00000000        0x0 ./Sources/main.o
 .bss           0x00000000        0x0 ./Sources/main.o
 .sbss.exit_code
                0x00000000        0x4 ./Sources/main.o
 .group         0x00000000        0x8 ./Sources/can.o
 .group         0x00000000        0x8 ./Sources/can.o
[...]
Memory Configuration

Name             Origin             Length             Attributes
flash_rchw       0x00fa0000         0x00000004
cpu0_reset_vec   0x00fa0010         0x00000004
cpu1_reset_vec   0x00fa0014         0x00000004
cpu2_reset_vec   0x00fa0004         0x00000004
m_text           0x01000000         0x00570000
m_vectors_ram    0x40000000         0x00000c00
m_data           0x40000c00         0x0003f400
*default*        0x00000000         0xffffffff

Linker script and memory map

LOAD c:/nxp/s32ds_power_v2017.r1/cross_tools/powerpc-eabivle-4_9/bin/../lib/gcc/powerpc-eabivle/4.9.4/e200z4/fp/ecrti.o
LOAD c:/nxp/s32ds_power_v2017.r1/cross_tools/powerpc-eabivle-4_9/bin/../lib/gcc/powerpc-eabivle/4.9.4/e200z4/fp/crtbegin.o
LOAD ./Sources/main.o
LOAD ./Sources/can.o
LOAD ./SDK/rtos/osif/osif_baremetal.o
LOAD ./SDK/platform/pal/can/src/can_pal.o
LOAD ./SDK/platform/drivers/src/pins/pins_siul2_hw_access.o
LOAD ./SDK/platform/drivers/src/pins/pins_driver.o
LOAD ./SDK/platform/drivers/src/interrupt/interrupt_manager_MPC57xx.o
LOAD ./SDK/platform/drivers/src/flexcan/flexcan_irq.o
LOAD ./SDK/platform/drivers/src/flexcan/flexcan_hw_access.o
LOAD ./SDK/platform/drivers/src/flexcan/flexcan_driver.o
LOAD ./SDK/platform/drivers/src/edma/edma_irq.o
LOAD ./SDK/platform/drivers/src/edma/edma_hw_access.o
LOAD ./SDK/platform/drivers/src/edma/edma_driver.o
LOAD ./SDK/platform/drivers/src/clock/clock_manager.o
LOAD ./SDK/platform/drivers/src/clock/MPC57xx/clock_MPC57xx.o
LOAD ./SDK/platform/devices/startup.o
LOAD ./SDK/platform/devices/MPC5748G/startup/system_MPC5748G.o
LOAD ./Project_Settings/Startup_Code/interrupt_vectors.o
LOAD ./Project_Settings/Startup_Code/core0_intc_sw_handlers.o
LOAD ./Project_Settings/Startup_Code/startup_MPC5748G.o
LOAD ./Generated_Code/pin_mux.o
LOAD ./Generated_Code/dmaController1.o
LOAD ./Generated_Code/clockMan1.o
LOAD ./Generated_Code/can_pal1.o
LOAD ./Generated_Code/Cpu.o
START GROUP
LOAD C:/NXP/S32DS_Power_v2017.R1/S32DS/e200_ewl2/lib/e200z4/fp\libc99.a
LOAD C:/NXP/S32DS_Power_v2017.R1/S32DS/e200_ewl2/lib/e200z4/fp\libm.a
LOAD c:/nxp/s32ds_power_v2017.r1/cross_tools/powerpc-eabivle-4_9/bin/../lib/gcc/powerpc-eabivle/4.9.4/e200z4/fp\libgcc.a
LOAD C:/NXP/S32DS_Power_v2017.R1/S32DS/e200_ewl2/lib/e200z4/fp\librt.a
END GROUP
LOAD c:/nxp/s32ds_power_v2017.r1/cross_tools/powerpc-eabivle-4_9/bin/../lib/gcc/powerpc-eabivle/4.9.4/e200z4/fp/crtend.o
LOAD c:/nxp/s32ds_power_v2017.r1/cross_tools/powerpc-eabivle-4_9/bin/../lib/gcc/powerpc-eabivle/4.9.4/e200z4/fp/ecrtn.o
                0x00000000                __HEAP_SIZE = DEFINED (__heap_size__)?__heap_size__:0x0
                0x00001000                __STACK_SIZE = DEFINED (__stack_size__)?__stack_size__:0x1000
                0x00040000                SRAM_SIZE = 0x40000
                0x40000000                SRAM_BASE_ADDR = 0x40000000

.rchw           0x00fa0000        0x4
 *(.rchw)
 .rchw          0x00fa0000        0x4 ./Project_Settings/Startup_Code/startup_MPC5748G.o

.cpu0_reset_vector
                0x00fa0010        0x4
 *(.cpu0_reset_vector)
 .cpu0_reset_vector
                0x00fa0010        0x4 ./Project_Settings/Startup_Code/startup_MPC5748G.o

.cpu1_reset_vector
 *(.cpu1_reset_vector)

.cpu2_reset_vector
 *(.cpu2_reset_vector)

.startup        0x01000000      0x134
                0x01000000                __start = .
 *(.startup)
 .startup       0x01000000      0x134 ./Project_Settings/Startup_Code/startup_MPC5748G.o
                0x01000000                Reset_Handler
                0x01000000                _start

.core_exceptions_table
                0x01001000       0xf4
                0x01001000                __IVPR_VALUE = .
 *(.core_exceptions_table)
 .core_exceptions_table
                0x01001000       0xf4 ./Project_Settings/Startup_Code/interrupt_vectors.o
                0x01001000                VTABLE
                0x01001000                IVOR0_Vector
                0x01001010                IVOR1_Vector
                0x01001020                IVOR2_Vector
                0x01001030                IVOR3_Vector
                0x01001040                IVOR4_Vector
                0x01001050                IVOR5_Vector
                0x01001060                IVOR6_Vector
                0x01001070                IVOR7_Vector
                0x01001080                IVOR8_Vector
                0x01001090                IVOR9_Vector
                0x010010a0                IVOR10_Vector
                0x010010b0                IVOR11_Vector
                0x010010c0                IVOR12_Vector
                0x010010d0                IVOR13_Vector
                0x010010e0                IVOR14_Vector
                0x010010f0                IVOR15_Vector

.intc_vector_table
                0x01002000      0xc0c
                0x01002000                __VECTOR_TABLE = .
                0x01002000                . = ALIGN (0x4)
 *(.intc_vector_table)
 .intc_vector_table
                0x01002000      0xc0c ./Project_Settings/Startup_Code/startup_MPC5748G.o
                0x01002000                __isr_vector
                0x01002bc8                IVOR0_Handler
                0x01002bcc                IVOR1_Handler
                0x01002bd0                IVOR2_Handler
                0x01002bd4                IVOR3_Handler
                0x01002bdc                IVOR5_Handler
                0x01002be0                IVOR6_Handler
                0x01002be4                IVOR7_Handler
                0x01002be8                IVOR8_Handler
                0x01002bec                IVOR9_Handler
                0x01002bf0                IVOR10_Handler
                0x01002bf4                IVOR11_Handler
                0x01002bf8                IVOR12_Handler
                0x01002bfc                IVOR13_Handler
                0x01002c00                IVOR14_Handler
                0x01002c04                IVOR15_Handler
                0x01002c08                LINFLEXD5_UART_ErrIRQHandler
                0x01002c08                EMIOS0_22_23_IRQHandler
                0x01002c08                LINFLEXD6_UART_ErrIRQHandler
                0x01002c08                PIT_Ch0_IRQHandler
                0x01002c08                ADC1_WD_IRQHandler
                0x01002c08                PIT_Ch14_IRQHandler
                0x01002c08                DSPI1_Send_IRQHandler
                0x01002c08                LINFLEXD3_UART_ErrIRQHandler
                0x01002c08                LINFLEXD13_UART_RxIRQHandler
                0x01002c08                DSPI4_Send_IRQHandler
                0x01002c08                USBOTG_IRQHandler
                0x01002c08                ADC0_WD_IRQHandler
                0x01002c08                EMIOS1_00_01_IRQHandler
                0x01002c08                EMIOS0_10_11_IRQHandler
                0x01002c08                EMIOS1_30_31_IRQHandler
                0x01002c08                DSPI6_Send_IRQHandler
                0x01002c08                EMIOS1_26_27_IRQHandler
                0x01002c08                STM2_Ch2_IRQHandler
                0x01002c08                LINFLEXD10_UART_RxIRQHandler
                0x01002c08                SIUL_EIRQ_16_23_IRQHandler
                0x01002c08                LINFLEXD2_UART_TxIRQHandler
                0x01002c08                SAI2_Rx_IRQHandler
                0x01002c08                ENET1_Rx_2_IRQHandler
                0x01002c08                LINFLEXD5_UART_RxIRQHandler
                0x01002c08                LINFLEXD7_UART_RxIRQHandler
                0x01002c08                SWT2_IRQHandler
                0x01002c08                ENET0_Parser_IRQHandler
                0x01002c08                LINFLEXD14_UART_RxIRQHandler
                0x01002c08                LINFLEXD0_UART_ErrIRQHandler
                0x01002c08                ENET1_Tx_IRQHandler
                0x01002c08                SAI2_Tx_IRQHandler
                0x01002c08                PIT_Ch7_IRQHandler
                0x01002c08                DSPI3_Send_IRQHandler
                0x01002c08                ENET0_Tx_2_IRQHandler
                0x01002c08                EMIOS2_26_27_IRQHandler
                0x01002c08                LINFLEXD0_UART_TxIRQHandler
                0x01002c08                WKPU_23_16_IRQHandler
                0x01002c08                ENET0_Rx_1_IRQHandler
                0x01002c08                EMIOS0_30_31_IRQHandler
                0x01002c08                SWT0_IRQHandler
                0x01002c08                PIT_Ch10_IRQHandler
                0x01002c08                STM2_Ch3_IRQHandler
                0x01002c08                LINFLEXD13_UART_TxIRQHandler
                0x01002c08                LINFLEXD9_UART_ErrIRQHandler
                0x01002c08                SAI0_Tx_IRQHandler
                0x01002c08                EMIOS0_24_25_IRQHandler
                0x01002c08                EMIOS2_00_01_IRQHandler
                0x01002c08                LINFLEXD10_UART_TxIRQHandler
                0x01002c08                EMIOS1_28_29_IRQHandler
                0x01002c08                SAI0_Rx_IRQHandler
                0x01002c08                LINFLEXD17_UART_RxIRQHandler
                0x01002c08                DSPI6_Receive_IRQHandler
                0x01002c08                DSPI4_Done_IRQHandler
                0x01002c08                DSPI5_Done_IRQHandler
                0x01002c08                LINFLEXD10_UART_ErrIRQHandler
                0x01002c08                LINFLEXD9_UART_TxIRQHandler
                0x01002c08                LINFLEXD14_UART_TxIRQHandler
                0x01002c08                LINFLEXD16_UART_ErrIRQHandler
                0x01002c08                LINFLEXD14_UART_ErrIRQHandler
                0x01002c08                PIT_Ch5_IRQHandler
                0x01002c08                EMIOS0_12_13_IRQHandler
                0x01002c08                PIT_Ch1_IRQHandler
                0x01002c08                BCTU_ListLast_IRQHandler
                0x01002c08                ENET0_Rx_IRQHandler
                0x01002c08                CMP0_IRQHandler
                0x01002c08                PIT_Ch2_IRQHandler
                0x01002c08                DSPI0_Receive_IRQHandler
                0x01002c08                I2C_DRV_Module2IRQHandler
                0x01002c08                SAI1_Tx_IRQHandler
                0x01002c08                DSPI2_Send_IRQHandler
                0x01002c08                DSPI7_Done_IRQHandler
                0x01002c08                STM2_Ch0_IRQHandler
                0x01002c08                ADC0_EOC_IRQHandler
                0x01002c08                LINFLEXD11_UART_ErrIRQHandler
                0x01002c08                DSPI0_Done_IRQHandler
                0x01002c08                EMIOS0_16_17_IRQHandler
                0x01002c08                EMIOS1_14_15_IRQHandler
                0x01002c08                ENET1_Rx_IRQHandler
                0x01002c08                PIT_Ch4_IRQHandler
                0x01002c08                EMIOS2_28_29_IRQHandler
                0x01002c08                ENET0_Tx_1_IRQHandler
                0x01002c08                PIT_Ch11_IRQHandler
                0x01002c08                PIT_Ch12_IRQHandler
                0x01002c08                EMIOS1_10_11_IRQHandler
                0x01002c08                LINFLEXD1_UART_ErrIRQHandler
                0x01002c08                DSPI3_Receive_IRQHandler
                0x01002c08                ADC1_ER_IRQHandler
                0x01002c08                DSPI9_Receive_IRQHandler
                0x01002c08                LINFLEXD15_UART_RxIRQHandler
                0x01002c08                DSPI2_Receive_IRQHandler
                0x01002c08                ENET0_Rx_2_IRQHandler
                0x01002c08                LINFLEXD11_UART_RxIRQHandler
                0x01002c08                LINFLEXD13_UART_ErrIRQHandler
                0x01002c08                LINFLEXD12_UART_TxIRQHandler
                0x01002c08                ENET0_Err_IRQHandler
                0x01002c08                ENET1_Timer_IRQHandler
                0x01002c08                DSPI0_Send_IRQHandler
                0x01002c08                DSPI3_Done_IRQHandler
                0x01002c08                LINFLEXD4_UART_TxIRQHandler
                0x01002c08                DSPI7_Receive_IRQHandler
                0x01002c08                LINFLEXD8_UART_TxIRQHandler
                0x01002c08                ADC0_ER_IRQHandler
                0x01002c08                ENET1_Tx_1_IRQHandler
                0x01002c08                SIUL_EIRQ_00_07_IRQHandler
                0x01002c08                LINFLEXD11_UART_TxIRQHandler
                0x01002c08                EMIOS1_04_05_IRQHandler
                0x01002c08                STM2_Ch1_IRQHandler
                0x01002c08                STM1_Ch0_IRQHandler
                0x01002c08                CMP2_IRQHandler
                0x01002c08                EMIOS2_20_21_IRQHandler
                0x01002c08                LINFLEXD7_UART_TxIRQHandler
                0x01002c08                SIUL_EIRQ_24_31_IRQHandler
                0x01002c08                DSPI8_Receive_IRQHandler
                0x01002c08                ENET0_Tx_IRQHandler
                0x01002c08                PIT_Ch13_IRQHandler
                0x01002c08                DSPI1_Done_IRQHandler
                0x01002c08                DSPI8_Done_IRQHandler
                0x01002c08                LINFLEXD2_UART_RxIRQHandler
                0x01002c08                I2C_DRV_Module1IRQHandler
                0x01002c08                EMIOS1_06_07_IRQHandler
                0x01002c08                LINFLEXD12_UART_ErrIRQHandler
                0x01002c08                PIT_RTI_IRQHandler
                0x01002c08                LINFLEXD3_UART_RxIRQHandler
                0x01002c08                LINFLEXD2_UART_ErrIRQHandler
                0x01002c08                EMIOS2_04_05_IRQHandler
                0x01002c08                HSM_DRV_IRQHandler
                0x01002c08                DSPI9_Send_IRQHandler
                0x01002c08                WKPU_31_24_IRQHandler
                0x01002c08                EMIOS1_12_13_IRQHandler
                0x01002c08                STM1_Ch1_IRQHandler
                0x01002c08                STM0_Ch0_IRQHandler
                0x01002c08                DSPI5_Receive_IRQHandler
                0x01002c08                LINFLEXD12_UART_RxIRQHandler
                0x01002c08                LINFLEXD16_UART_TxIRQHandler
                0x01002c08                USBHS_IRQHandler
                0x01002c08                EMIOS1_02_03_IRQHandler
                0x01002c08                LINFLEXD4_UART_ErrIRQHandler
                0x01002c08                STM0_Ch2_IRQHandler
                0x01002c08                STM0_Ch3_IRQHandler
                0x01002c08                EMIOS0_18_19_IRQHandler
                0x01002c08                WKPU_15_08_IRQHandler
                0x01002c08                EMIOS0_00_01_IRQHandler
                0x01002c08                LINFLEXD15_UART_TxIRQHandler
                0x01002c08                LINFLEXD15_UART_ErrIRQHandler
                0x01002c08                LINFLEXD6_UART_RxIRQHandler
                0x01002c08                RTC0_IRQHandler
                0x01002c08                LINFLEXD0_UART_RxIRQHandler
                0x01002c08                LINFLEXD17_UART_ErrIRQHandler
                0x01002c08                EMIOS2_02_03_IRQHandler
                0x01002c08                I2C_DRV_Module0IRQHandler
                0x01002c08                LINFLEXD7_UART_ErrIRQHandler
                0x01002c08                EMIOS0_20_21_IRQHandler
                0x01002c08                LINFLEXD17_UART_TxIRQHandler
                0x01002c08                DSPI6_Done_IRQHandler
                0x01002c08                LINFLEXD8_UART_RxIRQHandler
                0x01002c08                EMIOS2_18_19_IRQHandler
                0x01002c08                DSPI7_Send_IRQHandler
                0x01002c08                STM1_Ch3_IRQHandler
                0x01002c08                PIT_Ch6_IRQHandler
                0x01002c08                EMIOS1_24_25_IRQHandler
                0x01002c08                I2C_DRV_Module3IRQHandler
                0x01002c08                LINFLEXD3_UART_TxIRQHandler
                0x01002c08                LINFLEXD9_UART_RxIRQHandler
                0x01002c08                PIT_Ch9_IRQHandler
                0x01002c08                SIUL_EIRQ_08_15_IRQHandler
                0x01002c08                ENET1_Rx_1_IRQHandler
                0x01002c08                DSPI9_Done_IRQHandler
                0x01002c08                DSPI2_Done_IRQHandler
                0x01002c08                EMIOS2_10_11_IRQHandler
                0x01002c08                EMIOS2_12_13_IRQHandler
                0x01002c08                DSPI4_Receive_IRQHandler
                0x01002c08                EMIOS0_26_27_IRQHandler
                0x01002c08                PIT_Ch3_IRQHandler
                0x01002c08                EMIOS1_08_09_IRQHandler
                0x01002c08                LINFLEXD5_UART_TxIRQHandler
                0x01002c08                LINFLEXD16_UART_RxIRQHandler
                0x01002c08                DSPI8_Send_IRQHandler
                0x01002c08                EMIOS2_06_07_IRQHandler
                0x01002c08                ENET1_Parser_IRQHandler
                0x01002c08                EMIOS0_04_05_IRQHandler
                0x01002c08                STM1_Ch2_IRQHandler
                0x01002c08                LINFLEXD6_UART_TxIRQHandler
                0x01002c08                LINFLEXD1_UART_TxIRQHandler
                0x01002c08                ENET1_Err_IRQHandler
                0x01002c08                API0_IRQHandler
                0x01002c08                EMIOS1_16_17_IRQHandler
                0x01002c08                SWT1_IRQHandler
                0x01002c08                EMIOS2_24_25_IRQHandler
                0x01002c08                LINFLEXD4_UART_RxIRQHandler
                0x01002c08                EMIOS0_08_09_IRQHandler
                0x01002c08                DSPI1_Receive_IRQHandler
                0x01002c08                CMP1_IRQHandler
                0x01002c08                EMIOS2_22_23_IRQHandler
                0x01002c08                SAI1_Rx_IRQHandler
                0x01002c08                EMIOS2_30_31_IRQHandler
                0x01002c08                EMIOS1_20_21_IRQHandler
                0x01002c08                EMIOS2_08_09_IRQHandler
                0x01002c08                EMIOS0_28_29_IRQHandler
                0x01002c08                uSDHC_DriverIRQHandler
                0x01002c08                PIT_Ch8_IRQHandler
                0x01002c08                EMIOS0_02_03_IRQHandler
                0x01002c08                EMIOS0_06_07_IRQHandler
                0x01002c08                DefaultISR
                0x01002c08                EMIOS2_16_17_IRQHandler
                0x01002c08                LINFLEXD1_UART_RxIRQHandler
                0x01002c08                ENET0_Timer_IRQHandler
                0x01002c08                ENET1_Tx_2_IRQHandler
                0x01002c08                EMIOS2_14_15_IRQHandler
                0x01002c08                EMIOS1_18_19_IRQHandler
                0x01002c08                EMIOS1_22_23_IRQHandler
                0x01002c08                ADC1_EOC_IRQHandler
                0x01002c08                DSPI5_Send_IRQHandler
                0x01002c08                BCTU_ConvUpdate_IRQHandler
                0x01002c08                WKPU_07_00_IRQHandler
                0x01002c08                FCCU0_IRQ_Handler
                0x01002c08                STM0_Ch1_IRQHandler
                0x01002c08                LINFLEXD8_UART_ErrIRQHandler
                0x01002c08                EMIOS0_14_15_IRQHandler
                0x00000c00                __RAM_VECTOR_TABLE_SIZE = 0xc00

.text           0x01002c10     0xb0e0
 *(.text.startup)
 *(.text)
 .text          0x01002c10      0x16c c:/nxp/s32ds_power_v2017.r1/cross_tools/powerpc-eabivle-4_9/bin/../lib/gcc/powerpc-eabivle/4.9.4/e200z4/fp/crtbegin.o
 *fill*         0x01002d7c        0x4 
 .text          0x01002d80       0x48 ./Project_Settings/Startup_Code/core0_intc_sw_handlers.o
                0x01002d80                IVOR4_Handler
 .text          0x01002dc8       0x52 c:/nxp/s32ds_power_v2017.r1/cross_tools/powerpc-eabivle-4_9/bin/../lib/gcc/powerpc-eabivle/4.9.4/e200z4/fp\libgcc.a(e200crtresxgpr.o)
                0x01002dc8                _restgpr_14_x
                0x01002dcc                _restgpr_15_x
                0x01002dd0                _restgpr_16_x
                0x01002dd4                _restgpr_17_x
                0x01002dd8                _restgpr_18_x
                0x01002ddc                _restgpr_19_x
                0x01002de0                _restgpr_20_x
                0x01002de4                _restgpr_21_x
                0x01002de8                _restgpr_22_x
                0x01002dec                _restgpr_23_x
                0x01002df0                _restgpr_24_x
                0x01002df4                _restgpr_25_x
                0x01002df8                _restgpr_26_x
                0x01002dfc                _restgpr_27_x
                0x01002e00                _restgpr_28_x
                0x01002e04                _restgpr_29_x
                0x01002e08                _restgpr_30_x
                0x01002e0c                _restgpr_31_x
 .text          0x01002e1a       0x4a c:/nxp/s32ds_power_v2017.r1/cross_tools/powerpc-eabivle-4_9/bin/../lib/gcc/powerpc-eabivle/4.9.4/e200z4/fp\libgcc.a(eabivle.o)
                0x01002e1a                __eabi
 .text          0x01002e64       0x48 c:/nxp/s32ds_power_v2017.r1/cross_tools/powerpc-eabivle-4_9/bin/../lib/gcc/powerpc-eabivle/4.9.4/e200z4/fp/crtend.o
 *(.text.*)
 .text.main     0x01002eac       0xce ./Sources/main.o
                0x01002eac                main
 *fill*         0x01002f7a        0x2 
 .text.processCommand
                0x01002f7c      0x186 ./Sources/main.o
                0x01002f7c                processCommand
 *fill*         0x01003102        0x2 
 .text.CAN_initialise
                0x01003104      0x158 ./Sources/can.o
                0x01003104                CAN_initialise
 .text.CAN_eventHandler
                0x0100325c       0xba ./Sources/can.o
                0x0100325c                CAN_eventHandler
 *fill*         0x01003316        0x2 
 .text.CAN_sendFrame
                0x01003318       0xaa ./Sources/can.o
                0x01003318                CAN_sendFrame
 *fill*         0x010033c2        0x2 
 .text.DevAssert
                0x010033c4       0x38 ./SDK/rtos/osif/osif_baremetal.o
 .text.osif_Tick
                0x010033fc       0x28 ./SDK/rtos/osif/osif_baremetal.o
 .text.osif_GetCurrentTickCount
                0x01003424       0x1e ./SDK/rtos/osif/osif_baremetal.o
 *fill*         0x01003442        0x2 
 .text.PIT_Ch15_IRQHandler
                0x01003444       0x2c ./SDK/rtos/osif/osif_baremetal.o
                0x01003444                PIT_Ch15_IRQHandler
 .text.osif_UpdateTickConfig
                0x01003470       0xb6 ./SDK/rtos/osif/osif_baremetal.o
 *fill*         0x01003526        0x2 
 .text.osif_DisableIrqGlobal
                0x01003528       0x22 ./SDK/rtos/osif/osif_baremetal.o
 *fill*         0x0100354a        0x2 
 .text.osif_EnableIrqGlobal
                0x0100354c       0x22 ./SDK/rtos/osif/osif_baremetal.o
 *fill*         0x0100356e        0x2 
 .text.OSIF_SemaWait
                0x01003570      0x11e ./SDK/rtos/osif/osif_baremetal.o
                0x01003570                OSIF_SemaWait
 *fill*         0x0100368e        0x2 
 .text.OSIF_SemaPost
                0x01003690       0x82 ./SDK/rtos/osif/osif_baremetal.o
                0x01003690                OSIF_SemaPost
 *fill*         0x01003712        0x2 
 .text.OSIF_SemaCreate
                0x01003714       0x52 ./SDK/rtos/osif/osif_baremetal.o
                0x01003714                OSIF_SemaCreate
 *fill*         0x01003766        0x2 
 .text.OSIF_SemaDestroy
                0x01003768       0x40 ./SDK/rtos/osif/osif_baremetal.o
                0x01003768                OSIF_SemaDestroy
 .text.DevAssert
                0x010037a8       0x38 ./SDK/platform/pal/can/src/can_pal.o
 .text.CAN_AllocateState
                0x010037e0       0xa2 ./SDK/platform/pal/can/src/can_pal.o
 *fill*         0x01003882        0x2 
 .text.CAN_GetVirtualBuffIdx
                0x01003884       0x22 ./SDK/platform/pal/can/src/can_pal.o
 *fill*         0x010038a6        0x2 
 .text.CAN_InternalCallback
                0x010038a8      0x12e ./SDK/platform/pal/can/src/can_pal.o
 *fill*         0x010039d6        0x2 
 .text.CAN_Init
                0x010039d8      0x236 ./SDK/platform/pal/can/src/can_pal.o
                0x010039d8                CAN_Init
 *fill*         0x01003c0e        0x2 
 .text.CAN_ConfigTxBuff
                0x01003c10      0x1a0 ./SDK/platform/pal/can/src/can_pal.o
                0x01003c10                CAN_ConfigTxBuff
 .text.CAN_ConfigRxBuff
                0x01003db0      0x1a2 ./SDK/platform/pal/can/src/can_pal.o
                0x01003db0                CAN_ConfigRxBuff
 *fill*         0x01003f52        0x2 
 .text.CAN_SendBlocking
                0x01003f54      0x20e ./SDK/platform/pal/can/src/can_pal.o
                0x01003f54                CAN_SendBlocking
 *fill*         0x01004162        0x2 
 .text.CAN_Receive
                0x01004164      0x118 ./SDK/platform/pal/can/src/can_pal.o
                0x01004164                CAN_Receive
 .text.CAN_SetRxFilter
                0x0100427c       0xe4 ./SDK/platform/pal/can/src/can_pal.o
                0x0100427c                CAN_SetRxFilter
 .text.CAN_InstallEventCallback
                0x01004360       0x68 ./SDK/platform/pal/can/src/can_pal.o
                0x01004360                CAN_InstallEventCallback
 .text.DevAssert
                0x010043c8       0x38 ./SDK/platform/drivers/src/pins/pins_siul2_hw_access.o
 .text.PINS_Init
                0x01004400      0x2e0 ./SDK/platform/drivers/src/pins/pins_siul2_hw_access.o
                0x01004400                PINS_Init
 .text.REV_BIT_16
                0x010046e0       0x94 ./SDK/platform/drivers/src/pins/pins_driver.o
 .text.PINS_GPIO_SetPins
                0x01004774       0x42 ./SDK/platform/drivers/src/pins/pins_driver.o
 *fill*         0x010047b6        0x2 
 .text.PINS_GPIO_TogglePins
                0x010047b8       0x44 ./SDK/platform/drivers/src/pins/pins_driver.o
 .text.PINS_DRV_Init
                0x010047fc       0x84 ./SDK/platform/drivers/src/pins/pins_driver.o
                0x010047fc                PINS_DRV_Init
 .text.PINS_DRV_SetPins
                0x01004880       0x30 ./SDK/platform/drivers/src/pins/pins_driver.o
                0x01004880                PINS_DRV_SetPins
 .text.PINS_DRV_TogglePins
                0x010048b0       0x30 ./SDK/platform/drivers/src/pins/pins_driver.o
                0x010048b0                PINS_DRV_TogglePins
 .text.DevAssert
                0x010048e0       0x38 ./SDK/platform/drivers/src/interrupt/interrupt_manager_MPC57xx.o
 .text.INT_SYS_EnableIRQOnCore
                0x01004918      0x106 ./SDK/platform/drivers/src/interrupt/interrupt_manager_MPC57xx.o
 *fill*         0x01004a1e        0x2 
 .text.INT_SYS_EnableIRQ
                0x01004a20       0x90 ./SDK/platform/drivers/src/interrupt/interrupt_manager_MPC57xx.o
                0x01004a20                INT_SYS_EnableIRQ
 .text.INT_SYS_EnableIRQGlobal
                0x01004ab0       0x68 ./SDK/platform/drivers/src/interrupt/interrupt_manager_MPC57xx.o
                0x01004ab0                INT_SYS_EnableIRQGlobal
 .text.INT_SYS_DisableIRQGlobal
                0x01004b18       0x2c ./SDK/platform/drivers/src/interrupt/interrupt_manager_MPC57xx.o
                0x01004b18                INT_SYS_DisableIRQGlobal
 .text.CAN0_ORed_IRQHandler
                0x01004b44       0x24 ./SDK/platform/drivers/src/flexcan/flexcan_irq.o
                0x01004b44                CAN0_ORed_IRQHandler
 .text.CAN0_Error_IRQHandler
                0x01004b68       0x24 ./SDK/platform/drivers/src/flexcan/flexcan_irq.o
                0x01004b68                CAN0_Error_IRQHandler
 .text.CAN0_Wake_Up_IRQHandler
                0x01004b8c       0x24 ./SDK/platform/drivers/src/flexcan/flexcan_irq.o
                0x01004b8c                CAN0_Wake_Up_IRQHandler
 .text.CAN0_ORed_00_03_MB_IRQHandler
                0x01004bb0       0x24 ./SDK/platform/drivers/src/flexcan/flexcan_irq.o
                0x01004bb0                CAN0_ORed_00_03_MB_IRQHandler
 .text.CAN0_ORed_04_07_MB_IRQHandler
                0x01004bd4       0x24 ./SDK/platform/drivers/src/flexcan/flexcan_irq.o
                0x01004bd4                CAN0_ORed_04_07_MB_IRQHandler
 .text.CAN0_ORed_08_11_MB_IRQHandler
                0x01004bf8       0x24 ./SDK/platform/drivers/src/flexcan/flexcan_irq.o
                0x01004bf8                CAN0_ORed_08_11_MB_IRQHandler
 .text.CAN0_ORed_12_15_MB_IRQHandler
                0x01004c1c       0x24 ./SDK/platform/drivers/src/flexcan/flexcan_irq.o
                0x01004c1c                CAN0_ORed_12_15_MB_IRQHandler
 .text.CAN0_ORed_16_31_MB_IRQHandler
                0x01004c40       0x24 ./SDK/platform/drivers/src/flexcan/flexcan_irq.o
                0x01004c40                CAN0_ORed_16_31_MB_IRQHandler
 .text.CAN0_ORed_32_63_MB_IRQHandler
                0x01004c64       0x24 ./SDK/platform/drivers/src/flexcan/flexcan_irq.o
                0x01004c64                CAN0_ORed_32_63_MB_IRQHandler
 .text.CAN0_ORed_64_95_MB_IRQHandler
                0x01004c88       0x24 ./SDK/platform/drivers/src/flexcan/flexcan_irq.o
                0x01004c88                CAN0_ORed_64_95_MB_IRQHandler
 .text.CAN1_ORed_IRQHandler
                0x01004cac       0x24 ./SDK/platform/drivers/src/flexcan/flexcan_irq.o
                0x01004cac                CAN1_ORed_IRQHandler
 .text.CAN1_Error_IRQHandler
                0x01004cd0       0x24 ./SDK/platform/drivers/src/flexcan/flexcan_irq.o
                0x01004cd0                CAN1_Error_IRQHandler
 .text.CAN1_ORed_00_03_MB_IRQHandler
                0x01004cf4       0x24 ./SDK/platform/drivers/src/flexcan/flexcan_irq.o
                0x01004cf4                CAN1_ORed_00_03_MB_IRQHandler
 .text.CAN1_ORed_04_07_MB_IRQHandler
                0x01004d18       0x24 ./SDK/platform/drivers/src/flexcan/flexcan_irq.o
                0x01004d18                CAN1_ORed_04_07_MB_IRQHandler
 .text.CAN1_ORed_08_11_MB_IRQHandler
                0x01004d3c       0x24 ./SDK/platform/drivers/src/flexcan/flexcan_irq.o
                0x01004d3c                CAN1_ORed_08_11_MB_IRQHandler
 .text.CAN1_ORed_12_15_MB_IRQHandler
                0x01004d60       0x24 ./SDK/platform/drivers/src/flexcan/flexcan_irq.o
                0x01004d60                CAN1_ORed_12_15_MB_IRQHandler
 .text.CAN1_ORed_16_31_MB_IRQHandler
                0x01004d84       0x24 ./SDK/platform/drivers/src/flexcan/flexcan_irq.o
                0x01004d84                CAN1_ORed_16_31_MB_IRQHandler
 .text.CAN1_ORed_32_63_MB_IRQHandler
                0x01004da8       0x24 ./SDK/platform/drivers/src/flexcan/flexcan_irq.o
                0x01004da8                CAN1_ORed_32_63_MB_IRQHandler
 .text.CAN1_ORed_64_95_MB_IRQHandler
                0x01004dcc       0x24 ./SDK/platform/drivers/src/flexcan/flexcan_irq.o
                0x01004dcc                CAN1_ORed_64_95_MB_IRQHandler
 .text.CAN2_ORed_IRQHandler
                0x01004df0       0x24 ./SDK/platform/drivers/src/flexcan/flexcan_irq.o
                0x01004df0                CAN2_ORed_IRQHandler
 .text.CAN2_Error_IRQHandler
                0x01004e14       0x24 ./SDK/platform/drivers/src/flexcan/flexcan_irq.o
                0x01004e14                CAN2_Error_IRQHandler
 .text.CAN2_ORed_00_03_MB_IRQHandler
                0x01004e38       0x24 ./SDK/platform/drivers/src/flexcan/flexcan_irq.o
                0x01004e38                CAN2_ORed_00_03_MB_IRQHandler
 .text.CAN2_ORed_04_07_MB_IRQHandler
                0x01004e5c       0x24 ./SDK/platform/drivers/src/flexcan/flexcan_irq.o
                0x01004e5c                CAN2_ORed_04_07_MB_IRQHandler
 .text.CAN2_ORed_08_11_MB_IRQHandler
                0x01004e80       0x24 ./SDK/platform/drivers/src/flexcan/flexcan_irq.o
                0x01004e80                CAN2_ORed_08_11_MB_IRQHandler
 .text.CAN2_ORed_12_15_MB_IRQHandler
                0x01004ea4       0x24 ./SDK/platform/drivers/src/flexcan/flexcan_irq.o
                0x01004ea4                CAN2_ORed_12_15_MB_IRQHandler
 .text.CAN2_ORed_16_31_MB_IRQHandler
                0x01004ec8       0x24 ./SDK/platform/drivers/src/flexcan/flexcan_irq.o
                0x01004ec8                CAN2_ORed_16_31_MB_IRQHandler
 .text.CAN2_ORed_32_63_MB_IRQHandler
                0x01004eec       0x24 ./SDK/platform/drivers/src/flexcan/flexcan_irq.o
                0x01004eec                CAN2_ORed_32_63_MB_IRQHandler
 .text.CAN2_ORed_64_95_MB_IRQHandler
                0x01004f10       0x24 ./SDK/platform/drivers/src/flexcan/flexcan_irq.o
                0x01004f10                CAN2_ORed_64_95_MB_IRQHandler
 .text.CAN3_ORed_IRQHandler
                0x01004f34       0x24 ./SDK/platform/drivers/src/flexcan/flexcan_irq.o
                0x01004f34                CAN3_ORed_IRQHandler
 .text.CAN3_Error_IRQHandler
                0x01004f58       0x24 ./SDK/platform/drivers/src/flexcan/flexcan_irq.o
                0x01004f58                CAN3_Error_IRQHandler
 .text.CAN3_ORed_00_03_MB_IRQHandler
                0x01004f7c       0x24 ./SDK/platform/drivers/src/flexcan/flexcan_irq.o
                0x01004f7c                CAN3_ORed_00_03_MB_IRQHandler
 .text.CAN3_ORed_04_07_MB_IRQHandler
                0x01004fa0       0x24 ./SDK/platform/drivers/src/flexcan/flexcan_irq.o
                0x01004fa0                CAN3_ORed_04_07_MB_IRQHandler
 .text.CAN3_ORed_08_11_MB_IRQHandler
                0x01004fc4       0x24 ./SDK/platform/drivers/src/flexcan/flexcan_irq.o
                0x01004fc4                CAN3_ORed_08_11_MB_IRQHandler
 .text.CAN3_ORed_12_15_MB_IRQHandler
                0x01004fe8       0x24 ./SDK/platform/drivers/src/flexcan/flexcan_irq.o
                0x01004fe8                CAN3_ORed_12_15_MB_IRQHandler
 .text.CAN3_ORed_16_31_MB_IRQHandler
                0x0100500c       0x24 ./SDK/platform/drivers/src/flexcan/flexcan_irq.o
                0x0100500c                CAN3_ORed_16_31_MB_IRQHandler
 .text.CAN3_ORed_32_63_MB_IRQHandler
                0x01005030       0x24 ./SDK/platform/drivers/src/flexcan/flexcan_irq.o
                0x01005030                CAN3_ORed_32_63_MB_IRQHandler
 .text.CAN3_ORed_64_95_MB_IRQHandler
                0x01005054       0x24 ./SDK/platform/drivers/src/flexcan/flexcan_irq.o
                0x01005054                CAN3_ORed_64_95_MB_IRQHandler
 .text.CAN4_ORed_IRQHandler
                0x01005078       0x24 ./SDK/platform/drivers/src/flexcan/flexcan_irq.o
                0x01005078                CAN4_ORed_IRQHandler
 .text.CAN4_Error_IRQHandler
                0x0100509c       0x24 ./SDK/platform/drivers/src/flexcan/flexcan_irq.o
                0x0100509c                CAN4_Error_IRQHandler
 .text.CAN4_ORed_00_03_MB_IRQHandler
                0x010050c0       0x24 ./SDK/platform/drivers/src/flexcan/flexcan_irq.o
                0x010050c0                CAN4_ORed_00_03_MB_IRQHandler
 .text.CAN4_ORed_04_07_MB_IRQHandler
                0x010050e4       0x24 ./SDK/platform/drivers/src/flexcan/flexcan_irq.o
                0x010050e4                CAN4_ORed_04_07_MB_IRQHandler
 .text.CAN4_ORed_08_11_MB_IRQHandler
                0x01005108       0x24 ./SDK/platform/drivers/src/flexcan/flexcan_irq.o
                0x01005108                CAN4_ORed_08_11_MB_IRQHandler
 .text.CAN4_ORed_12_15_MB_IRQHandler
                0x0100512c       0x24 ./SDK/platform/drivers/src/flexcan/flexcan_irq.o
                0x0100512c                CAN4_ORed_12_15_MB_IRQHandler
 .text.CAN4_ORed_16_31_MB_IRQHandler
                0x01005150       0x24 ./SDK/platform/drivers/src/flexcan/flexcan_irq.o
                0x01005150                CAN4_ORed_16_31_MB_IRQHandler
 .text.CAN4_ORed_32_63_MB_IRQHandler
                0x01005174       0x24 ./SDK/platform/drivers/src/flexcan/flexcan_irq.o
                0x01005174                CAN4_ORed_32_63_MB_IRQHandler
 .text.CAN4_ORed_64_95_MB_IRQHandler
                0x01005198       0x24 ./SDK/platform/drivers/src/flexcan/flexcan_irq.o
                0x01005198                CAN4_ORed_64_95_MB_IRQHandler
 .text.CAN5_ORed_IRQHandler
                0x010051bc       0x24 ./SDK/platform/drivers/src/flexcan/flexcan_irq.o
                0x010051bc                CAN5_ORed_IRQHandler
 .text.CAN5_Error_IRQHandler
                0x010051e0       0x24 ./SDK/platform/drivers/src/flexcan/flexcan_irq.o
                0x010051e0                CAN5_Error_IRQHandler
 .text.CAN5_ORed_00_03_MB_IRQHandler
                0x01005204       0x24 ./SDK/platform/drivers/src/flexcan/flexcan_irq.o
                0x01005204                CAN5_ORed_00_03_MB_IRQHandler
 .text.CAN5_ORed_04_07_MB_IRQHandler
                0x01005228       0x24 ./SDK/platform/drivers/src/flexcan/flexcan_irq.o
                0x01005228                CAN5_ORed_04_07_MB_IRQHandler
 .text.CAN5_ORed_08_11_MB_IRQHandler
                0x0100524c       0x24 ./SDK/platform/drivers/src/flexcan/flexcan_irq.o
                0x0100524c                CAN5_ORed_08_11_MB_IRQHandler
 .text.CAN5_ORed_12_15_MB_IRQHandler
                0x01005270       0x24 ./SDK/platform/drivers/src/flexcan/flexcan_irq.o
                0x01005270                CAN5_ORed_12_15_MB_IRQHandler
 .text.CAN5_ORed_16_31_MB_IRQHandler
                0x01005294       0x24 ./SDK/platform/drivers/src/flexcan/flexcan_irq.o
                0x01005294                CAN5_ORed_16_31_MB_IRQHandler
 .text.CAN5_ORed_32_63_MB_IRQHandler
                0x010052b8       0x24 ./SDK/platform/drivers/src/flexcan/flexcan_irq.o
                0x010052b8                CAN5_ORed_32_63_MB_IRQHandler
 .text.CAN5_ORed_64_95_MB_IRQHandler
                0x010052dc       0x24 ./SDK/platform/drivers/src/flexcan/flexcan_irq.o
                0x010052dc                CAN5_ORed_64_95_MB_IRQHandler
 .text.CAN6_ORed_IRQHandler
                0x01005300       0x24 ./SDK/platform/drivers/src/flexcan/flexcan_irq.o
                0x01005300                CAN6_ORed_IRQHandler
 .text.CAN6_Error_IRQHandler
                0x01005324       0x24 ./SDK/platform/drivers/src/flexcan/flexcan_irq.o
                0x01005324                CAN6_Error_IRQHandler
 .text.CAN6_ORed_00_03_MB_IRQHandler
                0x01005348       0x24 ./SDK/platform/drivers/src/flexcan/flexcan_irq.o
                0x01005348                CAN6_ORed_00_03_MB_IRQHandler
 .text.CAN6_ORed_04_07_MB_IRQHandler
                0x0100536c       0x24 ./SDK/platform/drivers/src/flexcan/flexcan_irq.o
                0x0100536c                CAN6_ORed_04_07_MB_IRQHandler
 .text.CAN6_ORed_08_11_MB_IRQHandler
                0x01005390       0x24 ./SDK/platform/drivers/src/flexcan/flexcan_irq.o
                0x01005390                CAN6_ORed_08_11_MB_IRQHandler
 .text.CAN6_ORed_12_15_MB_IRQHandler
                0x010053b4       0x24 ./SDK/platform/drivers/src/flexcan/flexcan_irq.o
                0x010053b4                CAN6_ORed_12_15_MB_IRQHandler
 .text.CAN6_ORed_16_31_MB_IRQHandler
                0x010053d8       0x24 ./SDK/platform/drivers/src/flexcan/flexcan_irq.o
                0x010053d8                CAN6_ORed_16_31_MB_IRQHandler
 .text.CAN6_ORed_32_63_MB_IRQHandler
                0x010053fc       0x24 ./SDK/platform/drivers/src/flexcan/flexcan_irq.o
                0x010053fc                CAN6_ORed_32_63_MB_IRQHandler
 .text.CAN6_ORed_64_95_MB_IRQHandler
                0x01005420       0x24 ./SDK/platform/drivers/src/flexcan/flexcan_irq.o
                0x01005420                CAN6_ORed_64_95_MB_IRQHandler
 .text.CAN7_ORed_IRQHandler
                0x01005444       0x24 ./SDK/platform/drivers/src/flexcan/flexcan_irq.o
                0x01005444                CAN7_ORed_IRQHandler
 .text.CAN7_Error_IRQHandler
                0x01005468       0x24 ./SDK/platform/drivers/src/flexcan/flexcan_irq.o
                0x01005468                CAN7_Error_IRQHandler
 .text.CAN7_ORed_00_03_MB_IRQHandler
                0x0100548c       0x24 ./SDK/platform/drivers/src/flexcan/flexcan_irq.o
                0x0100548c                CAN7_ORed_00_03_MB_IRQHandler
 .text.CAN7_ORed_04_07_MB_IRQHandler
                0x010054b0       0x24 ./SDK/platform/drivers/src/flexcan/flexcan_irq.o
                0x010054b0                CAN7_ORed_04_07_MB_IRQHandler
 .text.CAN7_ORed_08_11_MB_IRQHandler
                0x010054d4       0x24 ./SDK/platform/drivers/src/flexcan/flexcan_irq.o
                0x010054d4                CAN7_ORed_08_11_MB_IRQHandler
 .text.CAN7_ORed_12_15_MB_IRQHandler
                0x010054f8       0x24 ./SDK/platform/drivers/src/flexcan/flexcan_irq.o
                0x010054f8                CAN7_ORed_12_15_MB_IRQHandler
 .text.CAN7_ORed_16_31_MB_IRQHandler
                0x0100551c       0x24 ./SDK/platform/drivers/src/flexcan/flexcan_irq.o
                0x0100551c                CAN7_ORed_16_31_MB_IRQHandler
 .text.CAN7_ORed_32_63_MB_IRQHandler
                0x01005540       0x24 ./SDK/platform/drivers/src/flexcan/flexcan_irq.o
                0x01005540                CAN7_ORed_32_63_MB_IRQHandler
 .text.CAN7_ORed_64_95_MB_IRQHandler
                0x01005564       0x24 ./SDK/platform/drivers/src/flexcan/flexcan_irq.o
                0x01005564                CAN7_ORed_64_95_MB_IRQHandler
 .text.DevAssert
                0x01005588       0x38 ./SDK/platform/drivers/src/flexcan/flexcan_hw_access.o
 .text.FLEXCAN_IsFDEnabled
                0x010055c0       0x36 ./SDK/platform/drivers/src/flexcan/flexcan_hw_access.o
 *fill*         0x010055f6        0x2 
 .text.FLEXCAN_IsRxFifoEnabled
                0x010055f8       0x36 ./SDK/platform/drivers/src/flexcan/flexcan_hw_access.o
 *fill*         0x0100562e        0x2 
 .text.RxFifoOcuppiedLastMsgBuff
                0x01005630       0x22 ./SDK/platform/drivers/src/flexcan/flexcan_hw_access.o
 *fill*         0x01005652        0x2 
 .text.FLEXCAN_GetMsgBuffRegion
                0x01005654       0x94 ./SDK/platform/drivers/src/flexcan/flexcan_hw_access.o
 .text.FLEXCAN_ComputeDLCValue
                0x010056e8      0x210 ./SDK/platform/drivers/src/flexcan/flexcan_hw_access.o
 .text.FLEXCAN_ComputePayloadSize
                0x010058f8       0xc6 ./SDK/platform/drivers/src/flexcan/flexcan_hw_access.o
 *fill*         0x010059be        0x2 
 .text.FLEXCAN_GetMaxMbNum
                0x010059c0       0xdc ./SDK/platform/drivers/src/flexcan/flexcan_hw_access.o
 .text.FLEXCAN_ClearRAM
                0x01005a9c       0xac ./SDK/platform/drivers/src/flexcan/flexcan_hw_access.o
 .text.FLEXCAN_Enable
                0x01005b48       0x7c ./SDK/platform/drivers/src/flexcan/flexcan_hw_access.o
                0x01005b48                FLEXCAN_Enable
 .text.FLEXCAN_Disable
                0x01005bc4       0x5e ./SDK/platform/drivers/src/flexcan/flexcan_hw_access.o
                0x01005bc4                FLEXCAN_Disable
 *fill*         0x01005c22        0x2 
 .text.FLEXCAN_Init
                0x01005c24       0x8e ./SDK/platform/drivers/src/flexcan/flexcan_hw_access.o
                0x01005c24                FLEXCAN_Init
 *fill*         0x01005cb2        0x2 
 .text.FLEXCAN_SetTxMsgBuff
                0x01005cb4      0x3d4 ./SDK/platform/drivers/src/flexcan/flexcan_hw_access.o
                0x01005cb4                FLEXCAN_SetTxMsgBuff
 .text.FLEXCAN_SetRxMsgBuff
                0x01006088      0x1c6 ./SDK/platform/drivers/src/flexcan/flexcan_hw_access.o
                0x01006088                FLEXCAN_SetRxMsgBuff
 *fill*         0x0100624e        0x2 
 .text.FLEXCAN_GetMsgBuff
                0x01006250      0x21a ./SDK/platform/drivers/src/flexcan/flexcan_hw_access.o
                0x01006250                FLEXCAN_GetMsgBuff
 *fill*         0x0100646a        0x2 
 .text.FLEXCAN_LockRxMsgBuff
                0x0100646c       0x74 ./SDK/platform/drivers/src/flexcan/flexcan_hw_access.o
                0x0100646c                FLEXCAN_LockRxMsgBuff
 .text.FLEXCAN_EnableRxFifo
                0x010064e0       0xc8 ./SDK/platform/drivers/src/flexcan/flexcan_hw_access.o
                0x010064e0                FLEXCAN_EnableRxFifo
 .text.FLEXCAN_SetMaxMsgBuffNum
                0x010065a8      0x150 ./SDK/platform/drivers/src/flexcan/flexcan_hw_access.o
                0x010065a8                FLEXCAN_SetMaxMsgBuffNum
 .text.FLEXCAN_SetRxFifoFilter
                0x010066f8      0x3d6 ./SDK/platform/drivers/src/flexcan/flexcan_hw_access.o
                0x010066f8                FLEXCAN_SetRxFifoFilter
 *fill*         0x01006ace        0x2 
 .text.FLEXCAN_SetMsgBuffIntCmd
                0x01006ad0      0x188 ./SDK/platform/drivers/src/flexcan/flexcan_hw_access.o
                0x01006ad0                FLEXCAN_SetMsgBuffIntCmd
 .text.FLEXCAN_SetErrIntCmd
                0x01006c58       0x9c ./SDK/platform/drivers/src/flexcan/flexcan_hw_access.o
                0x01006c58                FLEXCAN_SetErrIntCmd
 .text.FLEXCAN_ExitFreezeMode
                0x01006cf4       0x50 ./SDK/platform/drivers/src/flexcan/flexcan_hw_access.o
                0x01006cf4                FLEXCAN_ExitFreezeMode
 .text.FLEXCAN_EnterFreezeMode
                0x01006d44       0x50 ./SDK/platform/drivers/src/flexcan/flexcan_hw_access.o
                0x01006d44                FLEXCAN_EnterFreezeMode
 .text.FLEXCAN_ClearErrIntStatusFlag
                0x01006d94       0x38 ./SDK/platform/drivers/src/flexcan/flexcan_hw_access.o
                0x01006d94                FLEXCAN_ClearErrIntStatusFlag
 .text.FLEXCAN_ReadRxFifo
                0x01006dcc      0x10e ./SDK/platform/drivers/src/flexcan/flexcan_hw_access.o
                0x01006dcc                FLEXCAN_ReadRxFifo
 *fill*         0x01006eda        0x2 
 .text.FLEXCAN_SetOperationMode
                0x01006edc      0x104 ./SDK/platform/drivers/src/flexcan/flexcan_hw_access.o
                0x01006edc                FLEXCAN_SetOperationMode
 .text.FLEXCAN_SetPayloadSize
                0x01006fe0       0xce ./SDK/platform/drivers/src/flexcan/flexcan_hw_access.o
                0x01006fe0                FLEXCAN_SetPayloadSize
 *fill*         0x010070ae        0x2 
 .text.FLEXCAN_GetPayloadSize
                0x010070b0       0x68 ./SDK/platform/drivers/src/flexcan/flexcan_hw_access.o
                0x010070b0                FLEXCAN_GetPayloadSize
 .text.DevAssert
                0x01007118       0x38 ./SDK/platform/drivers/src/flexcan/flexcan_driver.o
 .text.FLEXCAN_SelectClock
                0x01007150       0x2e ./SDK/platform/drivers/src/flexcan/flexcan_driver.o
 *fill*         0x0100717e        0x2 
 .text.FLEXCAN_SetTimeSegments
                0x01007180       0x88 ./SDK/platform/drivers/src/flexcan/flexcan_driver.o
 .text.FLEXCAN_SetExtendedTimeSegments
                0x01007208       0x92 ./SDK/platform/drivers/src/flexcan/flexcan_driver.o
 *fill*         0x0100729a        0x2 
 .text.FLEXCAN_SetFDTimeSegments
                0x0100729c       0x98 ./SDK/platform/drivers/src/flexcan/flexcan_driver.o
 .text.FLEXCAN_SetFDEnabled
                0x01007334       0x7a ./SDK/platform/drivers/src/flexcan/flexcan_driver.o
 *fill*         0x010073ae        0x2 
 .text.FLEXCAN_IsFDEnabled
                0x010073b0       0x36 ./SDK/platform/drivers/src/flexcan/flexcan_driver.o
 *fill*         0x010073e6        0x2 
 .text.FLEXCAN_UnlockRxMsgBuff
                0x010073e8       0x1a ./SDK/platform/drivers/src/flexcan/flexcan_driver.o
 *fill*         0x01007402        0x2 
 .text.FLEXCAN_IsRxFifoEnabled
                0x01007404       0x36 ./SDK/platform/drivers/src/flexcan/flexcan_driver.o
 *fill*         0x0100743a        0x2 
 .text.FLEXCAN_GetMaxMsgBuffNum
                0x0100743c       0x20 ./SDK/platform/drivers/src/flexcan/flexcan_driver.o
 .text.FLEXCAN_GetMsgBuffIntStatusFlag
                0x0100745c       0xde ./SDK/platform/drivers/src/flexcan/flexcan_driver.o
 *fill*         0x0100753a        0x2 
 .text.FLEXCAN_ClearMsgBuffIntStatusFlag
                0x0100753c       0x9c ./SDK/platform/drivers/src/flexcan/flexcan_driver.o
 .text.FLEXCAN_SetRxMaskType
                0x010075d8       0x4c ./SDK/platform/drivers/src/flexcan/flexcan_driver.o
 .text.FLEXCAN_SetRxIndividualStdMask
                0x01007624       0x32 ./SDK/platform/drivers/src/flexcan/flexcan_driver.o
 *fill*         0x01007656        0x2 
 .text.FLEXCAN_SetRxIndividualExtMask
                0x01007658       0x30 ./SDK/platform/drivers/src/flexcan/flexcan_driver.o
 .text.FLEXCAN_SetStuffBitCount
                0x01007688       0x1a ./SDK/platform/drivers/src/flexcan/flexcan_driver.o
 *fill*         0x010076a2        0x2 
 .text.FLEXCAN_SetSelfReception
                0x010076a4       0x4a ./SDK/platform/drivers/src/flexcan/flexcan_driver.o
 *fill*         0x010076ee        0x2 
 .text.FLEXCAN_SetRxFifoDMA
                0x010076f0       0x4a ./SDK/platform/drivers/src/flexcan/flexcan_driver.o
 *fill*         0x0100773a        0x2 
 .text.FLEXCAN_IsPNEnabled
                0x0100773c       0x36 ./SDK/platform/drivers/src/flexcan/flexcan_driver.o
 *fill*         0x01007772        0x2 
 .text.FLEXCAN_GetWTOF
                0x01007774       0x26 ./SDK/platform/drivers/src/flexcan/flexcan_driver.o
 *fill*         0x0100779a        0x2 
 .text.FLEXCAN_ClearWTOF
                0x0100779c       0x26 ./SDK/platform/drivers/src/flexcan/flexcan_driver.o
 *fill*         0x010077c2        0x2 
 .text.FLEXCAN_GetWUMF
                0x010077c4       0x26 ./SDK/platform/drivers/src/flexcan/flexcan_driver.o
 *fill*         0x010077ea        0x2 
 .text.FLEXCAN_ClearWUMF
                0x010077ec       0x26 ./SDK/platform/drivers/src/flexcan/flexcan_driver.o
 *fill*         0x01007812        0x2 
 .text.FLEXCAN_IsSelfWakeUpEnabled
                0x01007814       0x36 ./SDK/platform/drivers/src/flexcan/flexcan_driver.o
 *fill*         0x0100784a        0x2 
 .text.FLEXCAN_GetWAKINT
                0x0100784c       0x22 ./SDK/platform/drivers/src/flexcan/flexcan_driver.o
 *fill*         0x0100786e        0x2 
 .text.FLEXCAN_ClearWAKINT
                0x01007870       0x22 ./SDK/platform/drivers/src/flexcan/flexcan_driver.o
 *fill*         0x01007892        0x2 
 .text.FLEXCAN_DRV_SetRxMaskType
                0x01007894       0x72 ./SDK/platform/drivers/src/flexcan/flexcan_driver.o
                0x01007894                FLEXCAN_DRV_SetRxMaskType
 *fill*         0x01007906        0x2 
 .text.FLEXCAN_DRV_SetRxIndividualMask
                0x01007908       0xf8 ./SDK/platform/drivers/src/flexcan/flexcan_driver.o
                0x01007908                FLEXCAN_DRV_SetRxIndividualMask
 .text.FLEXCAN_DRV_Init
                0x01007a00      0x494 ./SDK/platform/drivers/src/flexcan/flexcan_driver.o
                0x01007a00                FLEXCAN_DRV_Init
 .text.FLEXCAN_DRV_ConfigTxMb
                0x01007e94       0xd4 ./SDK/platform/drivers/src/flexcan/flexcan_driver.o
                0x01007e94                FLEXCAN_DRV_ConfigTxMb
 .text.FLEXCAN_DRV_SendBlocking
                0x01007f68      0x156 ./SDK/platform/drivers/src/flexcan/flexcan_driver.o
                0x01007f68                FLEXCAN_DRV_SendBlocking
 *fill*         0x010080be        0x2 
 .text.FLEXCAN_DRV_ConfigRxMb
                0x010080c0      0x130 ./SDK/platform/drivers/src/flexcan/flexcan_driver.o
                0x010080c0                FLEXCAN_DRV_ConfigRxMb
 .text.FLEXCAN_DRV_ConfigRxFifo
                0x010081f0       0x76 ./SDK/platform/drivers/src/flexcan/flexcan_driver.o
                0x010081f0                FLEXCAN_DRV_ConfigRxFifo
 *fill*         0x01008266        0x2 
 .text.FLEXCAN_DRV_Receive
                0x01008268       0x6c ./SDK/platform/drivers/src/flexcan/flexcan_driver.o
                0x01008268                FLEXCAN_DRV_Receive
 .text.FLEXCAN_DRV_RxFifo
                0x010082d4       0x5c ./SDK/platform/drivers/src/flexcan/flexcan_driver.o
                0x010082d4                FLEXCAN_DRV_RxFifo
 .text.FLEXCAN_IRQHandler
                0x01008330      0x356 ./SDK/platform/drivers/src/flexcan/flexcan_driver.o
                0x01008330                FLEXCAN_IRQHandler
 *fill*         0x01008686        0x2 
 .text.FLEXCAN_WakeUpHandler
                0x01008688      0x180 ./SDK/platform/drivers/src/flexcan/flexcan_driver.o
                0x01008688                FLEXCAN_WakeUpHandler
 .text.FLEXCAN_StartSendData
                0x01008808      0x1a4 ./SDK/platform/drivers/src/flexcan/flexcan_driver.o
 .text.FLEXCAN_StartRxMessageBufferData
                0x010089ac      0x130 ./SDK/platform/drivers/src/flexcan/flexcan_driver.o
 .text.FLEXCAN_StartRxMessageFifoData
                0x01008adc      0x1e6 ./SDK/platform/drivers/src/flexcan/flexcan_driver.o
 *fill*         0x01008cc2        0x2 
 .text.FLEXCAN_CompleteTransfer
                0x01008cc4       0xce ./SDK/platform/drivers/src/flexcan/flexcan_driver.o
 *fill*         0x01008d92        0x2 
 .text.FLEXCAN_CompleteRxFifoDataDMA
                0x01008d94       0x30 ./SDK/platform/drivers/src/flexcan/flexcan_driver.o
 .text.FLEXCAN_CompleteRxMessageFifoData
                0x01008dc4      0x158 ./SDK/platform/drivers/src/flexcan/flexcan_driver.o
 .text.FLEXCAN_DRV_InstallEventCallback
                0x01008f1c       0x70 ./SDK/platform/drivers/src/flexcan/flexcan_driver.o
                0x01008f1c                FLEXCAN_DRV_InstallEventCallback
 .text.EDMA_GetErrorIntStatusFlag
                0x01008f8c       0x1c ./SDK/platform/drivers/src/edma/edma_irq.o
 .text.DMA0_IRQHandler
                0x01008fa8       0x24 ./SDK/platform/drivers/src/edma/edma_irq.o
                0x01008fa8                DMA0_IRQHandler
 .text.DMA1_IRQHandler
                0x01008fcc       0x24 ./SDK/platform/drivers/src/edma/edma_irq.o
                0x01008fcc                DMA1_IRQHandler
 .text.DMA2_IRQHandler
                0x01008ff0       0x24 ./SDK/platform/drivers/src/edma/edma_irq.o
                0x01008ff0                DMA2_IRQHandler
 .text.DMA3_IRQHandler
                0x01009014       0x24 ./SDK/platform/drivers/src/edma/edma_irq.o
                0x01009014                DMA3_IRQHandler
 .text.DMA4_IRQHandler
                0x01009038       0x24 ./SDK/platform/drivers/src/edma/edma_irq.o
                0x01009038                DMA4_IRQHandler
 .text.DMA5_IRQHandler
                0x0100905c       0x24 ./SDK/platform/drivers/src/edma/edma_irq.o
                0x0100905c                DMA5_IRQHandler
 .text.DMA6_IRQHandler
                0x01009080       0x24 ./SDK/platform/drivers/src/edma/edma_irq.o
                0x01009080                DMA6_IRQHandler
 .text.DMA7_IRQHandler
                0x010090a4       0x24 ./SDK/platform/drivers/src/edma/edma_irq.o
                0x010090a4                DMA7_IRQHandler
 .text.DMA8_IRQHandler
                0x010090c8       0x24 ./SDK/platform/drivers/src/edma/edma_irq.o
                0x010090c8                DMA8_IRQHandler
 .text.DMA9_IRQHandler
                0x010090ec       0x24 ./SDK/platform/drivers/src/edma/edma_irq.o
                0x010090ec                DMA9_IRQHandler
 .text.DMA10_IRQHandler
                0x01009110       0x24 ./SDK/platform/drivers/src/edma/edma_irq.o
                0x01009110                DMA10_IRQHandler
 .text.DMA11_IRQHandler
                0x01009134       0x24 ./SDK/platform/drivers/src/edma/edma_irq.o
                0x01009134                DMA11_IRQHandler
 .text.DMA12_IRQHandler
                0x01009158       0x24 ./SDK/platform/drivers/src/edma/edma_irq.o
                0x01009158                DMA12_IRQHandler
 .text.DMA13_IRQHandler
                0x0100917c       0x24 ./SDK/platform/drivers/src/edma/edma_irq.o
                0x0100917c                DMA13_IRQHandler
 .text.DMA14_IRQHandler
                0x010091a0       0x24 ./SDK/platform/drivers/src/edma/edma_irq.o
                0x010091a0                DMA14_IRQHandler
 .text.DMA15_IRQHandler
                0x010091c4       0x24 ./SDK/platform/drivers/src/edma/edma_irq.o
                0x010091c4                DMA15_IRQHandler
 .text.DMA16_IRQHandler
                0x010091e8       0x24 ./SDK/platform/drivers/src/edma/edma_irq.o
                0x010091e8                DMA16_IRQHandler
 .text.DMA17_IRQHandler
                0x0100920c       0x24 ./SDK/platform/drivers/src/edma/edma_irq.o
                0x0100920c                DMA17_IRQHandler
 .text.DMA18_IRQHandler
                0x01009230       0x24 ./SDK/platform/drivers/src/edma/edma_irq.o
                0x01009230                DMA18_IRQHandler
 .text.DMA19_IRQHandler
                0x01009254       0x24 ./SDK/platform/drivers/src/edma/edma_irq.o
                0x01009254                DMA19_IRQHandler
 .text.DMA20_IRQHandler
                0x01009278       0x24 ./SDK/platform/drivers/src/edma/edma_irq.o
                0x01009278                DMA20_IRQHandler
 .text.DMA21_IRQHandler
                0x0100929c       0x24 ./SDK/platform/drivers/src/edma/edma_irq.o
                0x0100929c                DMA21_IRQHandler
 .text.DMA22_IRQHandler
                0x010092c0       0x24 ./SDK/platform/drivers/src/edma/edma_irq.o
                0x010092c0                DMA22_IRQHandler
 .text.DMA23_IRQHandler
                0x010092e4       0x24 ./SDK/platform/drivers/src/edma/edma_irq.o
                0x010092e4                DMA23_IRQHandler
 .text.DMA24_IRQHandler
                0x01009308       0x24 ./SDK/platform/drivers/src/edma/edma_irq.o
                0x01009308                DMA24_IRQHandler
 .text.DMA25_IRQHandler
                0x0100932c       0x24 ./SDK/platform/drivers/src/edma/edma_irq.o
                0x0100932c                DMA25_IRQHandler
 .text.DMA26_IRQHandler
                0x01009350       0x24 ./SDK/platform/drivers/src/edma/edma_irq.o
                0x01009350                DMA26_IRQHandler
 .text.DMA27_IRQHandler
                0x01009374       0x24 ./SDK/platform/drivers/src/edma/edma_irq.o
                0x01009374                DMA27_IRQHandler
 .text.DMA28_IRQHandler
                0x01009398       0x24 ./SDK/platform/drivers/src/edma/edma_irq.o
                0x01009398                DMA28_IRQHandler
 .text.DMA29_IRQHandler
                0x010093bc       0x24 ./SDK/platform/drivers/src/edma/edma_irq.o
                0x010093bc                DMA29_IRQHandler
 .text.DMA30_IRQHandler
                0x010093e0       0x24 ./SDK/platform/drivers/src/edma/edma_irq.o
                0x010093e0                DMA30_IRQHandler
 .text.DMA31_IRQHandler
                0x01009404       0x24 ./SDK/platform/drivers/src/edma/edma_irq.o
                0x01009404                DMA31_IRQHandler
 .text.DMA_Error_IRQHandler
                0x01009428       0x86 ./SDK/platform/drivers/src/edma/edma_irq.o
                0x01009428                DMA_Error_IRQHandler
 *fill*         0x010094ae        0x2 
 .text.DevAssert
                0x010094b0       0x38 ./SDK/platform/drivers/src/edma/edma_hw_access.o
 .text.EDMA_SetDmaRequestCmd
                0x010094e8       0x4c ./SDK/platform/drivers/src/edma/edma_hw_access.o
                0x010094e8                EDMA_SetDmaRequestCmd
 .text.EDMA_TCDClearReg
                0x01009534       0xf6 ./SDK/platform/drivers/src/edma/edma_hw_access.o
                0x01009534                EDMA_TCDClearReg
 *fill*         0x0100962a        0x2 
 .text.EDMA_TCDSetAttribute
                0x0100962c       0xa4 ./SDK/platform/drivers/src/edma/edma_hw_access.o
                0x0100962c                EDMA_TCDSetAttribute
 .text.EDMA_TCDSetNbytes
                0x010096d0      0x160 ./SDK/platform/drivers/src/edma/edma_hw_access.o
                0x010096d0                EDMA_TCDSetNbytes
 .text.EDMA_TCDSetMajorCount
                0x01009830      0x1a6 ./SDK/platform/drivers/src/edma/edma_hw_access.o
                0x01009830                EDMA_TCDSetMajorCount
 *fill*         0x010099d6        0x2 
 .text.DevAssert
                0x010099d8       0x38 ./SDK/platform/drivers/src/edma/edma_driver.o
 .text.EDMA_SetHaltCmd
                0x01009a10       0x58 ./SDK/platform/drivers/src/edma/edma_driver.o
 .text.EDMA_ClearErrorIntStatusFlag
                0x01009a68       0x4a ./SDK/platform/drivers/src/edma/edma_driver.o
 *fill*         0x01009ab2        0x2 
 .text.EDMA_ClearDoneStatusFlag
                0x01009ab4       0x4a ./SDK/platform/drivers/src/edma/edma_driver.o
 *fill*         0x01009afe        0x2 
 .text.EDMA_ClearIntStatusFlag
                0x01009b00       0x4a ./SDK/platform/drivers/src/edma/edma_driver.o
 *fill*         0x01009b4a        0x2 
 .text.EDMA_TCDSetSrcAddr
                0x01009b4c       0x58 ./SDK/platform/drivers/src/edma/edma_driver.o
 .text.EDMA_TCDSetSrcOffset
                0x01009ba4       0x5c ./SDK/platform/drivers/src/edma/edma_driver.o
 .text.EDMA_TCDSetDestAddr
                0x01009c00       0x58 ./SDK/platform/drivers/src/edma/edma_driver.o
 .text.EDMA_TCDSetDestOffset
                0x01009c58       0x5c ./SDK/platform/drivers/src/edma/edma_driver.o
 .text.EDMA_TCDSetMajorCompleteIntCmd
                0x01009cb4       0xac ./SDK/platform/drivers/src/edma/edma_driver.o
 .text.EDMA_DRV_InstallCallback
                0x01009d60       0xa6 ./SDK/platform/drivers/src/edma/edma_driver.o
                0x01009d60                EDMA_DRV_InstallCallback
 *fill*         0x01009e06        0x2 
 .text.EDMA_DRV_ClearIntStatus
                0x01009e08       0x54 ./SDK/platform/drivers/src/edma/edma_driver.o
 .text.EDMA_DRV_IRQHandler
                0x01009e5c       0x8e ./SDK/platform/drivers/src/edma/edma_driver.o
                0x01009e5c                EDMA_DRV_IRQHandler
 *fill*         0x01009eea        0x2 
 .text.EDMA_DRV_ErrorIRQHandler
                0x01009eec       0xce ./SDK/platform/drivers/src/edma/edma_driver.o
                0x01009eec                EDMA_DRV_ErrorIRQHandler
 *fill*         0x01009fba        0x2 
 .text.EDMA_DRV_ConfigSingleBlockTransfer
                0x01009fbc      0x266 ./SDK/platform/drivers/src/edma/edma_driver.o
                0x01009fbc                EDMA_DRV_ConfigSingleBlockTransfer
 *fill*         0x0100a222        0x2 
 .text.EDMA_DRV_StartChannel
                0x0100a224       0xc0 ./SDK/platform/drivers/src/edma/edma_driver.o
                0x0100a224                EDMA_DRV_StartChannel
 .text.EDMA_DRV_StopChannel
                0x0100a2e4       0xc0 ./SDK/platform/drivers/src/edma/edma_driver.o
                0x0100a2e4                EDMA_DRV_StopChannel
 .text.EDMA_DRV_ValidTransferSize
                0x0100a3a4       0x58 ./SDK/platform/drivers/src/edma/edma_driver.o
 .text.EDMA_DRV_GetDmaRegBaseAddr
                0x0100a3fc       0x3e ./SDK/platform/drivers/src/edma/edma_driver.o
                0x0100a3fc                EDMA_DRV_GetDmaRegBaseAddr
 *fill*         0x0100a43a        0x2 
 .text.DevAssert
                0x0100a43c       0x38 ./SDK/platform/drivers/src/clock/clock_manager.o
 .text.CLOCK_SYS_Init
                0x0100a474       0xa0 ./SDK/platform/drivers/src/clock/clock_manager.o
                0x0100a474                CLOCK_SYS_Init
 .text.CLOCK_SYS_UpdateConfiguration
                0x0100a514      0x344 ./SDK/platform/drivers/src/clock/clock_manager.o
                0x0100a514                CLOCK_SYS_UpdateConfiguration
 .text.DevAssert
                0x0100a858       0x38 ./SDK/platform/drivers/src/clock/MPC57xx/clock_MPC57xx.o
 .text.MC_ME_ChangeMode
                0x0100a890       0x3a ./SDK/platform/drivers/src/clock/MPC57xx/clock_MPC57xx.o
 *fill*         0x0100a8ca        0x2 
 .text.MC_ME_GetTransitionStatus
                0x0100a8cc       0x30 ./SDK/platform/drivers/src/clock/MPC57xx/clock_MPC57xx.o
 .text.MC_ME_SetClockSources
                0x0100a8fc      0x14c ./SDK/platform/drivers/src/clock/MPC57xx/clock_MPC57xx.o
 .text.MC_ME_SetClockSourcesInDrunMode
                0x0100aa48       0x88 ./SDK/platform/drivers/src/clock/MPC57xx/clock_MPC57xx.o
 .text.MC_ME_SetClockSourcesInRun0Mode
                0x0100aad0       0x88 ./SDK/platform/drivers/src/clock/MPC57xx/clock_MPC57xx.o
 .text.MC_ME_SetClockSourcesInRun1Mode
                0x0100ab58       0x88 ./SDK/platform/drivers/src/clock/MPC57xx/clock_MPC57xx.o
 .text.MC_ME_SetClockSourcesInRun2Mode
                0x0100abe0       0x88 ./SDK/platform/drivers/src/clock/MPC57xx/clock_MPC57xx.o
 .text.MC_ME_SetClockSourcesInRun3Mode
                0x0100ac68       0x88 ./SDK/platform/drivers/src/clock/MPC57xx/clock_MPC57xx.o
 .text.MC_ME_SetClockSourcesInSafeMode
                0x0100acf0       0x88 ./SDK/platform/drivers/src/clock/MPC57xx/clock_MPC57xx.o
 .text.MC_ME_SetClockSourcesInTestMode
                0x0100ad78       0x3c ./SDK/platform/drivers/src/clock/MPC57xx/clock_MPC57xx.o
 .text.MC_ME_SetClockSourcesInStopMode
                0x0100adb4       0x88 ./SDK/platform/drivers/src/clock/MPC57xx/clock_MPC57xx.o
 .text.MC_ME_SetClockSourcesInStandbyMode
                0x0100ae3c       0x88 ./SDK/platform/drivers/src/clock/MPC57xx/clock_MPC57xx.o
 .text.MC_ME_SetClockSourcesInHaltMode
                0x0100aec4       0x3c ./SDK/platform/drivers/src/clock/MPC57xx/clock_MPC57xx.o
 .text.MC_ME_GetCurrentSystemClock
                0x0100af00       0x1e ./SDK/platform/drivers/src/clock/MPC57xx/clock_MPC57xx.o
 *fill*         0x0100af1e        0x2 
 .text.MC_ME_GetFircStatus
                0x0100af20       0x32 ./SDK/platform/drivers/src/clock/MPC57xx/clock_MPC57xx.o
 *fill*         0x0100af52        0x2 
 .text.MC_ME_GetSircStatus
                0x0100af54       0x34 ./SDK/platform/drivers/src/clock/MPC57xx/clock_MPC57xx.o
 .text.MC_ME_GetFxoscStatus
                0x0100af88       0x34 ./SDK/platform/drivers/src/clock/MPC57xx/clock_MPC57xx.o
 .text.MC_ME_GetSxoscStatus
                0x0100afbc       0x34 ./SDK/platform/drivers/src/clock/MPC57xx/clock_MPC57xx.o
 .text.MC_ME_GetPllStatus
                0x0100aff0       0x34 ./SDK/platform/drivers/src/clock/MPC57xx/clock_MPC57xx.o
 .text.MC_ME_SetRunPeripheralConfig
                0x0100b024      0x176 ./SDK/platform/drivers/src/clock/MPC57xx/clock_MPC57xx.o
 *fill*         0x0100b19a        0x2 
 .text.MC_ME_SetLowPeripheralConfig
                0x0100b19c       0x8e ./SDK/platform/drivers/src/clock/MPC57xx/clock_MPC57xx.o
 *fill*         0x0100b22a        0x2 
 .text.MC_ME_SetPeripheralClockControl
                0x0100b22c       0x5e ./SDK/platform/drivers/src/clock/MPC57xx/clock_MPC57xx.o
 *fill*         0x0100b28a        0x2 
 .text.CGM_GetSC_DC2_Status
                0x0100b28c       0x22 ./SDK/platform/drivers/src/clock/MPC57xx/clock_MPC57xx.o
 *fill*         0x0100b2ae        0x2 
 .text.CGM_GetSC_DC3_Status
                0x0100b2b0       0x22 ./SDK/platform/drivers/src/clock/MPC57xx/clock_MPC57xx.o
 *fill*         0x0100b2d2        0x2 
 .text.CGM_GetSC_DC4_Status
                0x0100b2d4       0x22 ./SDK/platform/drivers/src/clock/MPC57xx/clock_MPC57xx.o
 *fill*         0x0100b2f6        0x2 
 .text.CGM_GetSC_DC5_Status
                0x0100b2f8       0x22 ./SDK/platform/drivers/src/clock/MPC57xx/clock_MPC57xx.o
 *fill*         0x0100b31a        0x2 
 .text.CGM_GetSC_DC2_DividerValue
                0x0100b31c       0x24 ./SDK/platform/drivers/src/clock/MPC57xx/clock_MPC57xx.o
 .text.CGM_GetSC_DC3_DividerValue
                0x0100b340       0x24 ./SDK/platform/drivers/src/clock/MPC57xx/clock_MPC57xx.o
 .text.CGM_GetSC_DC4_DividerValue
                0x0100b364       0x24 ./SDK/platform/drivers/src/clock/MPC57xx/clock_MPC57xx.o
 .text.CGM_GetSC_DC5_DividerValue
                0x0100b388       0x24 ./SDK/platform/drivers/src/clock/MPC57xx/clock_MPC57xx.o
 .text.CGM_SetAC0
                0x0100b3ac       0x18 ./SDK/platform/drivers/src/clock/MPC57xx/clock_MPC57xx.o
 .text.CGM_SetAC0_DC0
                0x0100b3c4       0x1c ./SDK/platform/drivers/src/clock/MPC57xx/clock_MPC57xx.o
 .text.CGM_SetAC0_DC1
                0x0100b3e0       0x1c ./SDK/platform/drivers/src/clock/MPC57xx/clock_MPC57xx.o
 .text.CGM_SetAC0_DC2
                0x0100b3fc       0x1c ./SDK/platform/drivers/src/clock/MPC57xx/clock_MPC57xx.o
 .text.CGM_SetAC1
                0x0100b418       0x18 ./SDK/platform/drivers/src/clock/MPC57xx/clock_MPC57xx.o
 .text.CGM_SetAC1_DC0
                0x0100b430       0x1c ./SDK/platform/drivers/src/clock/MPC57xx/clock_MPC57xx.o
 .text.CGM_SetAC1_DC1
                0x0100b44c       0x1c ./SDK/platform/drivers/src/clock/MPC57xx/clock_MPC57xx.o
 .text.CGM_SetAC2
                0x0100b468       0x26 ./SDK/platform/drivers/src/clock/MPC57xx/clock_MPC57xx.o
 *fill*         0x0100b48e        0x2 
 .text.CGM_SetAC2_DC0
                0x0100b490       0x1c ./SDK/platform/drivers/src/clock/MPC57xx/clock_MPC57xx.o
 .text.CGM_SetAC3
                0x0100b4ac       0x18 ./SDK/platform/drivers/src/clock/MPC57xx/clock_MPC57xx.o
 .text.CGM_SetAC4
                0x0100b4c4       0x26 ./SDK/platform/drivers/src/clock/MPC57xx/clock_MPC57xx.o
 *fill*         0x0100b4ea        0x2 
 .text.CGM_SetAC5
                0x0100b4ec       0x26 ./SDK/platform/drivers/src/clock/MPC57xx/clock_MPC57xx.o
 *fill*         0x0100b512        0x2 
 .text.CGM_SetAC5_DC0
                0x0100b514       0x1c ./SDK/platform/drivers/src/clock/MPC57xx/clock_MPC57xx.o
 .text.CGM_SetAC6
                0x0100b530       0x26 ./SDK/platform/drivers/src/clock/MPC57xx/clock_MPC57xx.o
 *fill*         0x0100b556        0x2 
 .text.CGM_SetAC6_DC0
                0x0100b558       0x4e ./SDK/platform/drivers/src/clock/MPC57xx/clock_MPC57xx.o
 *fill*         0x0100b5a6        0x2 
 .text.CGM_SetAC8
                0x0100b5a8       0x26 ./SDK/platform/drivers/src/clock/MPC57xx/clock_MPC57xx.o
 *fill*         0x0100b5ce        0x2 
 .text.CGM_SetAC9
                0x0100b5d0       0x26 ./SDK/platform/drivers/src/clock/MPC57xx/clock_MPC57xx.o
 *fill*         0x0100b5f6        0x2 
 .text.CGM_SetAC10
                0x0100b5f8       0x18 ./SDK/platform/drivers/src/clock/MPC57xx/clock_MPC57xx.o
 .text.CGM_SetAC10_DC0
                0x0100b610       0x1c ./SDK/platform/drivers/src/clock/MPC57xx/clock_MPC57xx.o
 .text.CGM_SetAC11
                0x0100b62c       0x18 ./SDK/platform/drivers/src/clock/MPC57xx/clock_MPC57xx.o
 .text.CGM_SetAC11_DC0
                0x0100b644       0x1c ./SDK/platform/drivers/src/clock/MPC57xx/clock_MPC57xx.o
 .text.CGM_GetAC5_SelValue
                0x0100b660       0x24 ./SDK/platform/drivers/src/clock/MPC57xx/clock_MPC57xx.o
 .text.CGM_GetAC8_SelValue
                0x0100b684       0x24 ./SDK/platform/drivers/src/clock/MPC57xx/clock_MPC57xx.o
 .text.CGM_SetClkout0
                0x0100b6a8       0x1e ./SDK/platform/drivers/src/clock/MPC57xx/clock_MPC57xx.o
 *fill*         0x0100b6c6        0x2 
 .text.CGM_SetClkout1
                0x0100b6c8       0x6c ./SDK/platform/drivers/src/clock/MPC57xx/clock_MPC57xx.o
 .text.CGM_SetSC_DC0
                0x0100b734       0x4e ./SDK/platform/drivers/src/clock/MPC57xx/clock_MPC57xx.o
 *fill*         0x0100b782        0x2 
 .text.CGM_SetSC_DC1
                0x0100b784       0x4e ./SDK/platform/drivers/src/clock/MPC57xx/clock_MPC57xx.o
 *fill*         0x0100b7d2        0x2 
 .text.CGM_SetSC_DC2
                0x0100b7d4       0x4e ./SDK/platform/drivers/src/clock/MPC57xx/clock_MPC57xx.o
 *fill*         0x0100b822        0x2 
 .text.CGM_SetSC_DC3
                0x0100b824       0x4e ./SDK/platform/drivers/src/clock/MPC57xx/clock_MPC57xx.o
 *fill*         0x0100b872        0x2 
 .text.CGM_SetSC_DC4
                0x0100b874       0x4e ./SDK/platform/drivers/src/clock/MPC57xx/clock_MPC57xx.o
 *fill*         0x0100b8c2        0x2 
 .text.CGM_SetSC_DC5
                0x0100b8c4       0x4e ./SDK/platform/drivers/src/clock/MPC57xx/clock_MPC57xx.o
 *fill*         0x0100b912        0x2 
 .text.CGM_SetSC_DC6
                0x0100b914       0x1c ./SDK/platform/drivers/src/clock/MPC57xx/clock_MPC57xx.o
 .text.CAN_SelectClock
                0x0100b930       0x2e ./SDK/platform/drivers/src/clock/MPC57xx/clock_MPC57xx.o
 *fill*         0x0100b95e        0x2 
 .text.CAN_GetClockSelection
                0x0100b960       0x22 ./SDK/platform/drivers/src/clock/MPC57xx/clock_MPC57xx.o
 *fill*         0x0100b982        0x2 
 .text.CGMCS_GetFircDividerRatio
                0x0100b984       0x22 ./SDK/platform/drivers/src/clock/MPC57xx/clock_MPC57xx.o
 *fill*         0x0100b9a6        0x2 
 .text.CGMCS_GetFxoscDividerRatio
                0x0100b9a8       0x22 ./SDK/platform/drivers/src/clock/MPC57xx/clock_MPC57xx.o
 *fill*         0x0100b9ca        0x2 
 .text.CGMCS_GetSircDividerRatio
                0x0100b9cc       0x22 ./SDK/platform/drivers/src/clock/MPC57xx/clock_MPC57xx.o
 *fill*         0x0100b9ee        0x2 
 .text.CGMCS_GetSxoscDividerRatio
                0x0100b9f0       0x22 ./SDK/platform/drivers/src/clock/MPC57xx/clock_MPC57xx.o
 *fill*         0x0100ba12        0x2 
 .text.CGMCS_SetSircDivider
                0x0100ba14       0x28 ./SDK/platform/drivers/src/clock/MPC57xx/clock_MPC57xx.o
 .text.CGMCS_SetFircDivider
                0x0100ba3c       0x28 ./SDK/platform/drivers/src/clock/MPC57xx/clock_MPC57xx.o
 .text.CGMCS_SetSxosc
                0x0100ba64       0x40 ./SDK/platform/drivers/src/clock/MPC57xx/clock_MPC57xx.o
 .text.CGMCS_SetFxosc
                0x0100baa4       0x4a ./SDK/platform/drivers/src/clock/MPC57xx/clock_MPC57xx.o
 *fill*         0x0100baee        0x2 
 .text.CGMCS_PLLDivider
                0x0100baf0       0xa0 ./SDK/platform/drivers/src/clock/MPC57xx/clock_MPC57xx.o
 .text.CGMCS_GetPllPreDividerRatio
                0x0100bb90       0x28 ./SDK/platform/drivers/src/clock/MPC57xx/clock_MPC57xx.o
 .text.CGMCS_GetPLLMultiplyFactor
                0x0100bbb8       0x26 ./SDK/platform/drivers/src/clock/MPC57xx/clock_MPC57xx.o
 *fill*         0x0100bbde        0x2 
 .text.CGMCS_GetPllFirstOutputDividerRatio
                0x0100bbe0       0x28 ./SDK/platform/drivers/src/clock/MPC57xx/clock_MPC57xx.o
 .text.CGMCS_GetPllSecondOutputDividerRatio
                0x0100bc08       0x28 ./SDK/platform/drivers/src/clock/MPC57xx/clock_MPC57xx.o
 .text.CGMCS_SetPLLDenominatorFractionalLoopDivider
                0x0100bc30       0x24 ./SDK/platform/drivers/src/clock/MPC57xx/clock_MPC57xx.o
 .text.CGMCS_GetPLLDenominatorFractionalLoopDivider
                0x0100bc54       0x22 ./SDK/platform/drivers/src/clock/MPC57xx/clock_MPC57xx.o
 *fill*         0x0100bc76        0x2 
 .text.CGMCS_SetPLLNumeratorFractionalLoopDivider
                0x0100bc78       0x22 ./SDK/platform/drivers/src/clock/MPC57xx/clock_MPC57xx.o
 *fill*         0x0100bc9a        0x2 
 .text.CGMCS_GetPLLNumeratorFractionalLoopDivider
                0x0100bc9c       0x20 ./SDK/platform/drivers/src/clock/MPC57xx/clock_MPC57xx.o
 .text.CGMCS_ConfigurePllModulation
                0x0100bcbc       0x5e ./SDK/platform/drivers/src/clock/MPC57xx/clock_MPC57xx.o
 *fill*         0x0100bd1a        0x2 
 .text.CLOCK_SYS_SetConfiguration
                0x0100bd1c       0xaa ./SDK/platform/drivers/src/clock/MPC57xx/clock_MPC57xx.o
                0x0100bd1c                CLOCK_SYS_SetConfiguration
 *fill*         0x0100bdc6        0x2 
 .text.CLOCK_SYS_GetSircFreq
                0x0100bdc8       0x70 ./SDK/platform/drivers/src/clock/MPC57xx/clock_MPC57xx.o
 .text.CLOCK_SYS_GetFircFreq
                0x0100be38       0x74 ./SDK/platform/drivers/src/clock/MPC57xx/clock_MPC57xx.o
 .text.CLOCK_SYS_GetSxoscFreq
                0x0100beac       0x74 ./SDK/platform/drivers/src/clock/MPC57xx/clock_MPC57xx.o
 .text.CLOCK_SYS_GetFxoscFreq
                0x0100bf20       0x74 ./SDK/platform/drivers/src/clock/MPC57xx/clock_MPC57xx.o
 .text.CLOCK_SYS_GetPllPhiXFreq
                0x0100bf94      0x1d6 ./SDK/platform/drivers/src/clock/MPC57xx/clock_MPC57xx.o
 *fill*         0x0100c16a        0x2 
 .text.CLOCK_SYS_GetClockSourceFreq
                0x0100c16c       0xbe ./SDK/platform/drivers/src/clock/MPC57xx/clock_MPC57xx.o
 *fill*         0x0100c22a        0x2 
 .text.CLOCK_SYS_GetSystemClockFreq
                0x0100c22c      0x28c ./SDK/platform/drivers/src/clock/MPC57xx/clock_MPC57xx.o
 .text.CLOCK_SYS_GetFlexcanClockFreq
                0x0100c4b8      0x130 ./SDK/platform/drivers/src/clock/MPC57xx/clock_MPC57xx.o
 .text.CLOCK_SYS_GetEnetClockFreq
                0x0100c5e8       0x88 ./SDK/platform/drivers/src/clock/MPC57xx/clock_MPC57xx.o
 .text.CLOCK_SYS_GetSpiClockFreq
                0x0100c670       0x84 ./SDK/platform/drivers/src/clock/MPC57xx/clock_MPC57xx.o
 .text.CLOCK_SYS_GetFreq
                0x0100c6f4      0x19a ./SDK/platform/drivers/src/clock/MPC57xx/clock_MPC57xx.o
                0x0100c6f4                CLOCK_SYS_GetFreq
 *fill*         0x0100c88e        0x2 
 .text.CLOCK_SYS_ConfigureCgmcs
                0x0100c890       0x72 ./SDK/platform/drivers/src/clock/MPC57xx/clock_MPC57xx.o
 *fill*         0x0100c902        0x2 
 .text.CLOCK_SYS_ConfigureMcMe
                0x0100c904      0x61a ./SDK/platform/drivers/src/clock/MPC57xx/clock_MPC57xx.o
 *fill*         0x0100cf1e        0x2 
 .text.CLOCK_SYS_ConfigureCgm
                0x0100cf20       0x48 ./SDK/platform/drivers/src/clock/MPC57xx/clock_MPC57xx.o
 .text.CLOCK_SYS_ConfigureModulesClk
                0x0100cf68       0xe2 ./SDK/platform/drivers/src/clock/MPC57xx/clock_MPC57xx.o
 *fill*         0x0100d04a        0x2 
 .text.CLOCK_SYS_SetIrc
                0x0100d04c       0x80 ./SDK/platform/drivers/src/clock/MPC57xx/clock_MPC57xx.o
 .text.CLOCK_SYS_SetXosc
                0x0100d0cc       0xd6 ./SDK/platform/drivers/src/clock/MPC57xx/clock_MPC57xx.o
 *fill*         0x0100d1a2        0x2 
 .text.CLOCK_SYS_SetPll
                0x0100d1a4      0x1c2 ./SDK/platform/drivers/src/clock/MPC57xx/clock_MPC57xx.o
 *fill*         0x0100d366        0x2 
 .text.CLOCK_SYS_ConfigureSystemClockDividers
                0x0100d368      0x162 ./SDK/platform/drivers/src/clock/MPC57xx/clock_MPC57xx.o
 *fill*         0x0100d4ca        0x2 
 .text.CLOCK_SYS_ConfigureAuxiliarySelectorsAndDividers
                0x0100d4cc      0x2c2 ./SDK/platform/drivers/src/clock/MPC57xx/clock_MPC57xx.o
 *fill*         0x0100d78e        0x2 
 .text.CLOCK_SYS_ConfigureClockouts
                0x0100d790       0x98 ./SDK/platform/drivers/src/clock/MPC57xx/clock_MPC57xx.o
 .text.init_data_bss
                0x0100d828      0x1d0 ./SDK/platform/devices/startup.o
                0x0100d828                init_data_bss
 .text.DevAssert
                0x0100d9f8       0x38 ./SDK/platform/devices/MPC5748G/startup/system_MPC5748G.o
 .text.SystemInit
                0x0100da30      0x196 ./SDK/platform/devices/MPC5748G/startup/system_MPC5748G.o
                0x0100da30                SystemInit
 .text.memcpy   0x0100dbc6       0x3c C:/NXP/S32DS_Power_v2017.R1/S32DS/e200_ewl2/lib/e200z4/fp\libc99.a(memcpy.o)
                0x0100dbc6                memcpy
 .text.memset   0x0100dc02       0x1a C:/NXP/S32DS_Power_v2017.R1/S32DS/e200_ewl2/lib/e200z4/fp\libc99.a(memset.o)
                0x0100dc02                memset
 .text.__fill_mem
                0x0100dc1c       0xa0 C:/NXP/S32DS_Power_v2017.R1/S32DS/e200_ewl2/lib/e200z4/fp\libc99.a(__filll_mem.o)
                0x0100dc1c                __fill_mem
 *(.init)
 .init          0x0100dcbc        0xa c:/nxp/s32ds_power_v2017.r1/cross_tools/powerpc-eabivle-4_9/bin/../lib/gcc/powerpc-eabivle/4.9.4/e200z4/fp/ecrti.o
                0x0100dcbc                __init
 .init          0x0100dcc6        0x4 c:/nxp/s32ds_power_v2017.r1/cross_tools/powerpc-eabivle-4_9/bin/../lib/gcc/powerpc-eabivle/4.9.4/e200z4/fp/crtbegin.o
 .init          0x0100dcca        0x4 c:/nxp/s32ds_power_v2017.r1/cross_tools/powerpc-eabivle-4_9/bin/../lib/gcc/powerpc-eabivle/4.9.4/e200z4/fp/crtend.o
 .init          0x0100dcce        0xa c:/nxp/s32ds_power_v2017.r1/cross_tools/powerpc-eabivle-4_9/bin/../lib/gcc/powerpc-eabivle/4.9.4/e200z4/fp/ecrtn.o
 *(.fini)
 .fini          0x0100dcd8        0xa c:/nxp/s32ds_power_v2017.r1/cross_tools/powerpc-eabivle-4_9/bin/../lib/gcc/powerpc-eabivle/4.9.4/e200z4/fp/ecrti.o
                0x0100dcd8                __fini
 .fini          0x0100dce2        0x4 c:/nxp/s32ds_power_v2017.r1/cross_tools/powerpc-eabivle-4_9/bin/../lib/gcc/powerpc-eabivle/4.9.4/e200z4/fp/crtbegin.o
 .fini          0x0100dce6        0xa c:/nxp/s32ds_power_v2017.r1/cross_tools/powerpc-eabivle-4_9/bin/../lib/gcc/powerpc-eabivle/4.9.4/e200z4/fp/ecrtn.o
                0x0100dcf0                . = ALIGN (0x10)

.glink          0x0100dcf0        0x0
 .glink         0x0100dcf0        0x0 c:/nxp/s32ds_power_v2017.r1/cross_tools/powerpc-eabivle-4_9/bin/../lib/gcc/powerpc-eabivle/4.9.4/e200z4/fp/crtbegin.o

.preinit_array  0x0100dcf0        0x0
                [!provide]                PROVIDE (__preinit_array_start, .)
 *(.preinit_array)
                [!provide]                PROVIDE (__preinit_array_end, .)

.init_array     0x0100dcf0        0x0
                [!provide]                PROVIDE (__init_array_start, .)
 *(SORT(.init_array.*))
 *(.init_array)
                [!provide]                PROVIDE (__init_array_end, .)

.dtors          0x0100dcf0        0x8
 *crtbegin.o(.dtors)
 .dtors         0x0100dcf0        0x4 c:/nxp/s32ds_power_v2017.r1/cross_tools/powerpc-eabivle-4_9/bin/../lib/gcc/powerpc-eabivle/4.9.4/e200z4/fp/crtbegin.o
 *crtbegin?.o(.dtors)
 *(EXCLUDE_FILE(*crtend?.o *crtend.o) .dtors)
 .dtors         0x0100dcf4        0x0 c:/nxp/s32ds_power_v2017.r1/cross_tools/powerpc-eabivle-4_9/bin/../lib/gcc/powerpc-eabivle/4.9.4/e200z4/fp/ecrti.o
                0x0100dcf4                __DTOR_LIST__
 .dtors         0x0100dcf4        0x0 c:/nxp/s32ds_power_v2017.r1/cross_tools/powerpc-eabivle-4_9/bin/../lib/gcc/powerpc-eabivle/4.9.4/e200z4/fp/ecrtn.o
 *(SORT(.dtors.*))
 *(.dtors)
 .dtors         0x0100dcf4        0x4 c:/nxp/s32ds_power_v2017.r1/cross_tools/powerpc-eabivle-4_9/bin/../lib/gcc/powerpc-eabivle/4.9.4/e200z4/fp/crtend.o
                0x0100dcf4                __DTOR_END__

.ctors          0x0100dcf8        0x8
 *crtbegin.o(.ctors)
 .ctors         0x0100dcf8        0x4 c:/nxp/s32ds_power_v2017.r1/cross_tools/powerpc-eabivle-4_9/bin/../lib/gcc/powerpc-eabivle/4.9.4/e200z4/fp/crtbegin.o
 *crtbegin?.o(.ctors)
 *(EXCLUDE_FILE(*crtend?.o *crtend.o) .ctors)
 .ctors         0x0100dcfc        0x0 c:/nxp/s32ds_power_v2017.r1/cross_tools/powerpc-eabivle-4_9/bin/../lib/gcc/powerpc-eabivle/4.9.4/e200z4/fp/ecrti.o
                0x0100dcfc                __CTOR_LIST__
 .ctors         0x0100dcfc        0x0 c:/nxp/s32ds_power_v2017.r1/cross_tools/powerpc-eabivle-4_9/bin/../lib/gcc/powerpc-eabivle/4.9.4/e200z4/fp/ecrtn.o
                0x0100dcfc                __CTOR_END__
 *(SORT(.ctors.*))
 *(.ctors)
 .ctors         0x0100dcfc        0x4 c:/nxp/s32ds_power_v2017.r1/cross_tools/powerpc-eabivle-4_9/bin/../lib/gcc/powerpc-eabivle/4.9.4/e200z4/fp/crtend.o

.fini_array     0x0100dd00        0x0
                [!provide]                PROVIDE (__fini_array_start, .)
 *(SORT(.fini_array.*))
 *(.fini_array)
                [!provide]                PROVIDE (__fini_array_end, .)

.rodata         0x0100dd00      0x474
 *(.rodata)
 .rodata        0x0100dd00        0xc ./Sources/can.o
 .rodata        0x0100dd0c       0x40 ./SDK/platform/drivers/src/flexcan/flexcan_hw_access.o
 .rodata        0x0100dd4c        0xc ./SDK/platform/devices/startup.o
 *(.rodata.*)
 .rodata.processCommand
                0x0100dd58       0x1c ./Sources/main.o
 .rodata.FLEXCAN_ComputePayloadSize
                0x0100dd74       0x1c ./SDK/platform/drivers/src/flexcan/flexcan_hw_access.o
 .rodata.FLEXCAN_SetRxFifoFilter
                0x0100dd90       0x10 ./SDK/platform/drivers/src/flexcan/flexcan_hw_access.o
 .rodata.g_flexcanBase
                0x0100dda0       0x20 ./SDK/platform/drivers/src/flexcan/flexcan_driver.o
 .rodata.g_flexcanWakeUpIrqId
                0x0100ddc0       0x20 ./SDK/platform/drivers/src/flexcan/flexcan_driver.o
 .rodata.g_flexcanErrorIrqId
                0x0100dde0       0x20 ./SDK/platform/drivers/src/flexcan/flexcan_driver.o
 .rodata.g_flexcanBusOffIrqId
                0x0100de00       0x20 ./SDK/platform/drivers/src/flexcan/flexcan_driver.o
 .rodata.g_flexcanOredMessageBufferIrqId
                0x0100de20       0xe0 ./SDK/platform/drivers/src/flexcan/flexcan_driver.o
 .rodata.EDMA_DRV_ConfigSingleBlockTransfer
                0x0100df00       0x10 ./SDK/platform/drivers/src/edma/edma_driver.o
 .rodata.clockNameMappings
                0x0100df10       0xf0 ./SDK/platform/drivers/src/clock/MPC57xx/clock_MPC57xx.o
                0x0100df10                clockNameMappings
 .rodata.CLOCK_SYS_GetClockSourceFreq
                0x0100e000       0x18 ./SDK/platform/drivers/src/clock/MPC57xx/clock_MPC57xx.o
 .rodata.CLOCK_SYS_GetFlexcanClockFreq
                0x0100e018       0x20 ./SDK/platform/drivers/src/clock/MPC57xx/clock_MPC57xx.o
 .rodata.CLOCK_SYS_SetPll
                0x0100e038      0x100 ./SDK/platform/drivers/src/clock/MPC57xx/clock_MPC57xx.o
 .rodata.can_pal1_Config0
                0x0100e138       0x3c ./Generated_Code/can_pal1.o
                0x0100e138                can_pal1_Config0

.eh_frame_hdr   0x0100e174       0x14
 *(.eh_frame_hdr)
 .eh_frame_hdr  0x0100e174       0x14 c:/nxp/s32ds_power_v2017.r1/cross_tools/powerpc-eabivle-4_9/bin/../lib/gcc/powerpc-eabivle/4.9.4/e200z4/fp\libgcc.a(e200crtresxgpr.o)
                0x0100e174                __GNU_EH_FRAME_HDR

.rela.dyn       0x0100e188        0x0
 .rela.iplt     0x0100e188        0x0 c:/nxp/s32ds_power_v2017.r1/cross_tools/powerpc-eabivle-4_9/bin/../lib/gcc/powerpc-eabivle/4.9.4/e200z4/fp/crtbegin.o
 .rela.text     0x0100e188        0x0 c:/nxp/s32ds_power_v2017.r1/cross_tools/powerpc-eabivle-4_9/bin/../lib/gcc/powerpc-eabivle/4.9.4/e200z4/fp/crtbegin.o
 .rela.text.main
                0x0100e188        0x0 c:/nxp/s32ds_power_v2017.r1/cross_tools/powerpc-eabivle-4_9/bin/../lib/gcc/powerpc-eabivle/4.9.4/e200z4/fp/crtbegin.o
 .rela.text.processCommand
                0x0100e188        0x0 c:/nxp/s32ds_power_v2017.r1/cross_tools/powerpc-eabivle-4_9/bin/../lib/gcc/powerpc-eabivle/4.9.4/e200z4/fp/crtbegin.o
 .rela.text.CAN_initialise
                0x0100e188        0x0 c:/nxp/s32ds_power_v2017.r1/cross_tools/powerpc-eabivle-4_9/bin/../lib/gcc/powerpc-eabivle/4.9.4/e200z4/fp/crtbegin.o
 .rela.text.CAN_eventHandler
                0x0100e188        0x0 c:/nxp/s32ds_power_v2017.r1/cross_tools/powerpc-eabivle-4_9/bin/../lib/gcc/powerpc-eabivle/4.9.4/e200z4/fp/crtbegin.o
 .rela.text.INT_SYS_InstallHandler
                0x0100e188        0x0 c:/nxp/s32ds_power_v2017.r1/cross_tools/powerpc-eabivle-4_9/bin/../lib/gcc/powerpc-eabivle/4.9.4/e200z4/fp/crtbegin.o
 .rela.text.CLOCK_SYS_GetSxoscFreq
                0x0100e188        0x0 c:/nxp/s32ds_power_v2017.r1/cross_tools/powerpc-eabivle-4_9/bin/../lib/gcc/powerpc-eabivle/4.9.4/e200z4/fp/crtbegin.o
 .rela.text.CLOCK_SYS_GetFxoscFreq
                0x0100e188        0x0 c:/nxp/s32ds_power_v2017.r1/cross_tools/powerpc-eabivle-4_9/bin/../lib/gcc/powerpc-eabivle/4.9.4/e200z4/fp/crtbegin.o
 .rela.text.CLOCK_SYS_SetXosc
                0x0100e188        0x0 c:/nxp/s32ds_power_v2017.r1/cross_tools/powerpc-eabivle-4_9/bin/../lib/gcc/powerpc-eabivle/4.9.4/e200z4/fp/crtbegin.o
 .rela.text.init_data_bss
                0x0100e188        0x0 c:/nxp/s32ds_power_v2017.r1/cross_tools/powerpc-eabivle-4_9/bin/../lib/gcc/powerpc-eabivle/4.9.4/e200z4/fp/crtbegin.o
 .rela.text.SystemInit
                0x0100e188        0x0 c:/nxp/s32ds_power_v2017.r1/cross_tools/powerpc-eabivle-4_9/bin/../lib/gcc/powerpc-eabivle/4.9.4/e200z4/fp/crtbegin.o
 .rela.cpu0_reset_vector
                0x0100e188        0x0 c:/nxp/s32ds_power_v2017.r1/cross_tools/powerpc-eabivle-4_9/bin/../lib/gcc/powerpc-eabivle/4.9.4/e200z4/fp/crtbegin.o
 .rela.intc_vector_table
                0x0100e188        0x0 c:/nxp/s32ds_power_v2017.r1/cross_tools/powerpc-eabivle-4_9/bin/../lib/gcc/powerpc-eabivle/4.9.4/e200z4/fp/crtbegin.o
 .rela.sdata.edmaChnStateArray
                0x0100e188        0x0 c:/nxp/s32ds_power_v2017.r1/cross_tools/powerpc-eabivle-4_9/bin/../lib/gcc/powerpc-eabivle/4.9.4/e200z4/fp/crtbegin.o
 .rela.got2     0x0100e188        0x0 c:/nxp/s32ds_power_v2017.r1/cross_tools/powerpc-eabivle-4_9/bin/../lib/gcc/powerpc-eabivle/4.9.4/e200z4/fp/crtbegin.o

.eh_frame       0x0100e188       0x84
 *(.eh_frame)
 .eh_frame      0x0100e188        0x0 c:/nxp/s32ds_power_v2017.r1/cross_tools/powerpc-eabivle-4_9/bin/../lib/gcc/powerpc-eabivle/4.9.4/e200z4/fp/ecrti.o
                0x0100e188                __EH_FRAME_BEGIN__
 .eh_frame      0x0100e188        0x0 c:/nxp/s32ds_power_v2017.r1/cross_tools/powerpc-eabivle-4_9/bin/../lib/gcc/powerpc-eabivle/4.9.4/e200z4/fp/crtbegin.o
 .eh_frame      0x0100e188        0x0 c:/nxp/s32ds_power_v2017.r1/cross_tools/powerpc-eabivle-4_9/bin/../lib/gcc/powerpc-eabivle/4.9.4/e200z4/fp/crtbegin.o
 .eh_frame      0x0100e188       0x7c c:/nxp/s32ds_power_v2017.r1/cross_tools/powerpc-eabivle-4_9/bin/../lib/gcc/powerpc-eabivle/4.9.4/e200z4/fp\libgcc.a(e200crtresxgpr.o)
 .eh_frame      0x0100e204        0x4 c:/nxp/s32ds_power_v2017.r1/cross_tools/powerpc-eabivle-4_9/bin/../lib/gcc/powerpc-eabivle/4.9.4/e200z4/fp/crtend.o
 .eh_frame      0x0100e208        0x4 c:/nxp/s32ds_power_v2017.r1/cross_tools/powerpc-eabivle-4_9/bin/../lib/gcc/powerpc-eabivle/4.9.4/e200z4/fp/ecrtn.o
                0x0100e208                __EH_FRAME_END__
                0x0100e20c                __TEXT_END = .
                0x0100e20c                __DATA_ROM = .

.interrupts_ram
                0x40000000      0xc00
                0x40000000                __VECTOR_RAM = .
 *(.m_interrupts_ram)
                0x40000c00                . = (. + __RAM_VECTOR_TABLE_SIZE)
 *fill*         0x40000000      0xc00 

.data           0x40000c00      0x924 load address 0x0100e20c
                0x40000c00                . = ALIGN (0x4)
                0x40000c00                __DATA_RAM = .
                0x40000c00                __data_start__ = .
 *(.data)
 .data          0x40000c00        0x4 c:/nxp/s32ds_power_v2017.r1/cross_tools/powerpc-eabivle-4_9/bin/../lib/gcc/powerpc-eabivle/4.9.4/e200z4/fp\libgcc.a(eabivle.o)
 *(.data.*)
 .data.g_pin_mux_InitConfigArr
                0x40000c04      0x420 ./Generated_Code/pin_mux.o
                0x40000c04                g_pin_mux_InitConfigArr
 .data.peripheralClockMcMeConfig0
                0x40001024      0x348 ./Generated_Code/clockMan1.o
                0x40001024                peripheralClockMcMeConfig0
 .data.clockMan1_InitConfig0
                0x4000136c      0x1ac ./Generated_Code/clockMan1.o
                0x4000136c                clockMan1_InitConfig0
 *(.sdata)
 .sdata         0x40001518        0x0 c:/nxp/s32ds_power_v2017.r1/cross_tools/powerpc-eabivle-4_9/bin/../lib/gcc/powerpc-eabivle/4.9.4/e200z4/fp/ecrti.o
                0x40001518                __SDATA_START__
 .sdata         0x40001518        0x0 c:/nxp/s32ds_power_v2017.r1/cross_tools/powerpc-eabivle-4_9/bin/../lib/gcc/powerpc-eabivle/4.9.4/e200z4/fp/crtbegin.o
                0x40009518                _SDA_BASE_
 *(.sdata.*)
 .sdata.ecu     0x40001518        0x8 ./Sources/main.o
                0x40001518                ecu
 .sdata.g_clockManConfigsArr
                0x40001520        0x4 ./Generated_Code/clockMan1.o
                0x40001520                g_clockManConfigsArr
 *(.sdata2)
 .sdata2        0x40001524        0x0 c:/nxp/s32ds_power_v2017.r1/cross_tools/powerpc-eabivle-4_9/bin/../lib/gcc/powerpc-eabivle/4.9.4/e200z4/fp/ecrti.o
                0x40001524                __SDATA2_START__
 .sdata2        0x40001524        0x0 c:/nxp/s32ds_power_v2017.r1/cross_tools/powerpc-eabivle-4_9/bin/../lib/gcc/powerpc-eabivle/4.9.4/e200z4/fp/crtbegin.o
                0x40009524                _SDA2_BASE_
 *(.sdata2.*)
                0x40001524                . = ALIGN (0x4)