Archive member included to satisfy reference by file (symbol)

C:/NXP/S32DS_Power_v2017.R1/S32DS/e200_ewl2/lib/e200z4/fp\libc99.a(memcpy.o)
                              ./Sources/can.o (memcpy)
C:/NXP/S32DS_Power_v2017.R1/S32DS/e200_ewl2/lib/e200z4/fp\libc99.a(memset.o)
                              ./Sources/can.o (memset)
C:/NXP/S32DS_Power_v2017.R1/S32DS/e200_ewl2/lib/e200z4/fp\libc99.a(__filll_mem.o)
                              C:/NXP/S32DS_Power_v2017.R1/S32DS/e200_ewl2/lib/e200z4/fp\libc99.a(memset.o) (__fill_mem)
c:/nxp/s32ds_power_v2017.r1/cross_tools/powerpc-eabivle-4_9/bin/../lib/gcc/powerpc-eabivle/4.9.4/e200z4/fp\libgcc.a(e200crtresxgpr.o)
                              C:/NXP/S32DS_Power_v2017.R1/S32DS/e200_ewl2/lib/e200z4/fp\libc99.a(memset.o) (_restgpr_31_x)
c:/nxp/s32ds_power_v2017.r1/cross_tools/powerpc-eabivle-4_9/bin/../lib/gcc/powerpc-eabivle/4.9.4/e200z4/fp\libgcc.a(eabivle.o)
                              ./Sources/main.o (__eabi)

Allocating common symbols
Common symbol       size              file

g_xtal0ClkFreq      0x4               ./SDK/platform/drivers/src/clock/MPC57xx/clock_MPC57xx.o
g_xtal1ClkFreq      0x4               ./SDK/platform/drivers/src/clock/MPC57xx/clock_MPC57xx.o
user_rxBuff         0x4c              ./Sources/main.o
dmaController1_State
                    0x80              ./Generated_Code/dmaController1.o
dmaController1Chn0_State
                    0x10              ./Generated_Code/dmaController1.o

Discarded input sections

 .text          0x00000000        0x0 c:/nxp/s32ds_power_v2017.r1/cross_tools/powerpc-eabivle-4_9/bin/../lib/gcc/powerpc-eabivle/4.9.4/e200z4/fp/ecrti.o
 .data          0x00000000        0x0 c:/nxp/s32ds_power_v2017.r1/cross_tools/powerpc-eabivle-4_9/bin/../lib/gcc/powerpc-eabivle/4.9.4/e200z4/fp/ecrti.o
 .bss           0x00000000        0x0 c:/nxp/s32ds_power_v2017.r1/cross_tools/powerpc-eabivle-4_9/bin/../lib/gcc/powerpc-eabivle/4.9.4/e200z4/fp/ecrti.o
 .fixup         0x00000000        0x0 c:/nxp/s32ds_power_v2017.r1/cross_tools/powerpc-eabivle-4_9/bin/../lib/gcc/powerpc-eabivle/4.9.4/e200z4/fp/ecrti.o
 .sbss          0x00000000        0x0 c:/nxp/s32ds_power_v2017.r1/cross_tools/powerpc-eabivle-4_9/bin/../lib/gcc/powerpc-eabivle/4.9.4/e200z4/fp/ecrti.o
 .sbss2         0x00000000        0x0 c:/nxp/s32ds_power_v2017.r1/cross_tools/powerpc-eabivle-4_9/bin/../lib/gcc/powerpc-eabivle/4.9.4/e200z4/fp/ecrti.o
 .gcc_except_table
                0x00000000        0x0 c:/nxp/s32ds_power_v2017.r1/cross_tools/powerpc-eabivle-4_9/bin/../lib/gcc/powerpc-eabivle/4.9.4/e200z4/fp/ecrti.o
 .data          0x00000000        0x4 c:/nxp/s32ds_power_v2017.r1/cross_tools/powerpc-eabivle-4_9/bin/../lib/gcc/powerpc-eabivle/4.9.4/e200z4/fp/crtbegin.o
 .group         0x00000000        0x8 ./Sources/main.o
 .group         0x00000000        0x8 ./Sources/main.o
 .group         0x00000000        0x8 ./Sources/main.o
 .group         0x00000000        0x8 ./Sources/main.o
 .group         0x00000000        0x8 ./Sources/main.o
 .group         0x00000000        0x8 ./Sources/main.o
 .group         0x00000000        0x8 ./Sources/main.o
 .group         0x00000000        0x8 ./Sources/main.o
 .group         0x00000000        0x8 ./Sources/main.o
 .group         0x00000000        0x8 ./Sources/main.o
 .group         0x00000000        0x8 ./Sources/main.o
 .group         0x00000000        0x8 ./Sources/main.o
 .group         0x00000000        0x8 ./Sources/main.o
 .group         0x00000000        0x8 ./Sources/main.o
 .group         0x00000000        0x8 ./Sources/main.o
 .group         0x00000000        0x8 ./Sources/main.o
 .group         0x00000000        0x8 ./Sources/main.o
 .group         0x00000000        0x8 ./Sources/main.o
 .group         0x00000000        0x8 ./Sources/main.o
 .group         0x00000000        0x8 ./Sources/main.o
 .group         0x00000000        0x8 ./Sources/main.o
 .group         0x00000000        0x8 ./Sources/main.o
 .group         0x00000000        0x8 ./Sources/main.o
 .group         0x00000000        0x8 ./Sources/main.o
 .group         0x00000000        0x8 ./Sources/main.o
 .group         0x00000000        0x8 ./Sources/main.o
 .group         0x00000000        0x8 ./Sources/main.o
 .group         0x00000000        0x8 ./Sources/main.o
 .group         0x00000000        0x8 ./Sources/main.o
 .group         0x00000000        0x8 ./Sources/main.o
 .group         0x00000000        0x8 ./Sources/main.o
 .group         0x00000000        0x8 ./Sources/main.o
 .text          0x00000000        0x0 ./Sources/main.o
 .data          0x00000000        0x0 ./Sources/main.o
 .bss           0x00000000        0x0 ./Sources/main.o
 .sbss.exit_code
                0x00000000        0x4 ./Sources/main.o
 .sdata.ecu     0x00000000        0x8 ./Sources/main.o
 .group         0x00000000        0x8 ./Sources/can.o
 .group         0x00000000        0x8 ./Sources/can.o
[...]
Memory Configuration

Name             Origin             Length             Attributes
flash_rchw       0x00fa0000         0x00000004
cpu0_reset_vec   0x00fa0010         0x00000004
cpu1_reset_vec   0x00fa0014         0x00000004
cpu2_reset_vec   0x00fa0004         0x00000004
m_text           0x01000000         0x00570000
m_vectors_ram    0x40000000         0x00000c00
m_data           0x40000c00         0x0003f400
*default*        0x00000000         0xffffffff

Linker script and memory map

LOAD c:/nxp/s32ds_power_v2017.r1/cross_tools/powerpc-eabivle-4_9/bin/../lib/gcc/powerpc-eabivle/4.9.4/e200z4/fp/ecrti.o
LOAD c:/nxp/s32ds_power_v2017.r1/cross_tools/powerpc-eabivle-4_9/bin/../lib/gcc/powerpc-eabivle/4.9.4/e200z4/fp/crtbegin.o
LOAD ./Sources/main.o
LOAD ./Sources/can.o
LOAD ./SDK/rtos/osif/osif_baremetal.o
LOAD ./SDK/platform/pal/can/src/can_pal.o
LOAD ./SDK/platform/drivers/src/pins/pins_siul2_hw_access.o
LOAD ./SDK/platform/drivers/src/pins/pins_driver.o
LOAD ./SDK/platform/drivers/src/interrupt/interrupt_manager_MPC57xx.o
LOAD ./SDK/platform/drivers/src/flexcan/flexcan_irq.o
LOAD ./SDK/platform/drivers/src/flexcan/flexcan_hw_access.o
LOAD ./SDK/platform/drivers/src/flexcan/flexcan_driver.o
LOAD ./SDK/platform/drivers/src/edma/edma_irq.o
LOAD ./SDK/platform/drivers/src/edma/edma_hw_access.o
LOAD ./SDK/platform/drivers/src/edma/edma_driver.o
LOAD ./SDK/platform/drivers/src/clock/clock_manager.o
LOAD ./SDK/platform/drivers/src/clock/MPC57xx/clock_MPC57xx.o
LOAD ./SDK/platform/devices/startup.o
LOAD ./SDK/platform/devices/MPC5748G/startup/system_MPC5748G.o
LOAD ./Project_Settings/Startup_Code/interrupt_vectors.o
LOAD ./Project_Settings/Startup_Code/core0_intc_sw_handlers.o
LOAD ./Project_Settings/Startup_Code/startup_MPC5748G.o
LOAD ./Generated_Code/pin_mux.o
LOAD ./Generated_Code/dmaController1.o
LOAD ./Generated_Code/clockMan1.o
LOAD ./Generated_Code/can_pal1.o
LOAD ./Generated_Code/Cpu.o
START GROUP
LOAD C:/NXP/S32DS_Power_v2017.R1/S32DS/e200_ewl2/lib/e200z4/fp\libc99.a
LOAD C:/NXP/S32DS_Power_v2017.R1/S32DS/e200_ewl2/lib/e200z4/fp\libm.a
LOAD c:/nxp/s32ds_power_v2017.r1/cross_tools/powerpc-eabivle-4_9/bin/../lib/gcc/powerpc-eabivle/4.9.4/e200z4/fp\libgcc.a
LOAD C:/NXP/S32DS_Power_v2017.R1/S32DS/e200_ewl2/lib/e200z4/fp\librt.a
END GROUP
LOAD c:/nxp/s32ds_power_v2017.r1/cross_tools/powerpc-eabivle-4_9/bin/../lib/gcc/powerpc-eabivle/4.9.4/e200z4/fp/crtend.o
LOAD c:/nxp/s32ds_power_v2017.r1/cross_tools/powerpc-eabivle-4_9/bin/../lib/gcc/powerpc-eabivle/4.9.4/e200z4/fp/ecrtn.o
                0x00000000                __HEAP_SIZE = DEFINED (__heap_size__)?__heap_size__:0x0
                0x00001000                __STACK_SIZE = DEFINED (__stack_size__)?__stack_size__:0x1000
                0x00040000                SRAM_SIZE = 0x40000
                0x40000000                SRAM_BASE_ADDR = 0x40000000

.rchw           0x00fa0000        0x4
 *(.rchw)
 .rchw          0x00fa0000        0x4 ./Project_Settings/Startup_Code/startup_MPC5748G.o

.cpu0_reset_vector
                0x00fa0010        0x4
 *(.cpu0_reset_vector)
 .cpu0_reset_vector
                0x00fa0010        0x4 ./Project_Settings/Startup_Code/startup_MPC5748G.o

.cpu1_reset_vector
 *(.cpu1_reset_vector)

.cpu2_reset_vector
 *(.cpu2_reset_vector)

.startup        0x01000000      0x134
                0x01000000                __start = .
 *(.startup)
 .startup       0x01000000      0x134 ./Project_Settings/Startup_Code/startup_MPC5748G.o
                0x01000000                Reset_Handler
                0x01000000                _start

.core_exceptions_table
                0x01001000       0xf4
                0x01001000                __IVPR_VALUE = .
 *(.core_exceptions_table)
 .core_exceptions_table
                0x01001000       0xf4 ./Project_Settings/Startup_Code/interrupt_vectors.o
                0x01001000                VTABLE
                0x01001000                IVOR0_Vector
                0x01001010                IVOR1_Vector
                0x01001020                IVOR2_Vector
                0x01001030                IVOR3_Vector
                0x01001040                IVOR4_Vector
                0x01001050                IVOR5_Vector
                0x01001060                IVOR6_Vector
                0x01001070                IVOR7_Vector
                0x01001080                IVOR8_Vector
                0x01001090                IVOR9_Vector
                0x010010a0                IVOR10_Vector
                0x010010b0                IVOR11_Vector
                0x010010c0                IVOR12_Vector
                0x010010d0                IVOR13_Vector
                0x010010e0                IVOR14_Vector
                0x010010f0                IVOR15_Vector

.intc_vector_table
                0x01002000      0xc0c
                0x01002000                __VECTOR_TABLE = .
                0x01002000                . = ALIGN (0x4)
 *(.intc_vector_table)
 .intc_vector_table
                0x01002000      0xc0c ./Project_Settings/Startup_Code/startup_MPC5748G.o
                0x01002000                __isr_vector
                0x01002bc8                IVOR0_Handler
                0x01002bcc                IVOR1_Handler
                0x01002bd0                IVOR2_Handler
                0x01002bd4                IVOR3_Handler
                0x01002bdc                IVOR5_Handler
                0x01002be0                IVOR6_Handler
                0x01002be4                IVOR7_Handler
                0x01002be8                IVOR8_Handler
                0x01002bec                IVOR9_Handler
                0x01002bf0                IVOR10_Handler
                0x01002bf4                IVOR11_Handler
                0x01002bf8                IVOR12_Handler
                0x01002bfc                IVOR13_Handler
                0x01002c00                IVOR14_Handler
                0x01002c04                IVOR15_Handler
                0x01002c08                LINFLEXD5_UART_ErrIRQHandler
                0x01002c08                EMIOS0_22_23_IRQHandler
                0x01002c08                LINFLEXD6_UART_ErrIRQHandler
                0x01002c08                PIT_Ch0_IRQHandler
                0x01002c08                ADC1_WD_IRQHandler
                0x01002c08                PIT_Ch14_IRQHandler
                0x01002c08                DSPI1_Send_IRQHandler
                0x01002c08                LINFLEXD3_UART_ErrIRQHandler
                0x01002c08                LINFLEXD13_UART_RxIRQHandler
                0x01002c08                DSPI4_Send_IRQHandler
                0x01002c08                USBOTG_IRQHandler
                0x01002c08                ADC0_WD_IRQHandler
                0x01002c08                EMIOS1_00_01_IRQHandler
                0x01002c08                EMIOS0_10_11_IRQHandler
                0x01002c08                EMIOS1_30_31_IRQHandler
                0x01002c08                DSPI6_Send_IRQHandler
                0x01002c08                EMIOS1_26_27_IRQHandler
                0x01002c08                STM2_Ch2_IRQHandler
                0x01002c08                LINFLEXD10_UART_RxIRQHandler
                0x01002c08                SIUL_EIRQ_16_23_IRQHandler
                0x01002c08                LINFLEXD2_UART_TxIRQHandler
                0x01002c08                SAI2_Rx_IRQHandler
                0x01002c08                ENET1_Rx_2_IRQHandler
                0x01002c08                LINFLEXD5_UART_RxIRQHandler
                0x01002c08                LINFLEXD7_UART_RxIRQHandler
                0x01002c08                SWT2_IRQHandler
                0x01002c08                ENET0_Parser_IRQHandler
                0x01002c08                LINFLEXD14_UART_RxIRQHandler
                0x01002c08                LINFLEXD0_UART_ErrIRQHandler
                0x01002c08                ENET1_Tx_IRQHandler
                0x01002c08                SAI2_Tx_IRQHandler
                0x01002c08                PIT_Ch7_IRQHandler
                0x01002c08                DSPI3_Send_IRQHandler
                0x01002c08                ENET0_Tx_2_IRQHandler
                0x01002c08                EMIOS2_26_27_IRQHandler
                0x01002c08                LINFLEXD0_UART_TxIRQHandler
                0x01002c08                WKPU_23_16_IRQHandler
                0x01002c08                ENET0_Rx_1_IRQHandler
                0x01002c08                EMIOS0_30_31_IRQHandler
                0x01002c08                SWT0_IRQHandler
                0x01002c08                PIT_Ch10_IRQHandler
                0x01002c08                STM2_Ch3_IRQHandler
                0x01002c08                LINFLEXD13_UART_TxIRQHandler
                0x01002c08                LINFLEXD9_UART_ErrIRQHandler
                0x01002c08                SAI0_Tx_IRQHandler
                0x01002c08                EMIOS0_24_25_IRQHandler
                0x01002c08                EMIOS2_00_01_IRQHandler
                0x01002c08                LINFLEXD10_UART_TxIRQHandler
                0x01002c08                EMIOS1_28_29_IRQHandler
                0x01002c08                SAI0_Rx_IRQHandler
                0x01002c08                LINFLEXD17_UART_RxIRQHandler
                0x01002c08                DSPI6_Receive_IRQHandler
                0x01002c08                DSPI4_Done_IRQHandler
                0x01002c08                DSPI5_Done_IRQHandler
                0x01002c08                LINFLEXD10_UART_ErrIRQHandler
                0x01002c08                LINFLEXD9_UART_TxIRQHandler
                0x01002c08                LINFLEXD14_UART_TxIRQHandler
                0x01002c08                LINFLEXD16_UART_ErrIRQHandler
                0x01002c08                LINFLEXD14_UART_ErrIRQHandler
                0x01002c08                PIT_Ch5_IRQHandler
                0x01002c08                EMIOS0_12_13_IRQHandler
                0x01002c08                PIT_Ch1_IRQHandler
                0x01002c08                BCTU_ListLast_IRQHandler
                0x01002c08                ENET0_Rx_IRQHandler
                0x01002c08                CMP0_IRQHandler
                0x01002c08                PIT_Ch2_IRQHandler
                0x01002c08                DSPI0_Receive_IRQHandler
                0x01002c08                I2C_DRV_Module2IRQHandler
                0x01002c08                SAI1_Tx_IRQHandler
                0x01002c08                DSPI2_Send_IRQHandler
                0x01002c08                DSPI7_Done_IRQHandler
                0x01002c08                STM2_Ch0_IRQHandler
                0x01002c08                ADC0_EOC_IRQHandler
                0x01002c08                LINFLEXD11_UART_ErrIRQHandler
                0x01002c08                DSPI0_Done_IRQHandler
                0x01002c08                EMIOS0_16_17_IRQHandler
                0x01002c08                EMIOS1_14_15_IRQHandler
                0x01002c08                ENET1_Rx_IRQHandler
                0x01002c08                PIT_Ch4_IRQHandler
                0x01002c08                EMIOS2_28_29_IRQHandler
                0x01002c08                ENET0_Tx_1_IRQHandler
                0x01002c08                PIT_Ch11_IRQHandler
                0x01002c08                PIT_Ch12_IRQHandler
                0x01002c08                EMIOS1_10_11_IRQHandler
                0x01002c08                LINFLEXD1_UART_ErrIRQHandler
                0x01002c08                DSPI3_Receive_IRQHandler
                0x01002c08                ADC1_ER_IRQHandler
                0x01002c08                DSPI9_Receive_IRQHandler
                0x01002c08                LINFLEXD15_UART_RxIRQHandler
                0x01002c08                DSPI2_Receive_IRQHandler
                0x01002c08                ENET0_Rx_2_IRQHandler
                0x01002c08                LINFLEXD11_UART_RxIRQHandler
                0x01002c08                LINFLEXD13_UART_ErrIRQHandler
                0x01002c08                LINFLEXD12_UART_TxIRQHandler
                0x01002c08                ENET0_Err_IRQHandler
                0x01002c08                ENET1_Timer_IRQHandler
                0x01002c08                DSPI0_Send_IRQHandler
                0x01002c08                DSPI3_Done_IRQHandler
                0x01002c08                LINFLEXD4_UART_TxIRQHandler
                0x01002c08                DSPI7_Receive_IRQHandler
                0x01002c08                LINFLEXD8_UART_TxIRQHandler
                0x01002c08                ADC0_ER_IRQHandler
                0x01002c08                ENET1_Tx_1_IRQHandler
                0x01002c08                SIUL_EIRQ_00_07_IRQHandler
                0x01002c08                LINFLEXD11_UART_TxIRQHandler
                0x01002c08                EMIOS1_04_05_IRQHandler
                0x01002c08                STM2_Ch1_IRQHandler
                0x01002c08                STM1_Ch0_IRQHandler
                0x01002c08                CMP2_IRQHandler
                0x01002c08                EMIOS2_20_21_IRQHandler
                0x01002c08                LINFLEXD7_UART_TxIRQHandler
                0x01002c08                SIUL_EIRQ_24_31_IRQHandler
                0x01002c08                DSPI8_Receive_IRQHandler
                0x01002c08                ENET0_Tx_IRQHandler
                0x01002c08                PIT_Ch13_IRQHandler
                0x01002c08                DSPI1_Done_IRQHandler
                0x01002c08                DSPI8_Done_IRQHandler
                0x01002c08                LINFLEXD2_UART_RxIRQHandler
                0x01002c08                I2C_DRV_Module1IRQHandler
                0x01002c08                EMIOS1_06_07_IRQHandler
                0x01002c08                LINFLEXD12_UART_ErrIRQHandler
                0x01002c08                PIT_RTI_IRQHandler
                0x01002c08                LINFLEXD3_UART_RxIRQHandler
                0x01002c08                LINFLEXD2_UART_ErrIRQHandler
                0x01002c08                EMIOS2_04_05_IRQHandler
                0x01002c08                HSM_DRV_IRQHandler
                0x01002c08                DSPI9_Send_IRQHandler
                0x01002c08                WKPU_31_24_IRQHandler
                0x01002c08                EMIOS1_12_13_IRQHandler
                0x01002c08                STM1_Ch1_IRQHandler
                0x01002c08                STM0_Ch0_IRQHandler
                0x01002c08                DSPI5_Receive_IRQHandler
                0x01002c08                LINFLEXD12_UART_RxIRQHandler
                0x01002c08                LINFLEXD16_UART_TxIRQHandler
                0x01002c08                USBHS_IRQHandler
                0x01002c08                EMIOS1_02_03_IRQHandler
                0x01002c08                LINFLEXD4_UART_ErrIRQHandler
                0x01002c08                STM0_Ch2_IRQHandler
                0x01002c08                STM0_Ch3_IRQHandler
                0x01002c08                EMIOS0_18_19_IRQHandler
                0x01002c08                WKPU_15_08_IRQHandler
                0x01002c08                EMIOS0_00_01_IRQHandler
                0x01002c08                LINFLEXD15_UART_TxIRQHandler
                0x01002c08                LINFLEXD15_UART_ErrIRQHandler
                0x01002c08                LINFLEXD6_UART_RxIRQHandler
                0x01002c08                RTC0_IRQHandler
                0x01002c08                LINFLEXD0_UART_RxIRQHandler
                0x01002c08                LINFLEXD17_UART_ErrIRQHandler
                0x01002c08                EMIOS2_02_03_IRQHandler
                0x01002c08                I2C_DRV_Module0IRQHandler
                0x01002c08                LINFLEXD7_UART_ErrIRQHandler
                0x01002c08                EMIOS0_20_21_IRQHandler
                0x01002c08                LINFLEXD17_UART_TxIRQHandler
                0x01002c08                DSPI6_Done_IRQHandler
                0x01002c08                LINFLEXD8_UART_RxIRQHandler
                0x01002c08                EMIOS2_18_19_IRQHandler
                0x01002c08                DSPI7_Send_IRQHandler
                0x01002c08                STM1_Ch3_IRQHandler
                0x01002c08                PIT_Ch6_IRQHandler
                0x01002c08                EMIOS1_24_25_IRQHandler
                0x01002c08                I2C_DRV_Module3IRQHandler
                0x01002c08                LINFLEXD3_UART_TxIRQHandler
                0x01002c08                LINFLEXD9_UART_RxIRQHandler
                0x01002c08                PIT_Ch9_IRQHandler
                0x01002c08                SIUL_EIRQ_08_15_IRQHandler
                0x01002c08                ENET1_Rx_1_IRQHandler
                0x01002c08                DSPI9_Done_IRQHandler
                0x01002c08                DSPI2_Done_IRQHandler
                0x01002c08                EMIOS2_10_11_IRQHandler
                0x01002c08                EMIOS2_12_13_IRQHandler
                0x01002c08                DSPI4_Receive_IRQHandler
                0x01002c08                EMIOS0_26_27_IRQHandler
                0x01002c08                PIT_Ch3_IRQHandler
                0x01002c08                EMIOS1_08_09_IRQHandler
                0x01002c08                LINFLEXD5_UART_TxIRQHandler
                0x01002c08                LINFLEXD16_UART_RxIRQHandler
                0x01002c08                DSPI8_Send_IRQHandler
                0x01002c08                EMIOS2_06_07_IRQHandler
                0x01002c08                ENET1_Parser_IRQHandler
                0x01002c08                EMIOS0_04_05_IRQHandler
                0x01002c08                STM1_Ch2_IRQHandler
                0x01002c08                LINFLEXD6_UART_TxIRQHandler
                0x01002c08                LINFLEXD1_UART_TxIRQHandler
                0x01002c08                ENET1_Err_IRQHandler
                0x01002c08                API0_IRQHandler
                0x01002c08                EMIOS1_16_17_IRQHandler
                0x01002c08                SWT1_IRQHandler
                0x01002c08                EMIOS2_24_25_IRQHandler
                0x01002c08                LINFLEXD4_UART_RxIRQHandler
                0x01002c08                EMIOS0_08_09_IRQHandler
                0x01002c08                DSPI1_Receive_IRQHandler
                0x01002c08                CMP1_IRQHandler
                0x01002c08                EMIOS2_22_23_IRQHandler
                0x01002c08                SAI1_Rx_IRQHandler
                0x01002c08                EMIOS2_30_31_IRQHandler
                0x01002c08                EMIOS1_20_21_IRQHandler
                0x01002c08                EMIOS2_08_09_IRQHandler
                0x01002c08                EMIOS0_28_29_IRQHandler
                0x01002c08                uSDHC_DriverIRQHandler
                0x01002c08                PIT_Ch8_IRQHandler
                0x01002c08                EMIOS0_02_03_IRQHandler
                0x01002c08                EMIOS0_06_07_IRQHandler
                0x01002c08                DefaultISR
                0x01002c08                EMIOS2_16_17_IRQHandler
                0x01002c08                LINFLEXD1_UART_RxIRQHandler
                0x01002c08                ENET0_Timer_IRQHandler
                0x01002c08                ENET1_Tx_2_IRQHandler
                0x01002c08                EMIOS2_14_15_IRQHandler
                0x01002c08                EMIOS1_18_19_IRQHandler
                0x01002c08                EMIOS1_22_23_IRQHandler
                0x01002c08                ADC1_EOC_IRQHandler
                0x01002c08                DSPI5_Send_IRQHandler
                0x01002c08                BCTU_ConvUpdate_IRQHandler
                0x01002c08                WKPU_07_00_IRQHandler
                0x01002c08                FCCU0_IRQ_Handler
                0x01002c08                STM0_Ch1_IRQHandler
                0x01002c08                LINFLEXD8_UART_ErrIRQHandler
                0x01002c08                EMIOS0_14_15_IRQHandler
                0x00000c00                __RAM_VECTOR_TABLE_SIZE = 0xc00

.text           0x01002c10     0x9d10
 *(.text.startup)
 *(.text)
 .text          0x01002c10      0x16c c:/nxp/s32ds_power_v2017.r1/cross_tools/powerpc-eabivle-4_9/bin/../lib/gcc/powerpc-eabivle/4.9.4/e200z4/fp/crtbegin.o
 *fill*         0x01002d7c        0x4 
 .text          0x01002d80       0x48 ./Project_Settings/Startup_Code/core0_intc_sw_handlers.o
                0x01002d80                IVOR4_Handler
 .text          0x01002dc8       0x52 c:/nxp/s32ds_power_v2017.r1/cross_tools/powerpc-eabivle-4_9/bin/../lib/gcc/powerpc-eabivle/4.9.4/e200z4/fp\libgcc.a(e200crtresxgpr.o)
                0x01002dc8                _restgpr_14_x
                0x01002dcc                _restgpr_15_x
                0x01002dd0                _restgpr_16_x
                0x01002dd4                _restgpr_17_x
                0x01002dd8                _restgpr_18_x
                0x01002ddc                _restgpr_19_x
                0x01002de0                _restgpr_20_x
                0x01002de4                _restgpr_21_x
                0x01002de8                _restgpr_22_x
                0x01002dec                _restgpr_23_x
                0x01002df0                _restgpr_24_x
                0x01002df4                _restgpr_25_x
                0x01002df8                _restgpr_26_x
                0x01002dfc                _restgpr_27_x
                0x01002e00                _restgpr_28_x
                0x01002e04                _restgpr_29_x
                0x01002e08                _restgpr_30_x
                0x01002e0c                _restgpr_31_x
 .text          0x01002e1a       0x4a c:/nxp/s32ds_power_v2017.r1/cross_tools/powerpc-eabivle-4_9/bin/../lib/gcc/powerpc-eabivle/4.9.4/e200z4/fp\libgcc.a(eabivle.o)
                0x01002e1a                __eabi
 .text          0x01002e64       0x48 c:/nxp/s32ds_power_v2017.r1/cross_tools/powerpc-eabivle-4_9/bin/../lib/gcc/powerpc-eabivle/4.9.4/e200z4/fp/crtend.o
 *(.text.*)
 .text.main     0x01002eac       0xee ./Sources/main.o
                0x01002eac                main
 *fill*         0x01002f9a        0x2 
 .text.CAN_Initialise
                0x01002f9c       0xda ./Sources/can.o
                0x01002f9c                CAN_Initialise
 *fill*         0x01003076        0x2 
 .text.CAN_EventHandler
                0x01003078       0x74 ./Sources/can.o
                0x01003078                CAN_EventHandler
 .text.SendCANData
                0x010030ec       0xa6 ./Sources/can.o
                0x010030ec                SendCANData
 *fill*         0x01003192        0x2 
 .text.DevAssert
                0x01003194       0x38 ./SDK/rtos/osif/osif_baremetal.o
 .text.osif_Tick
                0x010031cc       0x28 ./SDK/rtos/osif/osif_baremetal.o
 .text.PIT_Ch15_IRQHandler
                0x010031f4       0x2c ./SDK/rtos/osif/osif_baremetal.o
                0x010031f4                PIT_Ch15_IRQHandler
 .text.osif_DisableIrqGlobal
                0x01003220       0x22 ./SDK/rtos/osif/osif_baremetal.o
 *fill*         0x01003242        0x2 
 .text.osif_EnableIrqGlobal
                0x01003244       0x22 ./SDK/rtos/osif/osif_baremetal.o
 *fill*         0x01003266        0x2 
 .text.OSIF_SemaPost
                0x01003268       0x82 ./SDK/rtos/osif/osif_baremetal.o
                0x01003268                OSIF_SemaPost
 *fill*         0x010032ea        0x2 
 .text.OSIF_SemaCreate
                0x010032ec       0x52 ./SDK/rtos/osif/osif_baremetal.o
                0x010032ec                OSIF_SemaCreate
 *fill*         0x0100333e        0x2 
 .text.OSIF_SemaDestroy
                0x01003340       0x40 ./SDK/rtos/osif/osif_baremetal.o
                0x01003340                OSIF_SemaDestroy
 .text.DevAssert
                0x01003380       0x38 ./SDK/platform/pal/can/src/can_pal.o
 .text.CAN_AllocateState
                0x010033b8       0xa2 ./SDK/platform/pal/can/src/can_pal.o
 *fill*         0x0100345a        0x2 
 .text.CAN_GetVirtualBuffIdx
                0x0100345c       0x22 ./SDK/platform/pal/can/src/can_pal.o
 *fill*         0x0100347e        0x2 
 .text.CAN_InternalCallback
                0x01003480      0x12e ./SDK/platform/pal/can/src/can_pal.o
 *fill*         0x010035ae        0x2 
 .text.CAN_Init
                0x010035b0      0x236 ./SDK/platform/pal/can/src/can_pal.o
                0x010035b0                CAN_Init
 *fill*         0x010037e6        0x2 
 .text.CAN_ConfigTxBuff
                0x010037e8      0x1a0 ./SDK/platform/pal/can/src/can_pal.o
                0x010037e8                CAN_ConfigTxBuff
 .text.CAN_ConfigRxBuff
                0x01003988      0x1a2 ./SDK/platform/pal/can/src/can_pal.o
                0x01003988                CAN_ConfigRxBuff
 *fill*         0x01003b2a        0x2 
 .text.CAN_Send
                0x01003b2c      0x208 ./SDK/platform/pal/can/src/can_pal.o
                0x01003b2c                CAN_Send
 .text.CAN_Receive
                0x01003d34      0x118 ./SDK/platform/pal/can/src/can_pal.o
                0x01003d34                CAN_Receive
 .text.CAN_SetRxFilter
                0x01003e4c       0xe4 ./SDK/platform/pal/can/src/can_pal.o
                0x01003e4c                CAN_SetRxFilter
 .text.CAN_InstallEventCallback
                0x01003f30       0x68 ./SDK/platform/pal/can/src/can_pal.o
                0x01003f30                CAN_InstallEventCallback
 .text.DevAssert
                0x01003f98       0x38 ./SDK/platform/drivers/src/pins/pins_siul2_hw_access.o
 .text.PINS_Init
                0x01003fd0      0x2e0 ./SDK/platform/drivers/src/pins/pins_siul2_hw_access.o
                0x01003fd0                PINS_Init
 .text.REV_BIT_16
                0x010042b0       0x94 ./SDK/platform/drivers/src/pins/pins_driver.o
 .text.PINS_GPIO_SetPins
                0x01004344       0x42 ./SDK/platform/drivers/src/pins/pins_driver.o
 *fill*         0x01004386        0x2 
 .text.PINS_DRV_Init
                0x01004388       0x84 ./SDK/platform/drivers/src/pins/pins_driver.o
                0x01004388                PINS_DRV_Init
 .text.PINS_DRV_SetPins
                0x0100440c       0x30 ./SDK/platform/drivers/src/pins/pins_driver.o
                0x0100440c                PINS_DRV_SetPins
 .text.DevAssert
                0x0100443c       0x38 ./SDK/platform/drivers/src/interrupt/interrupt_manager_MPC57xx.o
 .text.INT_SYS_EnableIRQOnCore
                0x01004474      0x106 ./SDK/platform/drivers/src/interrupt/interrupt_manager_MPC57xx.o
 *fill*         0x0100457a        0x2 
 .text.INT_SYS_EnableIRQ
                0x0100457c       0x90 ./SDK/platform/drivers/src/interrupt/interrupt_manager_MPC57xx.o
                0x0100457c                INT_SYS_EnableIRQ
 .text.INT_SYS_EnableIRQGlobal
                0x0100460c       0x68 ./SDK/platform/drivers/src/interrupt/interrupt_manager_MPC57xx.o
                0x0100460c                INT_SYS_EnableIRQGlobal
 .text.INT_SYS_DisableIRQGlobal
                0x01004674       0x2c ./SDK/platform/drivers/src/interrupt/interrupt_manager_MPC57xx.o
                0x01004674                INT_SYS_DisableIRQGlobal
 .text.CAN0_ORed_IRQHandler
                0x010046a0       0x24 ./SDK/platform/drivers/src/flexcan/flexcan_irq.o
                0x010046a0                CAN0_ORed_IRQHandler
 .text.CAN0_Error_IRQHandler
                0x010046c4       0x24 ./SDK/platform/drivers/src/flexcan/flexcan_irq.o
                0x010046c4                CAN0_Error_IRQHandler
 .text.CAN0_Wake_Up_IRQHandler
                0x010046e8       0x24 ./SDK/platform/drivers/src/flexcan/flexcan_irq.o
                0x010046e8                CAN0_Wake_Up_IRQHandler
 .text.CAN0_ORed_00_03_MB_IRQHandler
                0x0100470c       0x24 ./SDK/platform/drivers/src/flexcan/flexcan_irq.o
                0x0100470c                CAN0_ORed_00_03_MB_IRQHandler
 .text.CAN0_ORed_04_07_MB_IRQHandler
                0x01004730       0x24 ./SDK/platform/drivers/src/flexcan/flexcan_irq.o
                0x01004730                CAN0_ORed_04_07_MB_IRQHandler
 .text.CAN0_ORed_08_11_MB_IRQHandler
                0x01004754       0x24 ./SDK/platform/drivers/src/flexcan/flexcan_irq.o
                0x01004754                CAN0_ORed_08_11_MB_IRQHandler
 .text.CAN0_ORed_12_15_MB_IRQHandler
                0x01004778       0x24 ./SDK/platform/drivers/src/flexcan/flexcan_irq.o
                0x01004778                CAN0_ORed_12_15_MB_IRQHandler
 .text.CAN0_ORed_16_31_MB_IRQHandler
                0x0100479c       0x24 ./SDK/platform/drivers/src/flexcan/flexcan_irq.o
                0x0100479c                CAN0_ORed_16_31_MB_IRQHandler
 .text.CAN0_ORed_32_63_MB_IRQHandler
                0x010047c0       0x24 ./SDK/platform/drivers/src/flexcan/flexcan_irq.o
                0x010047c0                CAN0_ORed_32_63_MB_IRQHandler
 .text.CAN0_ORed_64_95_MB_IRQHandler
                0x010047e4       0x24 ./SDK/platform/drivers/src/flexcan/flexcan_irq.o
                0x010047e4                CAN0_ORed_64_95_MB_IRQHandler
 .text.CAN1_ORed_IRQHandler
                0x01004808       0x24 ./SDK/platform/drivers/src/flexcan/flexcan_irq.o
                0x01004808                CAN1_ORed_IRQHandler
 .text.CAN1_Error_IRQHandler
                0x0100482c       0x24 ./SDK/platform/drivers/src/flexcan/flexcan_irq.o
                0x0100482c                CAN1_Error_IRQHandler
 .text.CAN1_ORed_00_03_MB_IRQHandler
                0x01004850       0x24 ./SDK/platform/drivers/src/flexcan/flexcan_irq.o
                0x01004850                CAN1_ORed_00_03_MB_IRQHandler
 .text.CAN1_ORed_04_07_MB_IRQHandler
                0x01004874       0x24 ./SDK/platform/drivers/src/flexcan/flexcan_irq.o
                0x01004874                CAN1_ORed_04_07_MB_IRQHandler
 .text.CAN1_ORed_08_11_MB_IRQHandler
                0x01004898       0x24 ./SDK/platform/drivers/src/flexcan/flexcan_irq.o
                0x01004898                CAN1_ORed_08_11_MB_IRQHandler
 .text.CAN1_ORed_12_15_MB_IRQHandler
                0x010048bc       0x24 ./SDK/platform/drivers/src/flexcan/flexcan_irq.o
                0x010048bc                CAN1_ORed_12_15_MB_IRQHandler
 .text.CAN1_ORed_16_31_MB_IRQHandler
                0x010048e0       0x24 ./SDK/platform/drivers/src/flexcan/flexcan_irq.o
                0x010048e0                CAN1_ORed_16_31_MB_IRQHandler
 .text.CAN1_ORed_32_63_MB_IRQHandler
                0x01004904       0x24 ./SDK/platform/drivers/src/flexcan/flexcan_irq.o
                0x01004904                CAN1_ORed_32_63_MB_IRQHandler
 .text.CAN1_ORed_64_95_MB_IRQHandler
                0x01004928       0x24 ./SDK/platform/drivers/src/flexcan/flexcan_irq.o
                0x01004928                CAN1_ORed_64_95_MB_IRQHandler
 .text.CAN2_ORed_IRQHandler
                0x0100494c       0x24 ./SDK/platform/drivers/src/flexcan/flexcan_irq.o
                0x0100494c                CAN2_ORed_IRQHandler
 .text.CAN2_Error_IRQHandler
                0x01004970       0x24 ./SDK/platform/drivers/src/flexcan/flexcan_irq.o
                0x01004970                CAN2_Error_IRQHandler
 .text.CAN2_ORed_00_03_MB_IRQHandler
                0x01004994       0x24 ./SDK/platform/drivers/src/flexcan/flexcan_irq.o
                0x01004994                CAN2_ORed_00_03_MB_IRQHandler
 .text.CAN2_ORed_04_07_MB_IRQHandler
                0x010049b8       0x24 ./SDK/platform/drivers/src/flexcan/flexcan_irq.o
                0x010049b8                CAN2_ORed_04_07_MB_IRQHandler
 .text.CAN2_ORed_08_11_MB_IRQHandler
                0x010049dc       0x24 ./SDK/platform/drivers/src/flexcan/flexcan_irq.o
                0x010049dc                CAN2_ORed_08_11_MB_IRQHandler
 .text.CAN2_ORed_12_15_MB_IRQHandler
                0x01004a00       0x24 ./SDK/platform/drivers/src/flexcan/flexcan_irq.o
                0x01004a00                CAN2_ORed_12_15_MB_IRQHandler
 .text.CAN2_ORed_16_31_MB_IRQHandler
                0x01004a24       0x24 ./SDK/platform/drivers/src/flexcan/flexcan_irq.o
                0x01004a24                CAN2_ORed_16_31_MB_IRQHandler
 .text.CAN2_ORed_32_63_MB_IRQHandler
                0x01004a48       0x24 ./SDK/platform/drivers/src/flexcan/flexcan_irq.o
                0x01004a48                CAN2_ORed_32_63_MB_IRQHandler
 .text.CAN2_ORed_64_95_MB_IRQHandler
                0x01004a6c       0x24 ./SDK/platform/drivers/src/flexcan/flexcan_irq.o
                0x01004a6c                CAN2_ORed_64_95_MB_IRQHandler
 .text.CAN3_ORed_IRQHandler
                0x01004a90       0x24 ./SDK/platform/drivers/src/flexcan/flexcan_irq.o
                0x01004a90                CAN3_ORed_IRQHandler
 .text.CAN3_Error_IRQHandler
                0x01004ab4       0x24 ./SDK/platform/drivers/src/flexcan/flexcan_irq.o
                0x01004ab4                CAN3_Error_IRQHandler
 .text.CAN3_ORed_00_03_MB_IRQHandler
                0x01004ad8       0x24 ./SDK/platform/drivers/src/flexcan/flexcan_irq.o
                0x01004ad8                CAN3_ORed_00_03_MB_IRQHandler
 .text.CAN3_ORed_04_07_MB_IRQHandler
                0x01004afc       0x24 ./SDK/platform/drivers/src/flexcan/flexcan_irq.o
                0x01004afc                CAN3_ORed_04_07_MB_IRQHandler
 .text.CAN3_ORed_08_11_MB_IRQHandler
                0x01004b20       0x24 ./SDK/platform/drivers/src/flexcan/flexcan_irq.o
                0x01004b20                CAN3_ORed_08_11_MB_IRQHandler
 .text.CAN3_ORed_12_15_MB_IRQHandler
                0x01004b44       0x24 ./SDK/platform/drivers/src/flexcan/flexcan_irq.o
                0x01004b44                CAN3_ORed_12_15_MB_IRQHandler
 .text.CAN3_ORed_16_31_MB_IRQHandler
                0x01004b68       0x24 ./SDK/platform/drivers/src/flexcan/flexcan_irq.o
                0x01004b68                CAN3_ORed_16_31_MB_IRQHandler
 .text.CAN3_ORed_32_63_MB_IRQHandler
                0x01004b8c       0x24 ./SDK/platform/drivers/src/flexcan/flexcan_irq.o
                0x01004b8c                CAN3_ORed_32_63_MB_IRQHandler
 .text.CAN3_ORed_64_95_MB_IRQHandler
                0x01004bb0       0x24 ./SDK/platform/drivers/src/flexcan/flexcan_irq.o
                0x01004bb0                CAN3_ORed_64_95_MB_IRQHandler
 .text.CAN4_ORed_IRQHandler
                0x01004bd4       0x24 ./SDK/platform/drivers/src/flexcan/flexcan_irq.o
                0x01004bd4                CAN4_ORed_IRQHandler
 .text.CAN4_Error_IRQHandler
                0x01004bf8       0x24 ./SDK/platform/drivers/src/flexcan/flexcan_irq.o
                0x01004bf8                CAN4_Error_IRQHandler
 .text.CAN4_ORed_00_03_MB_IRQHandler
                0x01004c1c       0x24 ./SDK/platform/drivers/src/flexcan/flexcan_irq.o
                0x01004c1c                CAN4_ORed_00_03_MB_IRQHandler
 .text.CAN4_ORed_04_07_MB_IRQHandler
                0x01004c40       0x24 ./SDK/platform/drivers/src/flexcan/flexcan_irq.o
                0x01004c40                CAN4_ORed_04_07_MB_IRQHandler
 .text.CAN4_ORed_08_11_MB_IRQHandler
                0x01004c64       0x24 ./SDK/platform/drivers/src/flexcan/flexcan_irq.o
                0x01004c64                CAN4_ORed_08_11_MB_IRQHandler
 .text.CAN4_ORed_12_15_MB_IRQHandler
                0x01004c88       0x24 ./SDK/platform/drivers/src/flexcan/flexcan_irq.o
                0x01004c88                CAN4_ORed_12_15_MB_IRQHandler
 .text.CAN4_ORed_16_31_MB_IRQHandler
                0x01004cac       0x24 ./SDK/platform/drivers/src/flexcan/flexcan_irq.o
                0x01004cac                CAN4_ORed_16_31_MB_IRQHandler
 .text.CAN4_ORed_32_63_MB_IRQHandler
                0x01004cd0       0x24 ./SDK/platform/drivers/src/flexcan/flexcan_irq.o
                0x01004cd0                CAN4_ORed_32_63_MB_IRQHandler
 .text.CAN4_ORed_64_95_MB_IRQHandler
                0x01004cf4       0x24 ./SDK/platform/drivers/src/flexcan/flexcan_irq.o
                0x01004cf4                CAN4_ORed_64_95_MB_IRQHandler
 .text.CAN5_ORed_IRQHandler
                0x01004d18       0x24 ./SDK/platform/drivers/src/flexcan/flexcan_irq.o
                0x01004d18                CAN5_ORed_IRQHandler
 .text.CAN5_Error_IRQHandler
                0x01004d3c       0x24 ./SDK/platform/drivers/src/flexcan/flexcan_irq.o
                0x01004d3c                CAN5_Error_IRQHandler
 .text.CAN5_ORed_00_03_MB_IRQHandler
                0x01004d60       0x24 ./SDK/platform/drivers/src/flexcan/flexcan_irq.o
                0x01004d60                CAN5_ORed_00_03_MB_IRQHandler
 .text.CAN5_ORed_04_07_MB_IRQHandler
                0x01004d84       0x24 ./SDK/platform/drivers/src/flexcan/flexcan_irq.o
                0x01004d84                CAN5_ORed_04_07_MB_IRQHandler
 .text.CAN5_ORed_08_11_MB_IRQHandler
                0x01004da8       0x24 ./SDK/platform/drivers/src/flexcan/flexcan_irq.o
                0x01004da8                CAN5_ORed_08_11_MB_IRQHandler
 .text.CAN5_ORed_12_15_MB_IRQHandler
                0x01004dcc       0x24 ./SDK/platform/drivers/src/flexcan/flexcan_irq.o
                0x01004dcc                CAN5_ORed_12_15_MB_IRQHandler
 .text.CAN5_ORed_16_31_MB_IRQHandler
                0x01004df0       0x24 ./SDK/platform/drivers/src/flexcan/flexcan_irq.o
                0x01004df0                CAN5_ORed_16_31_MB_IRQHandler
 .text.CAN5_ORed_32_63_MB_IRQHandler
                0x01004e14       0x24 ./SDK/platform/drivers/src/flexcan/flexcan_irq.o
                0x01004e14                CAN5_ORed_32_63_MB_IRQHandler
 .text.CAN5_ORed_64_95_MB_IRQHandler
                0x01004e38       0x24 ./SDK/platform/drivers/src/flexcan/flexcan_irq.o
                0x01004e38                CAN5_ORed_64_95_MB_IRQHandler
 .text.CAN6_ORed_IRQHandler
                0x01004e5c       0x24 ./SDK/platform/drivers/src/flexcan/flexcan_irq.o
                0x01004e5c                CAN6_ORed_IRQHandler
 .text.CAN6_Error_IRQHandler
                0x01004e80       0x24 ./SDK/platform/drivers/src/flexcan/flexcan_irq.o
                0x01004e80                CAN6_Error_IRQHandler
 .text.CAN6_ORed_00_03_MB_IRQHandler
                0x01004ea4       0x24 ./SDK/platform/drivers/src/flexcan/flexcan_irq.o
                0x01004ea4                CAN6_ORed_00_03_MB_IRQHandler
 .text.CAN6_ORed_04_07_MB_IRQHandler
                0x01004ec8       0x24 ./SDK/platform/drivers/src/flexcan/flexcan_irq.o
                0x01004ec8                CAN6_ORed_04_07_MB_IRQHandler
 .text.CAN6_ORed_08_11_MB_IRQHandler
                0x01004eec       0x24 ./SDK/platform/drivers/src/flexcan/flexcan_irq.o
                0x01004eec                CAN6_ORed_08_11_MB_IRQHandler
 .text.CAN6_ORed_12_15_MB_IRQHandler
                0x01004f10       0x24 ./SDK/platform/drivers/src/flexcan/flexcan_irq.o
                0x01004f10                CAN6_ORed_12_15_MB_IRQHandler
 .text.CAN6_ORed_16_31_MB_IRQHandler
                0x01004f34       0x24 ./SDK/platform/drivers/src/flexcan/flexcan_irq.o
                0x01004f34                CAN6_ORed_16_31_MB_IRQHandler
 .text.CAN6_ORed_32_63_MB_IRQHandler
                0x01004f58       0x24 ./SDK/platform/drivers/src/flexcan/flexcan_irq.o
                0x01004f58                CAN6_ORed_32_63_MB_IRQHandler
 .text.CAN6_ORed_64_95_MB_IRQHandler
                0x01004f7c       0x24 ./SDK/platform/drivers/src/flexcan/flexcan_irq.o
                0x01004f7c                CAN6_ORed_64_95_MB_IRQHandler
 .text.CAN7_ORed_IRQHandler
                0x01004fa0       0x24 ./SDK/platform/drivers/src/flexcan/flexcan_irq.o
                0x01004fa0                CAN7_ORed_IRQHandler
 .text.CAN7_Error_IRQHandler
                0x01004fc4       0x24 ./SDK/platform/drivers/src/flexcan/flexcan_irq.o
                0x01004fc4                CAN7_Error_IRQHandler
 .text.CAN7_ORed_00_03_MB_IRQHandler
                0x01004fe8       0x24 ./SDK/platform/drivers/src/flexcan/flexcan_irq.o
                0x01004fe8                CAN7_ORed_00_03_MB_IRQHandler
 .text.CAN7_ORed_04_07_MB_IRQHandler
                0x0100500c       0x24 ./SDK/platform/drivers/src/flexcan/flexcan_irq.o
                0x0100500c                CAN7_ORed_04_07_MB_IRQHandler
 .text.CAN7_ORed_08_11_MB_IRQHandler
                0x01005030       0x24 ./SDK/platform/drivers/src/flexcan/flexcan_irq.o
                0x01005030                CAN7_ORed_08_11_MB_IRQHandler
 .text.CAN7_ORed_12_15_MB_IRQHandler
                0x01005054       0x24 ./SDK/platform/drivers/src/flexcan/flexcan_irq.o
                0x01005054                CAN7_ORed_12_15_MB_IRQHandler
 .text.CAN7_ORed_16_31_MB_IRQHandler
                0x01005078       0x24 ./SDK/platform/drivers/src/flexcan/flexcan_irq.o
                0x01005078                CAN7_ORed_16_31_MB_IRQHandler
 .text.CAN7_ORed_32_63_MB_IRQHandler
                0x0100509c       0x24 ./SDK/platform/drivers/src/flexcan/flexcan_irq.o
                0x0100509c                CAN7_ORed_32_63_MB_IRQHandler
 .text.CAN7_ORed_64_95_MB_IRQHandler
                0x010050c0       0x24 ./SDK/platform/drivers/src/flexcan/flexcan_irq.o
                0x010050c0                CAN7_ORed_64_95_MB_IRQHandler
 .text.DevAssert
                0x010050e4       0x38 ./SDK/platform/drivers/src/flexcan/flexcan_hw_access.o
 .text.FLEXCAN_IsFDEnabled
                0x0100511c       0x36 ./SDK/platform/drivers/src/flexcan/flexcan_hw_access.o
 *fill*         0x01005152        0x2 
 .text.FLEXCAN_IsRxFifoEnabled
                0x01005154       0x36 ./SDK/platform/drivers/src/flexcan/flexcan_hw_access.o
 *fill*         0x0100518a        0x2 
 .text.RxFifoOcuppiedLastMsgBuff
                0x0100518c       0x22 ./SDK/platform/drivers/src/flexcan/flexcan_hw_access.o
 *fill*         0x010051ae        0x2 
 .text.FLEXCAN_GetMsgBuffRegion
                0x010051b0       0x94 ./SDK/platform/drivers/src/flexcan/flexcan_hw_access.o
 .text.FLEXCAN_ComputeDLCValue
                0x01005244      0x210 ./SDK/platform/drivers/src/flexcan/flexcan_hw_access.o
 .text.FLEXCAN_ComputePayloadSize
                0x01005454       0xc6 ./SDK/platform/drivers/src/flexcan/flexcan_hw_access.o
 *fill*         0x0100551a        0x2 
 .text.FLEXCAN_GetMaxMbNum
                0x0100551c       0xdc ./SDK/platform/drivers/src/flexcan/flexcan_hw_access.o
 .text.FLEXCAN_ClearRAM
                0x010055f8       0xac ./SDK/platform/drivers/src/flexcan/flexcan_hw_access.o
 .text.FLEXCAN_Enable
                0x010056a4       0x7c ./SDK/platform/drivers/src/flexcan/flexcan_hw_access.o
                0x010056a4                FLEXCAN_Enable
 .text.FLEXCAN_Disable
                0x01005720       0x5e ./SDK/platform/drivers/src/flexcan/flexcan_hw_access.o
                0x01005720                FLEXCAN_Disable
 *fill*         0x0100577e        0x2 
 .text.FLEXCAN_Init
                0x01005780       0x8e ./SDK/platform/drivers/src/flexcan/flexcan_hw_access.o
                0x01005780                FLEXCAN_Init
 *fill*         0x0100580e        0x2 
 .text.FLEXCAN_SetTxMsgBuff
                0x01005810      0x3d4 ./SDK/platform/drivers/src/flexcan/flexcan_hw_access.o
                0x01005810                FLEXCAN_SetTxMsgBuff
 .text.FLEXCAN_SetRxMsgBuff
                0x01005be4      0x1c6 ./SDK/platform/drivers/src/flexcan/flexcan_hw_access.o
                0x01005be4                FLEXCAN_SetRxMsgBuff
 *fill*         0x01005daa        0x2 
 .text.FLEXCAN_GetMsgBuff
                0x01005dac      0x21a ./SDK/platform/drivers/src/flexcan/flexcan_hw_access.o
                0x01005dac                FLEXCAN_GetMsgBuff
 *fill*         0x01005fc6        0x2 
 .text.FLEXCAN_LockRxMsgBuff
                0x01005fc8       0x74 ./SDK/platform/drivers/src/flexcan/flexcan_hw_access.o
                0x01005fc8                FLEXCAN_LockRxMsgBuff
 .text.FLEXCAN_EnableRxFifo
                0x0100603c       0xc8 ./SDK/platform/drivers/src/flexcan/flexcan_hw_access.o
                0x0100603c                FLEXCAN_EnableRxFifo
 .text.FLEXCAN_SetMaxMsgBuffNum
                0x01006104      0x150 ./SDK/platform/drivers/src/flexcan/flexcan_hw_access.o
                0x01006104                FLEXCAN_SetMaxMsgBuffNum
 .text.FLEXCAN_SetRxFifoFilter
                0x01006254      0x3d6 ./SDK/platform/drivers/src/flexcan/flexcan_hw_access.o
                0x01006254                FLEXCAN_SetRxFifoFilter
 *fill*         0x0100662a        0x2 
 .text.FLEXCAN_SetMsgBuffIntCmd
                0x0100662c      0x188 ./SDK/platform/drivers/src/flexcan/flexcan_hw_access.o
                0x0100662c                FLEXCAN_SetMsgBuffIntCmd
 .text.FLEXCAN_SetErrIntCmd
                0x010067b4       0x9c ./SDK/platform/drivers/src/flexcan/flexcan_hw_access.o
                0x010067b4                FLEXCAN_SetErrIntCmd
 .text.FLEXCAN_ExitFreezeMode
                0x01006850       0x50 ./SDK/platform/drivers/src/flexcan/flexcan_hw_access.o
                0x01006850                FLEXCAN_ExitFreezeMode
 .text.FLEXCAN_EnterFreezeMode
                0x010068a0       0x50 ./SDK/platform/drivers/src/flexcan/flexcan_hw_access.o
                0x010068a0                FLEXCAN_EnterFreezeMode
 .text.FLEXCAN_ClearErrIntStatusFlag
                0x010068f0       0x38 ./SDK/platform/drivers/src/flexcan/flexcan_hw_access.o
                0x010068f0                FLEXCAN_ClearErrIntStatusFlag
 .text.FLEXCAN_ReadRxFifo
                0x01006928      0x10e ./SDK/platform/drivers/src/flexcan/flexcan_hw_access.o
                0x01006928                FLEXCAN_ReadRxFifo
 *fill*         0x01006a36        0x2 
 .text.FLEXCAN_SetOperationMode
                0x01006a38      0x104 ./SDK/platform/drivers/src/flexcan/flexcan_hw_access.o
                0x01006a38                FLEXCAN_SetOperationMode
 .text.FLEXCAN_SetPayloadSize
                0x01006b3c       0xce ./SDK/platform/drivers/src/flexcan/flexcan_hw_access.o
                0x01006b3c                FLEXCAN_SetPayloadSize
 *fill*         0x01006c0a        0x2 
 .text.FLEXCAN_GetPayloadSize
                0x01006c0c       0x68 ./SDK/platform/drivers/src/flexcan/flexcan_hw_access.o
                0x01006c0c                FLEXCAN_GetPayloadSize
 .text.DevAssert
                0x01006c74       0x38 ./SDK/platform/drivers/src/flexcan/flexcan_driver.o
 .text.FLEXCAN_SelectClock
                0x01006cac       0x2e ./SDK/platform/drivers/src/flexcan/flexcan_driver.o
 *fill*         0x01006cda        0x2 
 .text.FLEXCAN_SetTimeSegments
                0x01006cdc       0x88 ./SDK/platform/drivers/src/flexcan/flexcan_driver.o
 .text.FLEXCAN_SetExtendedTimeSegments
                0x01006d64       0x92 ./SDK/platform/drivers/src/flexcan/flexcan_driver.o
 *fill*         0x01006df6        0x2 
 .text.FLEXCAN_SetFDTimeSegments
                0x01006df8       0x98 ./SDK/platform/drivers/src/flexcan/flexcan_driver.o
 .text.FLEXCAN_SetFDEnabled
                0x01006e90       0x7a ./SDK/platform/drivers/src/flexcan/flexcan_driver.o
 *fill*         0x01006f0a        0x2 
 .text.FLEXCAN_IsFDEnabled
                0x01006f0c       0x36 ./SDK/platform/drivers/src/flexcan/flexcan_driver.o
 *fill*         0x01006f42        0x2 
 .text.FLEXCAN_UnlockRxMsgBuff
                0x01006f44       0x1a ./SDK/platform/drivers/src/flexcan/flexcan_driver.o
 *fill*         0x01006f5e        0x2 
 .text.FLEXCAN_IsRxFifoEnabled
                0x01006f60       0x36 ./SDK/platform/drivers/src/flexcan/flexcan_driver.o
 *fill*         0x01006f96        0x2 
 .text.FLEXCAN_GetMaxMsgBuffNum
                0x01006f98       0x20 ./SDK/platform/drivers/src/flexcan/flexcan_driver.o
 .text.FLEXCAN_GetMsgBuffIntStatusFlag
                0x01006fb8       0xde ./SDK/platform/drivers/src/flexcan/flexcan_driver.o
 *fill*         0x01007096        0x2 
 .text.FLEXCAN_ClearMsgBuffIntStatusFlag
                0x01007098       0x9c ./SDK/platform/drivers/src/flexcan/flexcan_driver.o
 .text.FLEXCAN_SetRxMaskType
                0x01007134       0x4c ./SDK/platform/drivers/src/flexcan/flexcan_driver.o
 .text.FLEXCAN_SetRxIndividualStdMask
                0x01007180       0x32 ./SDK/platform/drivers/src/flexcan/flexcan_driver.o
 *fill*         0x010071b2        0x2 
 .text.FLEXCAN_SetRxIndividualExtMask
                0x010071b4       0x30 ./SDK/platform/drivers/src/flexcan/flexcan_driver.o
 .text.FLEXCAN_SetStuffBitCount
                0x010071e4       0x4a ./SDK/platform/drivers/src/flexcan/flexcan_driver.o
 *fill*         0x0100722e        0x2 
 .text.FLEXCAN_SetSelfReception
                0x01007230       0x4a ./SDK/platform/drivers/src/flexcan/flexcan_driver.o
 *fill*         0x0100727a        0x2 
 .text.FLEXCAN_SetRxFifoDMA
                0x0100727c       0x4a ./SDK/platform/drivers/src/flexcan/flexcan_driver.o
 *fill*         0x010072c6        0x2 
 .text.FLEXCAN_IsPNEnabled
                0x010072c8       0x36 ./SDK/platform/drivers/src/flexcan/flexcan_driver.o
 *fill*         0x010072fe        0x2 
 .text.FLEXCAN_GetWTOF
                0x01007300       0x26 ./SDK/platform/drivers/src/flexcan/flexcan_driver.o
 *fill*         0x01007326        0x2 
 .text.FLEXCAN_ClearWTOF
                0x01007328       0x26 ./SDK/platform/drivers/src/flexcan/flexcan_driver.o
 *fill*         0x0100734e        0x2 
 .text.FLEXCAN_GetWUMF
                0x01007350       0x26 ./SDK/platform/drivers/src/flexcan/flexcan_driver.o
 *fill*         0x01007376        0x2 
 .text.FLEXCAN_ClearWUMF
                0x01007378       0x26 ./SDK/platform/drivers/src/flexcan/flexcan_driver.o
 *fill*         0x0100739e        0x2 
 .text.FLEXCAN_IsSelfWakeUpEnabled
                0x010073a0       0x36 ./SDK/platform/drivers/src/flexcan/flexcan_driver.o
 *fill*         0x010073d6        0x2 
 .text.FLEXCAN_GetWAKINT
                0x010073d8       0x22 ./SDK/platform/drivers/src/flexcan/flexcan_driver.o
 *fill*         0x010073fa        0x2 
 .text.FLEXCAN_ClearWAKINT
                0x010073fc       0x22 ./SDK/platform/drivers/src/flexcan/flexcan_driver.o
 *fill*         0x0100741e        0x2 
 .text.FLEXCAN_DRV_SetRxMaskType
                0x01007420       0x72 ./SDK/platform/drivers/src/flexcan/flexcan_driver.o
                0x01007420                FLEXCAN_DRV_SetRxMaskType
 *fill*         0x01007492        0x2 
 .text.FLEXCAN_DRV_SetRxIndividualMask
                0x01007494       0xf8 ./SDK/platform/drivers/src/flexcan/flexcan_driver.o
                0x01007494                FLEXCAN_DRV_SetRxIndividualMask
 .text.FLEXCAN_DRV_Init
                0x0100758c      0x494 ./SDK/platform/drivers/src/flexcan/flexcan_driver.o
                0x0100758c                FLEXCAN_DRV_Init
 .text.FLEXCAN_DRV_ConfigTxMb
                0x01007a20       0xd4 ./SDK/platform/drivers/src/flexcan/flexcan_driver.o
                0x01007a20                FLEXCAN_DRV_ConfigTxMb
 .text.FLEXCAN_DRV_Send
                0x01007af4       0xda ./SDK/platform/drivers/src/flexcan/flexcan_driver.o
                0x01007af4                FLEXCAN_DRV_Send
 *fill*         0x01007bce        0x2 
 .text.FLEXCAN_DRV_ConfigRxMb
                0x01007bd0      0x130 ./SDK/platform/drivers/src/flexcan/flexcan_driver.o
                0x01007bd0                FLEXCAN_DRV_ConfigRxMb
 .text.FLEXCAN_DRV_ConfigRxFifo
                0x01007d00       0x76 ./SDK/platform/drivers/src/flexcan/flexcan_driver.o
                0x01007d00                FLEXCAN_DRV_ConfigRxFifo
 *fill*         0x01007d76        0x2 
 .text.FLEXCAN_DRV_Receive
                0x01007d78       0x6c ./SDK/platform/drivers/src/flexcan/flexcan_driver.o
                0x01007d78                FLEXCAN_DRV_Receive
 .text.FLEXCAN_DRV_RxFifo
                0x01007de4       0x5c ./SDK/platform/drivers/src/flexcan/flexcan_driver.o
                0x01007de4                FLEXCAN_DRV_RxFifo
 .text.FLEXCAN_IRQHandler
                0x01007e40      0x356 ./SDK/platform/drivers/src/flexcan/flexcan_driver.o
                0x01007e40                FLEXCAN_IRQHandler
 *fill*         0x01008196        0x2 
 .text.FLEXCAN_WakeUpHandler
                0x01008198      0x180 ./SDK/platform/drivers/src/flexcan/flexcan_driver.o
                0x01008198                FLEXCAN_WakeUpHandler
 .text.FLEXCAN_StartSendData
                0x01008318      0x1a4 ./SDK/platform/drivers/src/flexcan/flexcan_driver.o
 .text.FLEXCAN_StartRxMessageBufferData
                0x010084bc      0x130 ./SDK/platform/drivers/src/flexcan/flexcan_driver.o
 .text.FLEXCAN_StartRxMessageFifoData
                0x010085ec      0x1e6 ./SDK/platform/drivers/src/flexcan/flexcan_driver.o
 *fill*         0x010087d2        0x2 
 .text.FLEXCAN_CompleteTransfer
                0x010087d4       0xce ./SDK/platform/drivers/src/flexcan/flexcan_driver.o
 *fill*         0x010088a2        0x2 
 .text.FLEXCAN_CompleteRxFifoDataDMA
                0x010088a4       0x30 ./SDK/platform/drivers/src/flexcan/flexcan_driver.o
 .text.FLEXCAN_CompleteRxMessageFifoData
                0x010088d4      0x158 ./SDK/platform/drivers/src/flexcan/flexcan_driver.o
 .text.FLEXCAN_DRV_InstallEventCallback
                0x01008a2c       0x70 ./SDK/platform/drivers/src/flexcan/flexcan_driver.o
                0x01008a2c                FLEXCAN_DRV_InstallEventCallback
 .text.EDMA_GetErrorIntStatusFlag
                0x01008a9c       0x1c ./SDK/platform/drivers/src/edma/edma_irq.o
 .text.DMA0_IRQHandler
                0x01008ab8       0x24 ./SDK/platform/drivers/src/edma/edma_irq.o
                0x01008ab8                DMA0_IRQHandler
 .text.DMA1_IRQHandler
                0x01008adc       0x24 ./SDK/platform/drivers/src/edma/edma_irq.o
                0x01008adc                DMA1_IRQHandler
 .text.DMA2_IRQHandler
                0x01008b00       0x24 ./SDK/platform/drivers/src/edma/edma_irq.o
                0x01008b00                DMA2_IRQHandler
 .text.DMA3_IRQHandler
                0x01008b24       0x24 ./SDK/platform/drivers/src/edma/edma_irq.o
                0x01008b24                DMA3_IRQHandler
 .text.DMA4_IRQHandler
                0x01008b48       0x24 ./SDK/platform/drivers/src/edma/edma_irq.o
                0x01008b48                DMA4_IRQHandler
 .text.DMA5_IRQHandler
                0x01008b6c       0x24 ./SDK/platform/drivers/src/edma/edma_irq.o
                0x01008b6c                DMA5_IRQHandler
 .text.DMA6_IRQHandler
                0x01008b90       0x24 ./SDK/platform/drivers/src/edma/edma_irq.o
                0x01008b90                DMA6_IRQHandler
 .text.DMA7_IRQHandler
                0x01008bb4       0x24 ./SDK/platform/drivers/src/edma/edma_irq.o
                0x01008bb4                DMA7_IRQHandler
 .text.DMA8_IRQHandler
                0x01008bd8       0x24 ./SDK/platform/drivers/src/edma/edma_irq.o
                0x01008bd8                DMA8_IRQHandler
 .text.DMA9_IRQHandler
                0x01008bfc       0x24 ./SDK/platform/drivers/src/edma/edma_irq.o
                0x01008bfc                DMA9_IRQHandler
 .text.DMA10_IRQHandler
                0x01008c20       0x24 ./SDK/platform/drivers/src/edma/edma_irq.o
                0x01008c20                DMA10_IRQHandler
 .text.DMA11_IRQHandler
                0x01008c44       0x24 ./SDK/platform/drivers/src/edma/edma_irq.o
                0x01008c44                DMA11_IRQHandler
 .text.DMA12_IRQHandler
                0x01008c68       0x24 ./SDK/platform/drivers/src/edma/edma_irq.o
                0x01008c68                DMA12_IRQHandler
 .text.DMA13_IRQHandler
                0x01008c8c       0x24 ./SDK/platform/drivers/src/edma/edma_irq.o
                0x01008c8c                DMA13_IRQHandler
 .text.DMA14_IRQHandler
                0x01008cb0       0x24 ./SDK/platform/drivers/src/edma/edma_irq.o
                0x01008cb0                DMA14_IRQHandler
 .text.DMA15_IRQHandler
                0x01008cd4       0x24 ./SDK/platform/drivers/src/edma/edma_irq.o
                0x01008cd4                DMA15_IRQHandler
 .text.DMA16_IRQHandler
                0x01008cf8       0x24 ./SDK/platform/drivers/src/edma/edma_irq.o
                0x01008cf8                DMA16_IRQHandler
 .text.DMA17_IRQHandler
                0x01008d1c       0x24 ./SDK/platform/drivers/src/edma/edma_irq.o
                0x01008d1c                DMA17_IRQHandler
 .text.DMA18_IRQHandler
                0x01008d40       0x24 ./SDK/platform/drivers/src/edma/edma_irq.o
                0x01008d40                DMA18_IRQHandler
 .text.DMA19_IRQHandler
                0x01008d64       0x24 ./SDK/platform/drivers/src/edma/edma_irq.o
                0x01008d64                DMA19_IRQHandler
 .text.DMA20_IRQHandler
                0x01008d88       0x24 ./SDK/platform/drivers/src/edma/edma_irq.o
                0x01008d88                DMA20_IRQHandler
 .text.DMA21_IRQHandler
                0x01008dac       0x24 ./SDK/platform/drivers/src/edma/edma_irq.o
                0x01008dac                DMA21_IRQHandler
 .text.DMA22_IRQHandler
                0x01008dd0       0x24 ./SDK/platform/drivers/src/edma/edma_irq.o
                0x01008dd0                DMA22_IRQHandler
 .text.DMA23_IRQHandler
                0x01008df4       0x24 ./SDK/platform/drivers/src/edma/edma_irq.o
                0x01008df4                DMA23_IRQHandler
 .text.DMA24_IRQHandler
                0x01008e18       0x24 ./SDK/platform/drivers/src/edma/edma_irq.o
                0x01008e18                DMA24_IRQHandler
 .text.DMA25_IRQHandler
                0x01008e3c       0x24 ./SDK/platform/drivers/src/edma/edma_irq.o
                0x01008e3c                DMA25_IRQHandler
 .text.DMA26_IRQHandler
                0x01008e60       0x24 ./SDK/platform/drivers/src/edma/edma_irq.o
                0x01008e60                DMA26_IRQHandler
 .text.DMA27_IRQHandler
                0x01008e84       0x24 ./SDK/platform/drivers/src/edma/edma_irq.o
                0x01008e84                DMA27_IRQHandler
 .text.DMA28_IRQHandler
                0x01008ea8       0x24 ./SDK/platform/drivers/src/edma/edma_irq.o
                0x01008ea8                DMA28_IRQHandler
 .text.DMA29_IRQHandler
                0x01008ecc       0x24 ./SDK/platform/drivers/src/edma/edma_irq.o
                0x01008ecc                DMA29_IRQHandler
 .text.DMA30_IRQHandler
                0x01008ef0       0x24 ./SDK/platform/drivers/src/edma/edma_irq.o
                0x01008ef0                DMA30_IRQHandler
 .text.DMA31_IRQHandler
                0x01008f14       0x24 ./SDK/platform/drivers/src/edma/edma_irq.o
                0x01008f14                DMA31_IRQHandler
 .text.DMA_Error_IRQHandler
                0x01008f38       0x86 ./SDK/platform/drivers/src/edma/edma_irq.o
                0x01008f38                DMA_Error_IRQHandler
 *fill*         0x01008fbe        0x2 
 .text.DevAssert
                0x01008fc0       0x38 ./SDK/platform/drivers/src/edma/edma_hw_access.o
 .text.EDMA_SetDmaRequestCmd
                0x01008ff8       0x4c ./SDK/platform/drivers/src/edma/edma_hw_access.o
                0x01008ff8                EDMA_SetDmaRequestCmd
 .text.EDMA_TCDClearReg
                0x01009044       0xf6 ./SDK/platform/drivers/src/edma/edma_hw_access.o
                0x01009044                EDMA_TCDClearReg
 *fill*         0x0100913a        0x2 
 .text.EDMA_TCDSetAttribute
                0x0100913c       0xa4 ./SDK/platform/drivers/src/edma/edma_hw_access.o
                0x0100913c                EDMA_TCDSetAttribute
 .text.EDMA_TCDSetNbytes
                0x010091e0      0x160 ./SDK/platform/drivers/src/edma/edma_hw_access.o
                0x010091e0                EDMA_TCDSetNbytes
 .text.EDMA_TCDSetMajorCount
                0x01009340      0x1a6 ./SDK/platform/drivers/src/edma/edma_hw_access.o
                0x01009340                EDMA_TCDSetMajorCount
 *fill*         0x010094e6        0x2 
 .text.DevAssert
                0x010094e8       0x38 ./SDK/platform/drivers/src/edma/edma_driver.o
 .text.EDMA_SetHaltCmd
                0x01009520       0x58 ./SDK/platform/drivers/src/edma/edma_driver.o
 .text.EDMA_ClearErrorIntStatusFlag
                0x01009578       0x4a ./SDK/platform/drivers/src/edma/edma_driver.o
 *fill*         0x010095c2        0x2 
 .text.EDMA_ClearDoneStatusFlag
                0x010095c4       0x4a ./SDK/platform/drivers/src/edma/edma_driver.o
 *fill*         0x0100960e        0x2 
 .text.EDMA_ClearIntStatusFlag
                0x01009610       0x4a ./SDK/platform/drivers/src/edma/edma_driver.o
 *fill*         0x0100965a        0x2 
 .text.EDMA_TCDSetSrcAddr
                0x0100965c       0x58 ./SDK/platform/drivers/src/edma/edma_driver.o
 .text.EDMA_TCDSetSrcOffset
                0x010096b4       0x5c ./SDK/platform/drivers/src/edma/edma_driver.o
 .text.EDMA_TCDSetDestAddr
                0x01009710       0x58 ./SDK/platform/drivers/src/edma/edma_driver.o
 .text.EDMA_TCDSetDestOffset
                0x01009768       0x5c ./SDK/platform/drivers/src/edma/edma_driver.o
 .text.EDMA_TCDSetMajorCompleteIntCmd
                0x010097c4       0xac ./SDK/platform/drivers/src/edma/edma_driver.o
 .text.EDMA_DRV_InstallCallback
                0x01009870       0xa6 ./SDK/platform/drivers/src/edma/edma_driver.o
                0x01009870                EDMA_DRV_InstallCallback
 *fill*         0x01009916        0x2 
 .text.EDMA_DRV_ClearIntStatus
                0x01009918       0x54 ./SDK/platform/drivers/src/edma/edma_driver.o
 .text.EDMA_DRV_IRQHandler
                0x0100996c       0x8e ./SDK/platform/drivers/src/edma/edma_driver.o
                0x0100996c                EDMA_DRV_IRQHandler
 *fill*         0x010099fa        0x2 
 .text.EDMA_DRV_ErrorIRQHandler
                0x010099fc       0xce ./SDK/platform/drivers/src/edma/edma_driver.o
                0x010099fc                EDMA_DRV_ErrorIRQHandler
 *fill*         0x01009aca        0x2 
 .text.EDMA_DRV_ConfigSingleBlockTransfer
                0x01009acc      0x266 ./SDK/platform/drivers/src/edma/edma_driver.o
                0x01009acc                EDMA_DRV_ConfigSingleBlockTransfer
 *fill*         0x01009d32        0x2 
 .text.EDMA_DRV_StartChannel
                0x01009d34       0xc0 ./SDK/platform/drivers/src/edma/edma_driver.o
                0x01009d34                EDMA_DRV_StartChannel
 .text.EDMA_DRV_StopChannel
                0x01009df4       0xc0 ./SDK/platform/drivers/src/edma/edma_driver.o
                0x01009df4                EDMA_DRV_StopChannel
 .text.EDMA_DRV_ValidTransferSize
                0x01009eb4       0x58 ./SDK/platform/drivers/src/edma/edma_driver.o
 .text.EDMA_DRV_GetDmaRegBaseAddr
                0x01009f0c       0x3e ./SDK/platform/drivers/src/edma/edma_driver.o
                0x01009f0c                EDMA_DRV_GetDmaRegBaseAddr
 *fill*         0x01009f4a        0x2 
 .text.DevAssert
                0x01009f4c       0x38 ./SDK/platform/drivers/src/clock/clock_manager.o
 .text.CLOCK_SYS_Init
                0x01009f84       0xa0 ./SDK/platform/drivers/src/clock/clock_manager.o
                0x01009f84                CLOCK_SYS_Init
 .text.CLOCK_SYS_UpdateConfiguration
                0x0100a024      0x344 ./SDK/platform/drivers/src/clock/clock_manager.o
                0x0100a024                CLOCK_SYS_UpdateConfiguration
 .text.DevAssert
                0x0100a368       0x38 ./SDK/platform/drivers/src/clock/MPC57xx/clock_MPC57xx.o
 .text.MC_ME_ChangeMode
                0x0100a3a0       0x3a ./SDK/platform/drivers/src/clock/MPC57xx/clock_MPC57xx.o
 *fill*         0x0100a3da        0x2 
 .text.MC_ME_GetTransitionStatus
                0x0100a3dc       0x30 ./SDK/platform/drivers/src/clock/MPC57xx/clock_MPC57xx.o
 .text.MC_ME_SetClockSources
                0x0100a40c      0x14c ./SDK/platform/drivers/src/clock/MPC57xx/clock_MPC57xx.o
 .text.MC_ME_SetClockSourcesInDrunMode
                0x0100a558       0x88 ./SDK/platform/drivers/src/clock/MPC57xx/clock_MPC57xx.o
 .text.MC_ME_SetClockSourcesInRun0Mode
                0x0100a5e0       0x88 ./SDK/platform/drivers/src/clock/MPC57xx/clock_MPC57xx.o
 .text.MC_ME_SetClockSourcesInRun1Mode
                0x0100a668       0x88 ./SDK/platform/drivers/src/clock/MPC57xx/clock_MPC57xx.o
 .text.MC_ME_SetClockSourcesInRun2Mode
                0x0100a6f0       0x88 ./SDK/platform/drivers/src/clock/MPC57xx/clock_MPC57xx.o
 .text.MC_ME_SetClockSourcesInRun3Mode
                0x0100a778       0x88 ./SDK/platform/drivers/src/clock/MPC57xx/clock_MPC57xx.o
 .text.MC_ME_SetClockSourcesInSafeMode
                0x0100a800       0x88 ./SDK/platform/drivers/src/clock/MPC57xx/clock_MPC57xx.o
 .text.MC_ME_SetClockSourcesInTestMode
                0x0100a888       0x3c ./SDK/platform/drivers/src/clock/MPC57xx/clock_MPC57xx.o
 .text.MC_ME_SetClockSourcesInStopMode
                0x0100a8c4       0x88 ./SDK/platform/drivers/src/clock/MPC57xx/clock_MPC57xx.o
 .text.MC_ME_SetClockSourcesInStandbyMode
                0x0100a94c       0x88 ./SDK/platform/drivers/src/clock/MPC57xx/clock_MPC57xx.o
 .text.MC_ME_SetClockSourcesInHaltMode
                0x0100a9d4       0x3c ./SDK/platform/drivers/src/clock/MPC57xx/clock_MPC57xx.o
 .text.MC_ME_SetRunPeripheralConfig
                0x0100aa10      0x176 ./SDK/platform/drivers/src/clock/MPC57xx/clock_MPC57xx.o
 *fill*         0x0100ab86        0x2 
 .text.MC_ME_SetLowPeripheralConfig
                0x0100ab88       0x8e ./SDK/platform/drivers/src/clock/MPC57xx/clock_MPC57xx.o
 *fill*         0x0100ac16        0x2 
 .text.MC_ME_SetPeripheralClockControl
                0x0100ac18       0x5e ./SDK/platform/drivers/src/clock/MPC57xx/clock_MPC57xx.o
 *fill*         0x0100ac76        0x2 
 .text.CGM_SetAC0
                0x0100ac78       0x18 ./SDK/platform/drivers/src/clock/MPC57xx/clock_MPC57xx.o
 .text.CGM_SetAC0_DC0
                0x0100ac90       0x1c ./SDK/platform/drivers/src/clock/MPC57xx/clock_MPC57xx.o
 .text.CGM_SetAC0_DC1
                0x0100acac       0x1c ./SDK/platform/drivers/src/clock/MPC57xx/clock_MPC57xx.o
 .text.CGM_SetAC0_DC2
                0x0100acc8       0x1c ./SDK/platform/drivers/src/clock/MPC57xx/clock_MPC57xx.o
 .text.CGM_SetAC1
                0x0100ace4       0x18 ./SDK/platform/drivers/src/clock/MPC57xx/clock_MPC57xx.o
 .text.CGM_SetAC1_DC0
                0x0100acfc       0x1c ./SDK/platform/drivers/src/clock/MPC57xx/clock_MPC57xx.o
 .text.CGM_SetAC1_DC1
                0x0100ad18       0x1c ./SDK/platform/drivers/src/clock/MPC57xx/clock_MPC57xx.o
 .text.CGM_SetAC2
                0x0100ad34       0x26 ./SDK/platform/drivers/src/clock/MPC57xx/clock_MPC57xx.o
 *fill*         0x0100ad5a        0x2 
 .text.CGM_SetAC2_DC0
                0x0100ad5c       0x1c ./SDK/platform/drivers/src/clock/MPC57xx/clock_MPC57xx.o
 .text.CGM_SetAC3
                0x0100ad78       0x18 ./SDK/platform/drivers/src/clock/MPC57xx/clock_MPC57xx.o
 .text.CGM_SetAC4
                0x0100ad90       0x26 ./SDK/platform/drivers/src/clock/MPC57xx/clock_MPC57xx.o
 *fill*         0x0100adb6        0x2 
 .text.CGM_SetAC5
                0x0100adb8       0x26 ./SDK/platform/drivers/src/clock/MPC57xx/clock_MPC57xx.o
 *fill*         0x0100adde        0x2 
 .text.CGM_SetAC5_DC0
                0x0100ade0       0x1c ./SDK/platform/drivers/src/clock/MPC57xx/clock_MPC57xx.o
 .text.CGM_SetAC6
                0x0100adfc       0x26 ./SDK/platform/drivers/src/clock/MPC57xx/clock_MPC57xx.o
 *fill*         0x0100ae22        0x2 
 .text.CGM_SetAC6_DC0
                0x0100ae24       0x4e ./SDK/platform/drivers/src/clock/MPC57xx/clock_MPC57xx.o
 *fill*         0x0100ae72        0x2 
 .text.CGM_SetAC8
                0x0100ae74       0x26 ./SDK/platform/drivers/src/clock/MPC57xx/clock_MPC57xx.o
 *fill*         0x0100ae9a        0x2 
 .text.CGM_SetAC9
                0x0100ae9c       0x26 ./SDK/platform/drivers/src/clock/MPC57xx/clock_MPC57xx.o
 *fill*         0x0100aec2        0x2 
 .text.CGM_SetAC10
                0x0100aec4       0x18 ./SDK/platform/drivers/src/clock/MPC57xx/clock_MPC57xx.o
 .text.CGM_SetAC10_DC0
                0x0100aedc       0x1c ./SDK/platform/drivers/src/clock/MPC57xx/clock_MPC57xx.o
 .text.CGM_SetAC11
                0x0100aef8       0x18 ./SDK/platform/drivers/src/clock/MPC57xx/clock_MPC57xx.o
 .text.CGM_SetAC11_DC0
                0x0100af10       0x1c ./SDK/platform/drivers/src/clock/MPC57xx/clock_MPC57xx.o
 .text.CGM_SetClkout0
                0x0100af2c       0x1e ./SDK/platform/drivers/src/clock/MPC57xx/clock_MPC57xx.o
 *fill*         0x0100af4a        0x2 
 .text.CGM_SetClkout1
                0x0100af4c       0x6c ./SDK/platform/drivers/src/clock/MPC57xx/clock_MPC57xx.o
 .text.CGM_SetSC_DC0
                0x0100afb8       0x4e ./SDK/platform/drivers/src/clock/MPC57xx/clock_MPC57xx.o
 *fill*         0x0100b006        0x2 
 .text.CGM_SetSC_DC1
                0x0100b008       0x4e ./SDK/platform/drivers/src/clock/MPC57xx/clock_MPC57xx.o
 *fill*         0x0100b056        0x2 
 .text.CGM_SetSC_DC2
                0x0100b058       0x4e ./SDK/platform/drivers/src/clock/MPC57xx/clock_MPC57xx.o
 *fill*         0x0100b0a6        0x2 
 .text.CGM_SetSC_DC3
                0x0100b0a8       0x4e ./SDK/platform/drivers/src/clock/MPC57xx/clock_MPC57xx.o
 *fill*         0x0100b0f6        0x2 
 .text.CGM_SetSC_DC4
                0x0100b0f8       0x4e ./SDK/platform/drivers/src/clock/MPC57xx/clock_MPC57xx.o
 *fill*         0x0100b146        0x2 
 .text.CGM_SetSC_DC5
                0x0100b148       0x4e ./SDK/platform/drivers/src/clock/MPC57xx/clock_MPC57xx.o
 *fill*         0x0100b196        0x2 
 .text.CGM_SetSC_DC6
                0x0100b198       0x1c ./SDK/platform/drivers/src/clock/MPC57xx/clock_MPC57xx.o
 .text.CAN_SelectClock
                0x0100b1b4       0x2e ./SDK/platform/drivers/src/clock/MPC57xx/clock_MPC57xx.o
 *fill*         0x0100b1e2        0x2 
 .text.CGMCS_SetSircDivider
                0x0100b1e4       0x28 ./SDK/platform/drivers/src/clock/MPC57xx/clock_MPC57xx.o
 .text.CGMCS_SetFircDivider
                0x0100b20c       0x28 ./SDK/platform/drivers/src/clock/MPC57xx/clock_MPC57xx.o
 .text.CGMCS_SetSxosc
                0x0100b234       0x40 ./SDK/platform/drivers/src/clock/MPC57xx/clock_MPC57xx.o
 .text.CGMCS_SetFxosc
                0x0100b274       0x4a ./SDK/platform/drivers/src/clock/MPC57xx/clock_MPC57xx.o
 *fill*         0x0100b2be        0x2 
 .text.CGMCS_PLLDivider
                0x0100b2c0       0xa0 ./SDK/platform/drivers/src/clock/MPC57xx/clock_MPC57xx.o
 .text.CGMCS_SetPLLDenominatorFractionalLoopDivider
                0x0100b360       0x24 ./SDK/platform/drivers/src/clock/MPC57xx/clock_MPC57xx.o
 .text.CGMCS_SetPLLNumeratorFractionalLoopDivider
                0x0100b384       0x22 ./SDK/platform/drivers/src/clock/MPC57xx/clock_MPC57xx.o
 *fill*         0x0100b3a6        0x2 
 .text.CGMCS_ConfigurePllModulation
                0x0100b3a8       0x5e ./SDK/platform/drivers/src/clock/MPC57xx/clock_MPC57xx.o
 *fill*         0x0100b406        0x2 
 .text.CLOCK_SYS_SetConfiguration
                0x0100b408       0xaa ./SDK/platform/drivers/src/clock/MPC57xx/clock_MPC57xx.o
                0x0100b408                CLOCK_SYS_SetConfiguration
 *fill*         0x0100b4b2        0x2 
 .text.CLOCK_SYS_ConfigureCgmcs
                0x0100b4b4       0x72 ./SDK/platform/drivers/src/clock/MPC57xx/clock_MPC57xx.o
 *fill*         0x0100b526        0x2 
 .text.CLOCK_SYS_ConfigureMcMe
                0x0100b528      0x61a ./SDK/platform/drivers/src/clock/MPC57xx/clock_MPC57xx.o
 *fill*         0x0100bb42        0x2 
 .text.CLOCK_SYS_ConfigureCgm
                0x0100bb44       0x48 ./SDK/platform/drivers/src/clock/MPC57xx/clock_MPC57xx.o
 .text.CLOCK_SYS_ConfigureModulesClk
                0x0100bb8c       0xe2 ./SDK/platform/drivers/src/clock/MPC57xx/clock_MPC57xx.o
 *fill*         0x0100bc6e        0x2 
 .text.CLOCK_SYS_SetIrc
                0x0100bc70       0x80 ./SDK/platform/drivers/src/clock/MPC57xx/clock_MPC57xx.o
 .text.CLOCK_SYS_SetXosc
                0x0100bcf0       0xd6 ./SDK/platform/drivers/src/clock/MPC57xx/clock_MPC57xx.o
 *fill*         0x0100bdc6        0x2 
 .text.CLOCK_SYS_SetPll
                0x0100bdc8      0x1c2 ./SDK/platform/drivers/src/clock/MPC57xx/clock_MPC57xx.o
 *fill*         0x0100bf8a        0x2 
 .text.CLOCK_SYS_ConfigureSystemClockDividers
                0x0100bf8c      0x162 ./SDK/platform/drivers/src/clock/MPC57xx/clock_MPC57xx.o
 *fill*         0x0100c0ee        0x2 
 .text.CLOCK_SYS_ConfigureAuxiliarySelectorsAndDividers
                0x0100c0f0      0x2c2 ./SDK/platform/drivers/src/clock/MPC57xx/clock_MPC57xx.o
 *fill*         0x0100c3b2        0x2 
 .text.CLOCK_SYS_ConfigureClockouts
                0x0100c3b4       0x98 ./SDK/platform/drivers/src/clock/MPC57xx/clock_MPC57xx.o
 .text.init_data_bss
                0x0100c44c      0x1d0 ./SDK/platform/devices/startup.o
                0x0100c44c                init_data_bss
 .text.DevAssert
                0x0100c61c       0x38 ./SDK/platform/devices/MPC5748G/startup/system_MPC5748G.o
 .text.SystemInit
                0x0100c654      0x196 ./SDK/platform/devices/MPC5748G/startup/system_MPC5748G.o
                0x0100c654                SystemInit
 .text.memcpy   0x0100c7ea       0x3c C:/NXP/S32DS_Power_v2017.R1/S32DS/e200_ewl2/lib/e200z4/fp\libc99.a(memcpy.o)
                0x0100c7ea                memcpy
 .text.memset   0x0100c826       0x1a C:/NXP/S32DS_Power_v2017.R1/S32DS/e200_ewl2/lib/e200z4/fp\libc99.a(memset.o)
                0x0100c826                memset
 .text.__fill_mem
                0x0100c840       0xa0 C:/NXP/S32DS_Power_v2017.R1/S32DS/e200_ewl2/lib/e200z4/fp\libc99.a(__filll_mem.o)
                0x0100c840                __fill_mem
 *(.init)
 .init          0x0100c8e0        0xa c:/nxp/s32ds_power_v2017.r1/cross_tools/powerpc-eabivle-4_9/bin/../lib/gcc/powerpc-eabivle/4.9.4/e200z4/fp/ecrti.o
                0x0100c8e0                __init
 .init          0x0100c8ea        0x4 c:/nxp/s32ds_power_v2017.r1/cross_tools/powerpc-eabivle-4_9/bin/../lib/gcc/powerpc-eabivle/4.9.4/e200z4/fp/crtbegin.o
 .init          0x0100c8ee        0x4 c:/nxp/s32ds_power_v2017.r1/cross_tools/powerpc-eabivle-4_9/bin/../lib/gcc/powerpc-eabivle/4.9.4/e200z4/fp/crtend.o
 .init          0x0100c8f2        0xa c:/nxp/s32ds_power_v2017.r1/cross_tools/powerpc-eabivle-4_9/bin/../lib/gcc/powerpc-eabivle/4.9.4/e200z4/fp/ecrtn.o
 *(.fini)
 .fini          0x0100c8fc        0xa c:/nxp/s32ds_power_v2017.r1/cross_tools/powerpc-eabivle-4_9/bin/../lib/gcc/powerpc-eabivle/4.9.4/e200z4/fp/ecrti.o
                0x0100c8fc                __fini
 .fini          0x0100c906        0x4 c:/nxp/s32ds_power_v2017.r1/cross_tools/powerpc-eabivle-4_9/bin/../lib/gcc/powerpc-eabivle/4.9.4/e200z4/fp/crtbegin.o
 .fini          0x0100c90a        0xa c:/nxp/s32ds_power_v2017.r1/cross_tools/powerpc-eabivle-4_9/bin/../lib/gcc/powerpc-eabivle/4.9.4/e200z4/fp/ecrtn.o
                0x0100c920                . = ALIGN (0x10)
 *fill*         0x0100c914        0xc 

.glink          0x0100c920        0x0
 .glink         0x0100c920        0x0 c:/nxp/s32ds_power_v2017.r1/cross_tools/powerpc-eabivle-4_9/bin/../lib/gcc/powerpc-eabivle/4.9.4/e200z4/fp/crtbegin.o

.preinit_array  0x0100c920        0x0
                [!provide]                PROVIDE (__preinit_array_start, .)
 *(.preinit_array)
                [!provide]                PROVIDE (__preinit_array_end, .)

.init_array     0x0100c920        0x0
                [!provide]                PROVIDE (__init_array_start, .)
 *(SORT(.init_array.*))
 *(.init_array)
                [!provide]                PROVIDE (__init_array_end, .)

.dtors          0x0100c920        0x8
 *crtbegin.o(.dtors)
 .dtors         0x0100c920        0x4 c:/nxp/s32ds_power_v2017.r1/cross_tools/powerpc-eabivle-4_9/bin/../lib/gcc/powerpc-eabivle/4.9.4/e200z4/fp/crtbegin.o
 *crtbegin?.o(.dtors)
 *(EXCLUDE_FILE(*crtend?.o *crtend.o) .dtors)
 .dtors         0x0100c924        0x0 c:/nxp/s32ds_power_v2017.r1/cross_tools/powerpc-eabivle-4_9/bin/../lib/gcc/powerpc-eabivle/4.9.4/e200z4/fp/ecrti.o
                0x0100c924                __DTOR_LIST__
 .dtors         0x0100c924        0x0 c:/nxp/s32ds_power_v2017.r1/cross_tools/powerpc-eabivle-4_9/bin/../lib/gcc/powerpc-eabivle/4.9.4/e200z4/fp/ecrtn.o
 *(SORT(.dtors.*))
 *(.dtors)
 .dtors         0x0100c924        0x4 c:/nxp/s32ds_power_v2017.r1/cross_tools/powerpc-eabivle-4_9/bin/../lib/gcc/powerpc-eabivle/4.9.4/e200z4/fp/crtend.o
                0x0100c924                __DTOR_END__

.ctors          0x0100c928        0x8
 *crtbegin.o(.ctors)
 .ctors         0x0100c928        0x4 c:/nxp/s32ds_power_v2017.r1/cross_tools/powerpc-eabivle-4_9/bin/../lib/gcc/powerpc-eabivle/4.9.4/e200z4/fp/crtbegin.o
 *crtbegin?.o(.ctors)
 *(EXCLUDE_FILE(*crtend?.o *crtend.o) .ctors)
 .ctors         0x0100c92c        0x0 c:/nxp/s32ds_power_v2017.r1/cross_tools/powerpc-eabivle-4_9/bin/../lib/gcc/powerpc-eabivle/4.9.4/e200z4/fp/ecrti.o
                0x0100c92c                __CTOR_LIST__
 .ctors         0x0100c92c        0x0 c:/nxp/s32ds_power_v2017.r1/cross_tools/powerpc-eabivle-4_9/bin/../lib/gcc/powerpc-eabivle/4.9.4/e200z4/fp/ecrtn.o
                0x0100c92c                __CTOR_END__
 *(SORT(.ctors.*))
 *(.ctors)
 .ctors         0x0100c92c        0x4 c:/nxp/s32ds_power_v2017.r1/cross_tools/powerpc-eabivle-4_9/bin/../lib/gcc/powerpc-eabivle/4.9.4/e200z4/fp/crtend.o

.fini_array     0x0100c930        0x0
                [!provide]                PROVIDE (__fini_array_start, .)
 *(SORT(.fini_array.*))
 *(.fini_array)
                [!provide]                PROVIDE (__fini_array_end, .)

.rodata         0x0100c930      0x420
 *(.rodata)
 .rodata        0x0100c930        0xc ./Sources/can.o
 .rodata        0x0100c93c       0x40 ./SDK/platform/drivers/src/flexcan/flexcan_hw_access.o
 .rodata        0x0100c97c        0xc ./SDK/platform/devices/startup.o
 *(.rodata.*)
 .rodata.FLEXCAN_ComputePayloadSize
                0x0100c988       0x1c ./SDK/platform/drivers/src/flexcan/flexcan_hw_access.o
 .rodata.FLEXCAN_SetRxFifoFilter
                0x0100c9a4       0x10 ./SDK/platform/drivers/src/flexcan/flexcan_hw_access.o
 .rodata.g_flexcanBase
                0x0100c9b4       0x20 ./SDK/platform/drivers/src/flexcan/flexcan_driver.o
 .rodata.g_flexcanWakeUpIrqId
                0x0100c9d4       0x20 ./SDK/platform/drivers/src/flexcan/flexcan_driver.o
 .rodata.g_flexcanErrorIrqId
                0x0100c9f4       0x20 ./SDK/platform/drivers/src/flexcan/flexcan_driver.o
 .rodata.g_flexcanBusOffIrqId
                0x0100ca14       0x20 ./SDK/platform/drivers/src/flexcan/flexcan_driver.o
 .rodata.g_flexcanOredMessageBufferIrqId
                0x0100ca34       0xe0 ./SDK/platform/drivers/src/flexcan/flexcan_driver.o
 .rodata.EDMA_DRV_ConfigSingleBlockTransfer
                0x0100cb14       0x10 ./SDK/platform/drivers/src/edma/edma_driver.o
 .rodata.clockNameMappings
                0x0100cb24       0xf0 ./SDK/platform/drivers/src/clock/MPC57xx/clock_MPC57xx.o
                0x0100cb24                clockNameMappings
 .rodata.CLOCK_SYS_SetPll
                0x0100cc14      0x100 ./SDK/platform/drivers/src/clock/MPC57xx/clock_MPC57xx.o
 .rodata.can_pal1_Config0
                0x0100cd14       0x3c ./Generated_Code/can_pal1.o
                0x0100cd14                can_pal1_Config0

.eh_frame_hdr   0x0100cd50       0x14
 *(.eh_frame_hdr)
 .eh_frame_hdr  0x0100cd50       0x14 c:/nxp/s32ds_power_v2017.r1/cross_tools/powerpc-eabivle-4_9/bin/../lib/gcc/powerpc-eabivle/4.9.4/e200z4/fp\libgcc.a(e200crtresxgpr.o)
                0x0100cd50                __GNU_EH_FRAME_HDR

.rela.dyn       0x0100cd64        0x0
 .rela.iplt     0x0100cd64        0x0 c:/nxp/s32ds_power_v2017.r1/cross_tools/powerpc-eabivle-4_9/bin/../lib/gcc/powerpc-eabivle/4.9.4/e200z4/fp/crtbegin.o
 .rela.text     0x0100cd64        0x0 c:/nxp/s32ds_power_v2017.r1/cross_tools/powerpc-eabivle-4_9/bin/../lib/gcc/powerpc-eabivle/4.9.4/e200z4/fp/crtbegin.o
 .rela.text.main
                0x0100cd64        0x0 c:/nxp/s32ds_power_v2017.r1/cross_tools/powerpc-eabivle-4_9/bin/../lib/gcc/powerpc-eabivle/4.9.4/e200z4/fp/crtbegin.o
 .rela.text.CAN_Initialise
                0x0100cd64        0x0 c:/nxp/s32ds_power_v2017.r1/cross_tools/powerpc-eabivle-4_9/bin/../lib/gcc/powerpc-eabivle/4.9.4/e200z4/fp/crtbegin.o
 .rela.text.CAN_EventHandler
                0x0100cd64        0x0 c:/nxp/s32ds_power_v2017.r1/cross_tools/powerpc-eabivle-4_9/bin/../lib/gcc/powerpc-eabivle/4.9.4/e200z4/fp/crtbegin.o
 .rela.text.INT_SYS_InstallHandler
                0x0100cd64        0x0 c:/nxp/s32ds_power_v2017.r1/cross_tools/powerpc-eabivle-4_9/bin/../lib/gcc/powerpc-eabivle/4.9.4/e200z4/fp/crtbegin.o
 .rela.text.CLOCK_SYS_GetSxoscFreq
                0x0100cd64        0x0 c:/nxp/s32ds_power_v2017.r1/cross_tools/powerpc-eabivle-4_9/bin/../lib/gcc/powerpc-eabivle/4.9.4/e200z4/fp/crtbegin.o
 .rela.text.CLOCK_SYS_GetFxoscFreq
                0x0100cd64        0x0 c:/nxp/s32ds_power_v2017.r1/cross_tools/powerpc-eabivle-4_9/bin/../lib/gcc/powerpc-eabivle/4.9.4/e200z4/fp/crtbegin.o
 .rela.text.CLOCK_SYS_SetXosc
                0x0100cd64        0x0 c:/nxp/s32ds_power_v2017.r1/cross_tools/powerpc-eabivle-4_9/bin/../lib/gcc/powerpc-eabivle/4.9.4/e200z4/fp/crtbegin.o
 .rela.text.init_data_bss
                0x0100cd64        0x0 c:/nxp/s32ds_power_v2017.r1/cross_tools/powerpc-eabivle-4_9/bin/../lib/gcc/powerpc-eabivle/4.9.4/e200z4/fp/crtbegin.o
 .rela.text.SystemInit
                0x0100cd64        0x0 c:/nxp/s32ds_power_v2017.r1/cross_tools/powerpc-eabivle-4_9/bin/../lib/gcc/powerpc-eabivle/4.9.4/e200z4/fp/crtbegin.o
 .rela.cpu0_reset_vector
                0x0100cd64        0x0 c:/nxp/s32ds_power_v2017.r1/cross_tools/powerpc-eabivle-4_9/bin/../lib/gcc/powerpc-eabivle/4.9.4/e200z4/fp/crtbegin.o
 .rela.intc_vector_table
                0x0100cd64        0x0 c:/nxp/s32ds_power_v2017.r1/cross_tools/powerpc-eabivle-4_9/bin/../lib/gcc/powerpc-eabivle/4.9.4/e200z4/fp/crtbegin.o
 .rela.sdata.edmaChnStateArray
                0x0100cd64        0x0 c:/nxp/s32ds_power_v2017.r1/cross_tools/powerpc-eabivle-4_9/bin/../lib/gcc/powerpc-eabivle/4.9.4/e200z4/fp/crtbegin.o
 .rela.got2     0x0100cd64        0x0 c:/nxp/s32ds_power_v2017.r1/cross_tools/powerpc-eabivle-4_9/bin/../lib/gcc/powerpc-eabivle/4.9.4/e200z4/fp/crtbegin.o

.eh_frame       0x0100cd64       0x84
 *(.eh_frame)
 .eh_frame      0x0100cd64        0x0 c:/nxp/s32ds_power_v2017.r1/cross_tools/powerpc-eabivle-4_9/bin/../lib/gcc/powerpc-eabivle/4.9.4/e200z4/fp/ecrti.o
                0x0100cd64                __EH_FRAME_BEGIN__
 .eh_frame      0x0100cd64        0x0 c:/nxp/s32ds_power_v2017.r1/cross_tools/powerpc-eabivle-4_9/bin/../lib/gcc/powerpc-eabivle/4.9.4/e200z4/fp/crtbegin.o
 .eh_frame      0x0100cd64        0x0 c:/nxp/s32ds_power_v2017.r1/cross_tools/powerpc-eabivle-4_9/bin/../lib/gcc/powerpc-eabivle/4.9.4/e200z4/fp/crtbegin.o
 .eh_frame      0x0100cd64       0x7c c:/nxp/s32ds_power_v2017.r1/cross_tools/powerpc-eabivle-4_9/bin/../lib/gcc/powerpc-eabivle/4.9.4/e200z4/fp\libgcc.a(e200crtresxgpr.o)
 .eh_frame      0x0100cde0        0x4 c:/nxp/s32ds_power_v2017.r1/cross_tools/powerpc-eabivle-4_9/bin/../lib/gcc/powerpc-eabivle/4.9.4/e200z4/fp/crtend.o
 .eh_frame      0x0100cde4        0x4 c:/nxp/s32ds_power_v2017.r1/cross_tools/powerpc-eabivle-4_9/bin/../lib/gcc/powerpc-eabivle/4.9.4/e200z4/fp/ecrtn.o
                0x0100cde4                __EH_FRAME_END__
                0x0100cde8                __TEXT_END = .
                0x0100cde8                __DATA_ROM = .

.interrupts_ram
                0x40000000      0xc00
                0x40000000                __VECTOR_RAM = .
 *(.m_interrupts_ram)
                0x40000c00                . = (. + __RAM_VECTOR_TABLE_SIZE)
 *fill*         0x40000000      0xc00 

.data           0x40000c00      0x814 load address 0x0100cde8
                0x40000c00                . = ALIGN (0x4)
                0x40000c00                __DATA_RAM = .
                0x40000c00                __data_start__ = .
 *(.data)
 .data          0x40000c00        0x4 c:/nxp/s32ds_power_v2017.r1/cross_tools/powerpc-eabivle-4_9/bin/../lib/gcc/powerpc-eabivle/4.9.4/e200z4/fp\libgcc.a(eabivle.o)
 *(.data.*)
 .data.g_pin_mux_InitConfigArr
                0x40000c04      0x318 ./Generated_Code/pin_mux.o
                0x40000c04                g_pin_mux_InitConfigArr
 .data.peripheralClockMcMeConfig0
                0x40000f1c      0x348 ./Generated_Code/clockMan1.o
                0x40000f1c                peripheralClockMcMeConfig0
 .data.clockMan1_InitConfig0
                0x40001264      0x1ac ./Generated_Code/clockMan1.o
                0x40001264                clockMan1_InitConfig0
 *(.sdata)
 .sdata         0x40001410        0x0 c:/nxp/s32ds_power_v2017.r1/cross_tools/powerpc-eabivle-4_9/bin/../lib/gcc/powerpc-eabivle/4.9.4/e200z4/fp/ecrti.o
                0x40001410                __SDATA_START__
 .sdata         0x40001410        0x0 c:/nxp/s32ds_power_v2017.r1/cross_tools/powerpc-eabivle-4_9/bin/../lib/gcc/powerpc-eabivle/4.9.4/e200z4/fp/crtbegin.o
                0x40009410                _SDA_BASE_
 *(.sdata.*)
 .sdata.g_clockManConfigsArr
                0x40001410        0x4 ./Generated_Code/clockMan1.o
                0x40001410                g_clockManConfigsArr
 *(.sdata2)
 .sdata2        0x40001414        0x0 c:/nxp/s32ds_power_v2017.r1/cross_tools/powerpc-eabivle-4_9/bin/../lib/gcc/powerpc-eabivle/4.9.4/e200z4/fp/ecrti.o
                0x40001414                __SDATA2_START__
 .sdata2        0x40001414        0x0 c:/nxp/s32ds_power_v2017.r1/cross_tools/powerpc-eabivle-4_9/bin/../lib/gcc/powerpc-eabivle/4.9.4/e200z4/fp/crtbegin.o
                0x40009414                _SDA2_BASE_
 *(.sdata2.*)
                0x40001414                . = ALIGN (0x4)
                0x40001414                __data_end__ = .
                0x0100d5fc                __DATA_END = (__DATA_ROM + (__data_end__ - __data_start__))
                0x0100d5fc                __CODE_ROM = __DATA_END

.jcr            0x40001414        0x0 load address 0x0100d5fc
 .jcr           0x40001414        0x0 c:/nxp/s32ds_power_v2017.r1/cross_tools/powerpc-eabivle-4_9/bin/../lib/gcc/powerpc-eabivle/4.9.4/e200z4/fp/crtbegin.o

.tm_clone_table
                0x40001414        0x0 load address 0x0100d5fc
 .tm_clone_table
                0x40001414        0x0 c:/nxp/s32ds_power_v2017.r1/cross_tools/powerpc-eabivle-4_9/bin/../lib/gcc/powerpc-eabivle/4.9.4/e200z4/fp/crtbegin.o
 .tm_clone_table
                0x40001414        0x0 c:/nxp/s32ds_power_v2017.r1/cross_tools/powerpc-eabivle-4_9/bin/../lib/gcc/powerpc-eabivle/4.9.4/e200z4/fp/crtend.o

.got2           0x40001414       0x1c load address 0x0100d5fc
 .got2          0x40001414       0x1c c:/nxp/s32ds_power_v2017.r1/cross_tools/powerpc-eabivle-4_9/bin/../lib/gcc/powerpc-eabivle/4.9.4/e200z4/fp\libgcc.a(eabivle.o)

.code           0x40001430        0x0 load address 0x0100d5fc
                0x40001430                . = ALIGN (0x4)
                0x40001430                __CODE_RAM = .
                0x40001430                __code_start__ = .
 *(.code_ram)
                0x40001430                . = ALIGN (0x4)
                0x40001430                __code_end__ = .
                0x0100d5fc                __CODE_END = (__CODE_ROM + (__code_end__ - __code_start__))

.bss            0x40001430      0x858 load address 0x0100d618
                0x40001430                . = ALIGN (0x4)
                0x40001430                __BSS_START = .
 *(.sbss)
 .sbss          0x40001430        0x0 c:/nxp/s32ds_power_v2017.r1/cross_tools/powerpc-eabivle-4_9/bin/../lib/gcc/powerpc-eabivle/4.9.4/e200z4/fp/crtbegin.o
 .sbss          0x40001430        0x8 ./SDK/platform/drivers/src/clock/MPC57xx/clock_MPC57xx.o
                0x40001430                g_xtal0ClkFreq
                0x40001434                g_xtal1ClkFreq
 .sbss          0x40001438        0x0 c:/nxp/s32ds_power_v2017.r1/cross_tools/powerpc-eabivle-4_9/bin/../lib/gcc/powerpc-eabivle/4.9.4/e200z4/fp/ecrtn.o
                0x40001438                __SBSS_END__
 *(.sbss.*)
 .sbss.g_clockManCallbacksArr
                0x40001438        0x4 ./Generated_Code/clockMan1.o
                0x40001438                g_clockManCallbacksArr
 *(.bss)
 .bss           0x4000143c       0x20 c:/nxp/s32ds_power_v2017.r1/cross_tools/powerpc-eabivle-4_9/bin/../lib/gcc/powerpc-eabivle/4.9.4/e200z4/fp/crtbegin.o
 *(.bss.*)
 .bss.s_osif_tick_cnt
                0x4000145c        0x4 ./SDK/rtos/osif/osif_baremetal.o
 .bss.s_flexcanState
                0x40001460      0x610 ./SDK/platform/pal/can/src/can_pal.o
 .bss.s_flexcanStateInstanceMapping
                0x40001a70        0x4 ./SDK/platform/pal/can/src/can_pal.o
 .bss.s_flexcanStateIsAllocated
                0x40001a74        0x1 ./SDK/platform/pal/can/src/can_pal.o
 *fill*         0x40001a75        0x3 
 .bss.s_hwObjConfigs
                0x40001a78      0x180 ./SDK/platform/pal/can/src/can_pal.o
 .bss.s_flexcanRxFifoState
                0x40001bf8        0x8 ./SDK/platform/pal/can/src/can_pal.o
 .bss.userCallback
                0x40001c00        0x4 ./SDK/platform/pal/can/src/can_pal.o
 .bss.g_interruptDisableCount
                0x40001c04        0x4 ./SDK/platform/drivers/src/interrupt/interrupt_manager_MPC57xx.o
 .bss.g_flexcanStatePtr
                0x40001c08       0x20 ./SDK/platform/drivers/src/flexcan/flexcan_driver.o
 .bss.s_virtEdmaState
                0x40001c28        0x4 ./SDK/platform/drivers/src/edma/edma_driver.o
 .bss.g_clockState
                0x40001c2c       0x10 ./SDK/platform/drivers/src/clock/clock_manager.o
 *(.sbss2)
 .sbss2         0x40001c3c        0x0 c:/nxp/s32ds_power_v2017.r1/cross_tools/powerpc-eabivle-4_9/bin/../lib/gcc/powerpc-eabivle/4.9.4/e200z4/fp/ecrtn.o
                0x40001c3c                __SBSS2_END__
 *(.sbss2.*)
 *(COMMON)
 COMMON         0x40001c3c       0x4c ./Sources/main.o
                0x40001c3c                user_rxBuff
                0x40001c88                . = ALIGN (0x4)
                0x40001c88                __BSS_END = .

.iplt           0x40001c90        0x0 load address 0x0100de70
 .iplt          0x40001c90        0x0 c:/nxp/s32ds_power_v2017.r1/cross_tools/powerpc-eabivle-4_9/bin/../lib/gcc/powerpc-eabivle/4.9.4/e200z4/fp/crtbegin.o

.stack          0x40001c90     0x1004 load address 0x0100de80
                0x40001c90                __HEAP = .
                [!provide]                PROVIDE (_end, .)
                [!provide]                PROVIDE (end, .)
                0x40001c90                . = (. + __HEAP_SIZE)
                0x40001c90                __HEAP_END = .
                0x40001c90                _stack_end = .
                0x40002c90                . = (. + __STACK_SIZE)
 *fill*         0x40001c90     0x1000 
                0x40002c90                _stack_addr = .
                0x40002c90                __SP_INIT = .
                0x40002c94                . = (. + 0x4)
 *fill*         0x40002c90        0x4 
                0x00040000                __SRAM_SIZE = SRAM_SIZE
                0x40000000                __SRAM_BASE_ADDR = SRAM_BASE_ADDR
                0x00000858                __BSS_SIZE = (__BSS_END - __BSS_START)
OUTPUT(ECU_Engine.elf elf32-powerpc)

.comment        0x00000000       0xa8
 .comment       0x00000000        0xd c:/nxp/s32ds_power_v2017.r1/cross_tools/powerpc-eabivle-4_9/bin/../lib/gcc/powerpc-eabivle/4.9.4/e200z4/fp/ecrti.o
                                  0xe (size before relaxing)
 .comment       0x0000000d       0x8e c:/nxp/s32ds_power_v2017.r1/cross_tools/powerpc-eabivle-4_9/bin/../lib/gcc/powerpc-eabivle/4.9.4/e200z4/fp/crtbegin.o
                                 0x8f (size before relaxing)
 .comment       0x0000009b       0x8f ./Sources/main.o
 .comment       0x0000009b       0x8f ./Sources/can.o
 .comment       0x0000009b       0x8f ./SDK/rtos/osif/osif_baremetal.o
 .comment       0x0000009b       0x8f ./SDK/platform/pal/can/src/can_pal.o
 .comment       0x0000009b       0x8f ./SDK/platform/drivers/src/pins/pins_siul2_hw_access.o
 .comment       0x0000009b       0x8f ./SDK/platform/drivers/src/pins/pins_driver.o
 .comment       0x0000009b       0x8f ./SDK/platform/drivers/src/interrupt/interrupt_manager_MPC57xx.o
 .comment       0x0000009b       0x8f ./SDK/platform/drivers/src/flexcan/flexcan_irq.o
 .comment       0x0000009b       0x8f ./SDK/platform/drivers/src/flexcan/flexcan_hw_access.o
 .comment       0x0000009b       0x8f ./SDK/platform/drivers/src/flexcan/flexcan_driver.o
 .comment       0x0000009b       0x8f ./SDK/platform/drivers/src/edma/edma_irq.o
 .comment       0x0000009b       0x8f ./SDK/platform/drivers/src/edma/edma_hw_access.o
 .comment       0x0000009b       0x8f ./SDK/platform/drivers/src/edma/edma_driver.o
 .comment       0x0000009b       0x8f ./SDK/platform/drivers/src/clock/clock_manager.o