Archive member included to satisfy reference by file (symbol)

C:/NXP/S32DS_Power_v2017.R1/S32DS/e200_ewl2/lib/e200z4/fp\libc99.a(printf.o)
                              ./Framework/interfaces/sdhc/sdhc.o (printf)
C:/NXP/S32DS_Power_v2017.R1/S32DS/e200_ewl2/lib/e200z4/fp\libc99.a(sprintf.o)
                              ./Framework/pdu_router/pdu_router.o (sprintf)
C:/NXP/S32DS_Power_v2017.R1/S32DS/e200_ewl2/lib/e200z4/fp\libc99.a(vsnprintf.o)
                              C:/NXP/S32DS_Power_v2017.R1/S32DS/e200_ewl2/lib/e200z4/fp\libc99.a(sprintf.o) (vsnprintf)
C:/NXP/S32DS_Power_v2017.R1/S32DS/e200_ewl2/lib/e200z4/fp\libc99.a(alloc.o)
                              ./Framework/interfaces/can/can.o (malloc)
C:/NXP/S32DS_Power_v2017.R1/S32DS/e200_ewl2/lib/e200z4/fp\libc99.a(memcpy.o)
                              ./SDK/rtos/FreeRTOS_C55/Source/queue.o (memcpy)
C:/NXP/S32DS_Power_v2017.R1/S32DS/e200_ewl2/lib/e200z4/fp\libc99.a(memset.o)
                              ./SDK/rtos/FreeRTOS_C55/Source/tasks.o (memset)
C:/NXP/S32DS_Power_v2017.R1/S32DS/e200_ewl2/lib/e200z4/fp\libc99.a(strlen.o)
                              ./Framework/dbg_console/dbg_console.o (strlen)
C:/NXP/S32DS_Power_v2017.R1/S32DS/e200_ewl2/lib/e200z4/fp\libc99.a(fgetwc.o)
                              C:/NXP/S32DS_Power_v2017.R1/S32DS/e200_ewl2/lib/e200z4/fp\libc99.a(printf.o) (getwc)
C:/NXP/S32DS_Power_v2017.R1/S32DS/e200_ewl2/lib/e200z4/fp\libc99.a(fwide.o)
                              C:/NXP/S32DS_Power_v2017.R1/S32DS/e200_ewl2/lib/e200z4/fp\libc99.a(printf.o) (fwide)
C:/NXP/S32DS_Power_v2017.R1/S32DS/e200_ewl2/lib/e200z4/fp\libc99.a(__wgetchar.o)
                              C:/NXP/S32DS_Power_v2017.R1/S32DS/e200_ewl2/lib/e200z4/fp\libc99.a(fgetwc.o) (__fgetwc)
C:/NXP/S32DS_Power_v2017.R1/S32DS/e200_ewl2/lib/e200z4/fp\libc99.a(__printformat.o)
                              C:/NXP/S32DS_Power_v2017.R1/S32DS/e200_ewl2/lib/e200z4/fp\libc99.a(printf.o) (__pformatter)
C:/NXP/S32DS_Power_v2017.R1/S32DS/e200_ewl2/lib/e200z4/fp\libc99.a(ctype.o)
                              C:/NXP/S32DS_Power_v2017.R1/S32DS/e200_ewl2/lib/e200z4/fp\libc99.a(sprintf.o) (__upper_mapC)
C:/NXP/S32DS_Power_v2017.R1/S32DS/e200_ewl2/lib/e200z4/fp\libc99.a(secure_error.o)
                              C:/NXP/S32DS_Power_v2017.R1/S32DS/e200_ewl2/lib/e200z4/fp\libc99.a(__printformat.o) (__ewl_runtime_constraint_violation_s)
C:/NXP/S32DS_Power_v2017.R1/S32DS/e200_ewl2/lib/e200z4/fp\libc99.a(ansi_files.o)
                              C:/NXP/S32DS_Power_v2017.R1/S32DS/e200_ewl2/lib/e200z4/fp\libc99.a(printf.o) (__files)
C:/NXP/S32DS_Power_v2017.R1/S32DS/e200_ewl2/lib/e200z4/fp\libc99.a(fflush.o)
                              C:/NXP/S32DS_Power_v2017.R1/S32DS/e200_ewl2/lib/e200z4/fp\libc99.a(ansi_files.o) (fflush)
C:/NXP/S32DS_Power_v2017.R1/S32DS/e200_ewl2/lib/e200z4/fp\libc99.a(fread.o)
                              C:/NXP/S32DS_Power_v2017.R1/S32DS/e200_ewl2/lib/e200z4/fp\libc99.a(__wgetchar.o) (__fread)
C:/NXP/S32DS_Power_v2017.R1/S32DS/e200_ewl2/lib/e200z4/fp\libc99.a(fwrite.o)
                              C:/NXP/S32DS_Power_v2017.R1/S32DS/e200_ewl2/lib/e200z4/fp\libc99.a(printf.o) (__FileWrite)
C:/NXP/S32DS_Power_v2017.R1/S32DS/e200_ewl2/lib/e200z4/fp\libc99.a(abort.o)
                              C:/NXP/S32DS_Power_v2017.R1/S32DS/e200_ewl2/lib/e200z4/fp\libc99.a(secure_error.o) (abort)
C:/NXP/S32DS_Power_v2017.R1/S32DS/e200_ewl2/lib/e200z4/fp\libc99.a(exit.o)
                              C:/NXP/S32DS_Power_v2017.R1/S32DS/e200_ewl2/lib/e200z4/fp\libc99.a(abort.o) (__console_exit)
C:/NXP/S32DS_Power_v2017.R1/S32DS/e200_ewl2/lib/e200z4/fp\libc99.a(mbstowcs_s.o)
                              C:/NXP/S32DS_Power_v2017.R1/S32DS/e200_ewl2/lib/e200z4/fp\libc99.a(__printformat.o) (wcstombs)
C:/NXP/S32DS_Power_v2017.R1/S32DS/e200_ewl2/lib/e200z4/fp\libc99.a(mbtowc.o)
                              C:/NXP/S32DS_Power_v2017.R1/S32DS/e200_ewl2/lib/e200z4/fp\libc99.a(__wgetchar.o) (mbtowc)
C:/NXP/S32DS_Power_v2017.R1/S32DS/e200_ewl2/lib/e200z4/fp\libc99.a(wctomb.o)
                              C:/NXP/S32DS_Power_v2017.R1/S32DS/e200_ewl2/lib/e200z4/fp\libc99.a(mbstowcs_s.o) (wctomb)
C:/NXP/S32DS_Power_v2017.R1/S32DS/e200_ewl2/lib/e200z4/fp\libc99.a(__filll_mem.o)
                              C:/NXP/S32DS_Power_v2017.R1/S32DS/e200_ewl2/lib/e200z4/fp\libc99.a(memset.o) (__fill_mem)
C:/NXP/S32DS_Power_v2017.R1/S32DS/e200_ewl2/lib/e200z4/fp\libc99.a(memchr.o)
                              C:/NXP/S32DS_Power_v2017.R1/S32DS/e200_ewl2/lib/e200z4/fp\libc99.a(__printformat.o) (memchr)
C:/NXP/S32DS_Power_v2017.R1/S32DS/e200_ewl2/lib/e200z4/fp\libc99.a(__memrchr.o)
                              C:/NXP/S32DS_Power_v2017.R1/S32DS/e200_ewl2/lib/e200z4/fp\libc99.a(fwrite.o) (__memrchr)
C:/NXP/S32DS_Power_v2017.R1/S32DS/e200_ewl2/lib/e200z4/fp\libc99.a(strchr.o)
[...]
Memory Configuration

Name             Origin             Length             Attributes
flash_rchw       0x00fa0000         0x00000004
cpu0_reset_vec   0x00fa0010         0x00000004
cpu1_reset_vec   0x00fa0014         0x00000004
cpu2_reset_vec   0x00fa0004         0x00000004
m_text           0x01000000         0x001d0000
m_vectors_ram    0x40000000         0x00000c00
m_data           0x40000c00         0x0003f400
*default*        0x00000000         0xffffffff

Linker script and memory map

LOAD c:/nxp/s32ds_power_v2017.r1/cross_tools/powerpc-eabivle-4_9/bin/../lib/gcc/powerpc-eabivle/4.9.4/e200z4/fp/ecrti.o
LOAD c:/nxp/s32ds_power_v2017.r1/cross_tools/powerpc-eabivle-4_9/bin/../lib/gcc/powerpc-eabivle/4.9.4/e200z4/fp/crtbegin.o
LOAD ./Sources/tables/pdu_table.o
LOAD ./Sources/tables/ecu_table.o
LOAD ./Sources/tables/can_filter.o
LOAD ./Sources/main.o
LOAD ./SDK/rtos/osif/osif_freertos.o
LOAD ./SDK/rtos/FreeRTOS_C55/Source/portable/MemMang/heap_2.o
LOAD ./SDK/rtos/FreeRTOS_C55/Source/portable/GCC/PowerPC_Z4/porttimer.o
LOAD ./SDK/rtos/FreeRTOS_C55/Source/portable/GCC/PowerPC_Z4/portasm.o
LOAD ./SDK/rtos/FreeRTOS_C55/Source/portable/GCC/PowerPC_Z4/port.o
LOAD ./SDK/rtos/FreeRTOS_C55/Source/timers.o
LOAD ./SDK/rtos/FreeRTOS_C55/Source/tasks.o
LOAD ./SDK/rtos/FreeRTOS_C55/Source/queue.o
LOAD ./SDK/rtos/FreeRTOS_C55/Source/list.o
LOAD ./SDK/rtos/FreeRTOS_C55/Source/event_groups.o
LOAD ./SDK/rtos/FreeRTOS_C55/Source/croutine.o
LOAD ./SDK/platform/pal/uart/src/uart_pal.o
LOAD ./SDK/platform/pal/security/src/security_pal.o
LOAD ./SDK/platform/pal/can/src/can_pal.o
LOAD ./SDK/platform/drivers/src/usdhc/usdhc_irq.o
LOAD ./SDK/platform/drivers/src/usdhc/usdhc_hw_access.o
LOAD ./SDK/platform/drivers/src/usdhc/usdhc_driver.o
LOAD ./SDK/platform/drivers/src/rtc_c55/rtc_c55_irq.o
LOAD ./SDK/platform/drivers/src/rtc_c55/rtc_c55_hw_access.o
LOAD ./SDK/platform/drivers/src/rtc_c55/rtc_c55_driver.o
LOAD ./SDK/platform/drivers/src/pins/pins_siul2_hw_access.o
LOAD ./SDK/platform/drivers/src/pins/pins_driver.o
LOAD ./SDK/platform/drivers/src/linflexd/linflexd_uart_irq.o
LOAD ./SDK/platform/drivers/src/linflexd/linflexd_uart_driver.o
LOAD ./SDK/platform/drivers/src/interrupt/interrupt_manager_MPC57xx.o
LOAD ./SDK/platform/drivers/src/hsm/hsm_hw_access.o
LOAD ./SDK/platform/drivers/src/hsm/hsm_driver.o
LOAD ./SDK/platform/drivers/src/flexcan/flexcan_irq.o
LOAD ./SDK/platform/drivers/src/flexcan/flexcan_hw_access.o
LOAD ./SDK/platform/drivers/src/flexcan/flexcan_driver.o
LOAD ./SDK/platform/drivers/src/edma/edma_irq.o
LOAD ./SDK/platform/drivers/src/edma/edma_hw_access.o
LOAD ./SDK/platform/drivers/src/edma/edma_driver.o
LOAD ./SDK/platform/drivers/src/clock/clock_manager.o
LOAD ./SDK/platform/drivers/src/clock/MPC57xx/clock_MPC57xx.o
LOAD ./SDK/platform/devices/startup.o
LOAD ./SDK/platform/devices/MPC5748G/startup/system_MPC5748G.o
LOAD ./SDK/middleware/sdhc/usdhc/usdhc_impl.o
LOAD ./SDK/middleware/sdhc/sd/sdspi.o
LOAD ./SDK/middleware/sdhc/sd/sdmmc.o
LOAD ./SDK/middleware/sdhc/sd/sd.o
LOAD ./SDK/middleware/sdhc/fatfs/usdhc_fatfs_impl.o
LOAD ./SDK/middleware/fatfs/source/ffunicode.o
LOAD ./SDK/middleware/fatfs/source/ff.o
LOAD ./SDK/middleware/fatfs/rtc/rtc_timer.o
LOAD ./SDK/middleware/fatfs/common/fatfs_impl.o
LOAD ./Project_Settings/Startup_Code/startup_MPC5748G.o
LOAD ./Project_Settings/Startup_Code/interrupt_vectors.o
LOAD ./Project_Settings/Startup_Code/core0_intc_sw_handlers.o
LOAD ./Generated_Code/usdhc1.o
LOAD ./Generated_Code/rtcTimer1.o
LOAD ./Generated_Code/pin_mux.o
LOAD ./Generated_Code/dmaController1.o
LOAD ./Generated_Code/clockMan1.o
LOAD ./Generated_Code/LIN6.o
LOAD ./Generated_Code/LIN1.o
LOAD ./Generated_Code/HSM.o
LOAD ./Generated_Code/Cpu.o
LOAD ./Generated_Code/CONSOLE.o
LOAD ./Generated_Code/CAN3.o
LOAD ./Generated_Code/CAN2.o
LOAD ./Generated_Code/CAN1.o
LOAD ./Generated_Code/CAN0.o
LOAD ./Framework/security/hsm_she.o
LOAD ./Framework/pdu_router/pdu_router.o
LOAD ./Framework/interfaces/sdhc/sdhc.o
LOAD ./Framework/interfaces/lin/lin.o
LOAD ./Framework/interfaces/ethernet/ethernet.o
LOAD ./Framework/interfaces/can/can.o
LOAD ./Framework/gateway/gateway.o
LOAD ./Framework/ecu/ecu.o
LOAD ./Framework/dbg_console/dbg_console.o
START GROUP
LOAD C:/NXP/S32DS_Power_v2017.R1/S32DS/e200_ewl2/lib/e200z4/fp\libc99.a
LOAD C:/NXP/S32DS_Power_v2017.R1/S32DS/e200_ewl2/lib/e200z4/fp\libm.a
LOAD c:/nxp/s32ds_power_v2017.r1/cross_tools/powerpc-eabivle-4_9/bin/../lib/gcc/powerpc-eabivle/4.9.4/e200z4/fp\libgcc.a
LOAD C:/NXP/S32DS_Power_v2017.R1/S32DS/e200_ewl2/lib/e200z4/fp\librt.a
END GROUP
LOAD c:/nxp/s32ds_power_v2017.r1/cross_tools/powerpc-eabivle-4_9/bin/../lib/gcc/powerpc-eabivle/4.9.4/e200z4/fp/crtend.o
LOAD c:/nxp/s32ds_power_v2017.r1/cross_tools/powerpc-eabivle-4_9/bin/../lib/gcc/powerpc-eabivle/4.9.4/e200z4/fp/ecrtn.o
                0x00000000                __HEAP_SIZE = DEFINED (__heap_size__)?__heap_size__:0x0
                0x00001000                __STACK_SIZE = DEFINED (__stack_size__)?__stack_size__:0x1000
                0x00040000                SRAM_SIZE = 0x40000
                0x40000000                SRAM_BASE_ADDR = 0x40000000

.rchw           0x00fa0000        0x4
 *(.rchw)
 .rchw          0x00fa0000        0x4 ./Project_Settings/Startup_Code/startup_MPC5748G.o

.cpu0_reset_vector
                0x00fa0010        0x4
 *(.cpu0_reset_vector)
 .cpu0_reset_vector
                0x00fa0010        0x4 ./Project_Settings/Startup_Code/startup_MPC5748G.o

.cpu1_reset_vector
 *(.cpu1_reset_vector)

.cpu2_reset_vector
 *(.cpu2_reset_vector)

.startup        0x01000000      0x134
                0x01000000                __start = .
 *(.startup)
 .startup       0x01000000      0x134 ./Project_Settings/Startup_Code/startup_MPC5748G.o
                0x01000000                Reset_Handler
                0x01000000                _start

.core_exceptions_table
                0x01001000       0xf4
                0x01001000                __IVPR_VALUE = .
 *(.core_exceptions_table)
 .core_exceptions_table
                0x01001000       0xf4 ./Project_Settings/Startup_Code/interrupt_vectors.o
                0x01001000                VTABLE
                0x01001000                IVOR0_Vector
                0x01001010                IVOR1_Vector
                0x01001020                IVOR2_Vector
                0x01001030                IVOR3_Vector
                0x01001040                IVOR4_Vector
                0x01001050                IVOR5_Vector
                0x01001060                IVOR6_Vector
                0x01001070                IVOR7_Vector
                0x01001080                IVOR8_Vector
                0x01001090                IVOR9_Vector
                0x010010a0                IVOR10_Vector
                0x010010b0                IVOR11_Vector
                0x010010c0                IVOR12_Vector
                0x010010d0                IVOR13_Vector
                0x010010e0                IVOR14_Vector
                0x010010f0                IVOR15_Vector

.intc_vector_table
                0x01002000      0xc0c
                0x01002000                __VECTOR_TABLE = .
                0x01002000                . = ALIGN (0x4)
 *(.intc_vector_table)
 .intc_vector_table
                0x01002000      0xc0c ./Project_Settings/Startup_Code/startup_MPC5748G.o
                0x01002000                __isr_vector
                0x01002bc8                IVOR0_Handler
                0x01002bd0                IVOR2_Handler
                0x01002bd4                IVOR3_Handler
                0x01002bdc                IVOR5_Handler
                0x01002be0                IVOR6_Handler
                0x01002be4                IVOR7_Handler
                0x01002bec                IVOR9_Handler
                0x01002bf0                IVOR10_Handler
                0x01002bf4                IVOR11_Handler
                0x01002bf8                IVOR12_Handler
                0x01002bfc                IVOR13_Handler
                0x01002c00                IVOR14_Handler
                0x01002c04                IVOR15_Handler
                0x01002c08                DSPI9_FIFO_Error_IRQHandler
                0x01002c08                ENET1_Tx_IRQHandler
                0x01002c08                PIT_Ch15_IRQHandler
                0x01002c08                DSPI0_FIFO_Error_IRQHandler
                0x01002c08                SAI2_Tx_IRQHandler
                0x01002c08                PIT_Ch7_IRQHandler
                0x01002c08                DSPI1_Send_IRQHandler
                0x01002c08                DSPI6_Send_IRQHandler
                0x01002c08                EMIOS1_26_27_IRQHandler
                0x01002c08                STM2_Ch2_IRQHandler
                0x01002c08                EMIOS0_10_11_IRQHandler
                0x01002c08                ADC0_WD_IRQHandler
                0x01002c08                ADC1_WD_IRQHandler
                0x01002c08                EMIOS1_00_01_IRQHandler
                0x01002c08                USBOTG_IRQHandler
                0x01002c08                DSPI5_FIFO_Error_IRQHandler
                0x01002c08                DSPI4_Send_IRQHandler
                0x01002c08                PIT_Ch0_IRQHandler
                0x01002c08                PIT_Ch14_IRQHandler
                0x01002c08                STM2_Ch3_IRQHandler
                0x01002c08                EMIOS2_00_01_IRQHandler
                0x01002c08                EMIOS0_24_25_IRQHandler
                0x01002c08                SAI0_Tx_IRQHandler
                0x01002c08                DSPI2_FIFO_Error_IRQHandler
                0x01002c08                ENET0_Parser_IRQHandler
                0x01002c08                EMIOS2_26_27_IRQHandler
                0x01002c08                WKPU_23_16_IRQHandler
                0x01002c08                ENET0_Rx_1_IRQHandler
                0x01002c08                EMIOS0_30_31_IRQHandler
                0x01002c08                DSPI3_Send_IRQHandler
                0x01002c08                ENET0_Tx_2_IRQHandler
                0x01002c08                SAI2_Rx_IRQHandler
                0x01002c08                PIT_Ch10_IRQHandler
                0x01002c08                ENET1_Rx_2_IRQHandler
                0x01002c08                SWT2_IRQHandler
                0x01002c08                SWT0_IRQHandler
                0x01002c08                SIUL_EIRQ_16_23_IRQHandler
                0x01002c08                EMIOS1_30_31_IRQHandler
                0x01002c08                EMIOS0_22_23_IRQHandler
                0x01002c08                BCTU_ListLast_IRQHandler
                0x01002c08                DSPI6_Receive_IRQHandler
                0x01002c08                PIT_Ch1_IRQHandler
                0x01002c08                EMIOS0_12_13_IRQHandler
                0x01002c08                PIT_Ch5_IRQHandler
                0x01002c08                EMIOS1_14_15_IRQHandler
                0x01002c08                ENET1_Rx_IRQHandler
                0x01002c08                DSPI0_Send_IRQHandler
                0x01002c08                ENET0_Rx_IRQHandler
                0x01002c08                STM2_Ch0_IRQHandler
                0x01002c08                SAI1_Tx_IRQHandler
                0x01002c08                I2C_DRV_Module2IRQHandler
                0x01002c08                DSPI0_Receive_IRQHandler
                0x01002c08                PIT_Ch2_IRQHandler
                0x01002c08                CMP0_IRQHandler
                0x01002c08                DSPI2_Send_IRQHandler
                0x01002c08                EMIOS0_16_17_IRQHandler
                0x01002c08                ADC0_EOC_IRQHandler
                0x01002c08                ENET1_Timer_IRQHandler
                0x01002c08                ENET0_Err_IRQHandler
                0x01002c08                DSPI4_FIFO_Error_IRQHandler
                0x01002c08                PIT_Ch4_IRQHandler
                0x01002c08                EMIOS1_10_11_IRQHandler
                0x01002c08                DSPI2_Receive_IRQHandler
                0x01002c08                DSPI9_Receive_IRQHandler
                0x01002c08                ADC1_ER_IRQHandler
                0x01002c08                DSPI3_Receive_IRQHandler
                0x01002c08                SAI0_Rx_IRQHandler
                0x01002c08                EMIOS1_28_29_IRQHandler
                0x01002c08                EMIOS2_28_29_IRQHandler
                0x01002c08                ENET0_Tx_1_IRQHandler
                0x01002c08                SIUL_EIRQ_00_07_IRQHandler
                0x01002c08                ENET1_Tx_1_IRQHandler
                0x01002c08                ADC0_ER_IRQHandler
                0x01002c08                DSPI7_Receive_IRQHandler
                0x01002c08                DSPI1_FIFO_Error_IRQHandler
                0x01002c08                ENET0_Rx_2_IRQHandler
                0x01002c08                PIT_Ch12_IRQHandler
                0x01002c08                PIT_Ch11_IRQHandler
                0x01002c08                EMIOS1_04_05_IRQHandler
                0x01002c08                STM2_Ch1_IRQHandler
                0x01002c08                EMIOS1_12_13_IRQHandler
                0x01002c08                EMIOS1_06_07_IRQHandler
                0x01002c08                SIUL_EIRQ_24_31_IRQHandler
                0x01002c08                DSPI7_FIFO_Error_IRQHandler
                0x01002c08                IVOR1_Exception_Handler
                0x01002c08                EMIOS2_20_21_IRQHandler
                0x01002c08                CMP2_IRQHandler
                0x01002c08                STM1_Ch0_IRQHandler
                0x01002c08                STM1_Ch1_IRQHandler
                0x01002c08                STM0_Ch0_IRQHandler
                0x01002c08                DSPI5_Receive_IRQHandler
                0x01002c08                EMIOS0_06_07_IRQHandler
                0x01002c08                EMIOS0_02_03_IRQHandler
                0x01002c08                PIT_Ch8_IRQHandler
                0x01002c08                EMIOS2_04_05_IRQHandler
                0x01002c08                PIT_RTI_IRQHandler
                0x01002c08                IVOR8_Exception_Handler
                0x01002c08                DSPI9_Send_IRQHandler
                0x01002c08                WKPU_31_24_IRQHandler
                0x01002c08                DSPI8_Receive_IRQHandler
                0x01002c08                ENET0_Tx_IRQHandler
                0x01002c08                I2C_DRV_Module1IRQHandler
                0x01002c08                EMIOS2_02_03_IRQHandler
                0x01002c08                EMIOS0_18_19_IRQHandler
                0x01002c08                STM0_Ch3_IRQHandler
                0x01002c08                STM0_Ch2_IRQHandler
                0x01002c08                EMIOS1_02_03_IRQHandler
                0x01002c08                WKPU_15_08_IRQHandler
                0x01002c08                EMIOS0_00_01_IRQHandler
                0x01002c08                DSPI8_FIFO_Error_IRQHandler
                0x01002c08                DSPI7_Send_IRQHandler
                0x01002c08                STM1_Ch3_IRQHandler
                0x01002c08                PIT_Ch6_IRQHandler
                0x01002c08                PIT_Ch13_IRQHandler
                0x01002c08                USBHS_IRQHandler
                0x01002c08                EMIOS0_20_21_IRQHandler
                0x01002c08                I2C_DRV_Module0IRQHandler
                0x01002c08                EMIOS2_18_19_IRQHandler
                0x01002c08                DSPI3_FIFO_Error_IRQHandler
                0x01002c08                I2C_DRV_Module3IRQHandler
                0x01002c08                EMIOS1_24_25_IRQHandler
                0x01002c08                DefaultISR
                0x01002c08                EMIOS0_28_29_IRQHandler
                0x01002c08                ENET1_Rx_1_IRQHandler
                0x01002c08                SIUL_EIRQ_08_15_IRQHandler
                0x01002c08                PIT_Ch9_IRQHandler
                0x01002c08                EMIOS2_10_11_IRQHandler
                0x01002c08                EMIOS2_12_13_IRQHandler
                0x01002c08                EMIOS1_08_09_IRQHandler
                0x01002c08                PIT_Ch3_IRQHandler
                0x01002c08                EMIOS0_26_27_IRQHandler
                0x01002c08                FLASH_Done_IRQHandler
                0x01002c08                DSPI8_Send_IRQHandler
                0x01002c08                API0_IRQHandler
                0x01002c08                STM1_Ch2_IRQHandler
                0x01002c08                EMIOS0_04_05_IRQHandler
                0x01002c08                ENET1_Parser_IRQHandler
                0x01002c08                EMIOS2_06_07_IRQHandler
                0x01002c08                ENET1_Err_IRQHandler
                0x01002c08                EMIOS2_24_25_IRQHandler
                0x01002c08                SWT1_IRQHandler
                0x01002c08                EMIOS1_16_17_IRQHandler
                0x01002c08                DSPI4_Receive_IRQHandler
                0x01002c08                DSPI6_FIFO_Error_IRQHandler
                0x01002c08                EMIOS0_08_09_IRQHandler
                0x01002c08                BCTU_ConvUpdate_IRQHandler
                0x01002c08                EMIOS2_16_17_IRQHandler
                0x01002c08                EMIOS1_20_21_IRQHandler
                0x01002c08                EMIOS2_30_31_IRQHandler
                0x01002c08                SAI1_Rx_IRQHandler
                0x01002c08                EMIOS2_22_23_IRQHandler
                0x01002c08                CMP1_IRQHandler
                0x01002c08                EMIOS2_08_09_IRQHandler
                0x01002c08                WKPU_07_00_IRQHandler
                0x01002c08                FCCU0_IRQ_Handler
                0x01002c08                STM0_Ch1_IRQHandler
                0x01002c08                DSPI1_Receive_IRQHandler
                0x01002c08                EMIOS1_22_23_IRQHandler
                0x01002c08                EMIOS1_18_19_IRQHandler
                0x01002c08                EMIOS2_14_15_IRQHandler
                0x01002c08                ENET1_Tx_2_IRQHandler
                0x01002c08                ENET0_Timer_IRQHandler
                0x01002c08                ADC1_EOC_IRQHandler
                0x01002c08                DSPI5_Send_IRQHandler
                0x01002c08                EMIOS0_14_15_IRQHandler
                0x00000c00                __RAM_VECTOR_TABLE_SIZE = 0xc00

.text           0x01002c10    0x24a00
 *(.text.startup)
 *(.text)
 .text          0x01002c10      0x16c c:/nxp/s32ds_power_v2017.r1/cross_tools/powerpc-eabivle-4_9/bin/../lib/gcc/powerpc-eabivle/4.9.4/e200z4/fp/crtbegin.o
 *fill*         0x01002d7c        0x4 
 .text          0x01002d80      0x212 ./SDK/rtos/FreeRTOS_C55/Source/portable/GCC/PowerPC_Z4/portasm.o
                0x01002d80                vPortStartFirstTask
                0x01002dc0                vPortISRHandler
                0x01002e70                xPortSyscall
                0x01002f60                vPortNMI
                0x01002f80                vPortDataStorage
 *fill*         0x01002f92        0xe 
 .text          0x01002fa0      0x142 ./Project_Settings/Startup_Code/core0_intc_sw_handlers.o
                0x01002fa0                IVOR8_Handler
                0x0100300e                IVOR4_Handler
                0x01003056                IVOR1_Handler
 *fill*         0x010030e2        0x2 
 .text          0x010030e4       0x4e c:/nxp/s32ds_power_v2017.r1/cross_tools/powerpc-eabivle-4_9/bin/../lib/gcc/powerpc-eabivle/4.9.4/e200z4/fp\libgcc.a(_fixunsdfdi.o)
                0x010030e4                __fixunsdfdi
 *fill*         0x01003132        0x2 
 .text          0x01003134      0x328 c:/nxp/s32ds_power_v2017.r1/cross_tools/powerpc-eabivle-4_9/bin/../lib/gcc/powerpc-eabivle/4.9.4/e200z4/fp\libgcc.a(_udivdi3.o)
                0x01003134                __udivdi3
 .text          0x0100345c      0x2e2 c:/nxp/s32ds_power_v2017.r1/cross_tools/powerpc-eabivle-4_9/bin/../lib/gcc/powerpc-eabivle/4.9.4/e200z4/fp\libgcc.a(_umoddi3.o)
                0x0100345c                __umoddi3
 *fill*         0x0100373e        0x2 
 .text          0x01003740      0x37e c:/nxp/s32ds_power_v2017.r1/cross_tools/powerpc-eabivle-4_9/bin/../lib/gcc/powerpc-eabivle/4.9.4/e200z4/fp\libgcc.a(_addsub_df.o)
                0x01003a00                __adddf3
                0x01003a5c                __subdf3
 *fill*         0x01003abe        0x2 
 .text          0x01003ac0      0x26c c:/nxp/s32ds_power_v2017.r1/cross_tools/powerpc-eabivle-4_9/bin/../lib/gcc/powerpc-eabivle/4.9.4/e200z4/fp\libgcc.a(_mul_df.o)
                0x01003ac0                __muldf3
 .text          0x01003d2c       0x64 c:/nxp/s32ds_power_v2017.r1/cross_tools/powerpc-eabivle-4_9/bin/../lib/gcc/powerpc-eabivle/4.9.4/e200z4/fp\libgcc.a(_eq_df.o)
                0x01003d2c                __eqdf2
 .text          0x01003d90       0x64 c:/nxp/s32ds_power_v2017.r1/cross_tools/powerpc-eabivle-4_9/bin/../lib/gcc/powerpc-eabivle/4.9.4/e200z4/fp\libgcc.a(_ne_df.o)
                0x01003d90                __nedf2
 .text          0x01003df4       0x64 c:/nxp/s32ds_power_v2017.r1/cross_tools/powerpc-eabivle-4_9/bin/../lib/gcc/powerpc-eabivle/4.9.4/e200z4/fp\libgcc.a(_lt_df.o)
                0x01003df4                __ltdf2
 .text          0x01003e58       0x70 c:/nxp/s32ds_power_v2017.r1/cross_tools/powerpc-eabivle-4_9/bin/../lib/gcc/powerpc-eabivle/4.9.4/e200z4/fp\libgcc.a(_usi_to_df.o)
                0x01003e58                __floatunsidf
 .text          0x01003ec8       0x4a c:/nxp/s32ds_power_v2017.r1/cross_tools/powerpc-eabivle-4_9/bin/../lib/gcc/powerpc-eabivle/4.9.4/e200z4/fp\libgcc.a(e200crtsavgpr.o)
                0x01003ec8                _savegpr_14
                0x01003ecc                _savegpr_15
                0x01003ed0                _savegpr_16
                0x01003ed4                _savegpr_17
                0x01003ed8                _savegpr_18
                0x01003edc                _savegpr_19
                0x01003ee0                _savegpr_20
                0x01003ee4                _savegpr_21
                0x01003ee8                _savegpr_22
                0x01003eec                _savegpr_23
                0x01003ef0                _savegpr_24
                0x01003ef4                _savegpr_25
                0x01003ef8                _savegpr_26
                0x01003efc                _savegpr_27
                0x01003f00                _savegpr_28
                0x01003f04                _savegpr_29
                0x01003f08                _savegpr_30
                0x01003f0c                _savegpr_31
 .text          0x01003f12       0x52 c:/nxp/s32ds_power_v2017.r1/cross_tools/powerpc-eabivle-4_9/bin/../lib/gcc/powerpc-eabivle/4.9.4/e200z4/fp\libgcc.a(e200crtresxgpr.o)
                0x01003f12                _restgpr_14_x
                0x01003f16                _restgpr_15_x
                0x01003f1a                _restgpr_16_x
                0x01003f1e                _restgpr_17_x
                0x01003f22                _restgpr_18_x
                0x01003f26                _restgpr_19_x
                0x01003f2a                _restgpr_20_x
                0x01003f2e                _restgpr_21_x
                0x01003f32                _restgpr_22_x
                0x01003f36                _restgpr_23_x
                0x01003f3a                _restgpr_24_x
                0x01003f3e                _restgpr_25_x
                0x01003f42                _restgpr_26_x
                0x01003f46                _restgpr_27_x
                0x01003f4a                _restgpr_28_x
                0x01003f4e                _restgpr_29_x
                0x01003f52                _restgpr_30_x
                0x01003f56                _restgpr_31_x
 .text          0x01003f64       0x4a c:/nxp/s32ds_power_v2017.r1/cross_tools/powerpc-eabivle-4_9/bin/../lib/gcc/powerpc-eabivle/4.9.4/e200z4/fp\libgcc.a(eabivle.o)
                0x01003f64                __eabi
 *fill*         0x01003fae        0x2 
 .text          0x01003fb0       0x56 c:/nxp/s32ds_power_v2017.r1/cross_tools/powerpc-eabivle-4_9/bin/../lib/gcc/powerpc-eabivle/4.9.4/e200z4/fp\libgcc.a(_fixunsdfsi.o)
                0x01003fb0                __fixunsdfsi
 *fill*         0x01004006        0x2 
 .text          0x01004008      0x1e6 c:/nxp/s32ds_power_v2017.r1/cross_tools/powerpc-eabivle-4_9/bin/../lib/gcc/powerpc-eabivle/4.9.4/e200z4/fp\libgcc.a(_pack_df.o)
                0x01004008                __pack_d
 *fill*         0x010041ee        0x2 
 .text          0x010041f0       0xb0 c:/nxp/s32ds_power_v2017.r1/cross_tools/powerpc-eabivle-4_9/bin/../lib/gcc/powerpc-eabivle/4.9.4/e200z4/fp\libgcc.a(_unpack_df.o)
                0x010041f0                __unpack_d
 .text          0x010042a0       0xc6 c:/nxp/s32ds_power_v2017.r1/cross_tools/powerpc-eabivle-4_9/bin/../lib/gcc/powerpc-eabivle/4.9.4/e200z4/fp\libgcc.a(_fpcmp_parts_df.o)
                0x010042a0                __fpcmp_parts_d
 *fill*         0x01004366        0x2 
 .text          0x01004368       0x64 c:/nxp/s32ds_power_v2017.r1/cross_tools/powerpc-eabivle-4_9/bin/../lib/gcc/powerpc-eabivle/4.9.4/e200z4/fp\libgcc.a(_ge_df.o)
                0x01004368                __gedf2
 .text          0x010043cc       0xac c:/nxp/s32ds_power_v2017.r1/cross_tools/powerpc-eabivle-4_9/bin/../lib/gcc/powerpc-eabivle/4.9.4/e200z4/fp\libgcc.a(_df_to_si.o)
                0x010043cc                __fixdfsi
 .text          0x01004478       0x48 c:/nxp/s32ds_power_v2017.r1/cross_tools/powerpc-eabivle-4_9/bin/../lib/gcc/powerpc-eabivle/4.9.4/e200z4/fp/crtend.o
 *(.text.*)
 .text.App_Task
                0x010044c0       0x1e ./Sources/main.o
                0x010044c0                App_Task
 *fill*         0x010044de        0x2 
 .text.main     0x010044e0       0x3e ./Sources/main.o
                0x010044e0                main
 *fill*         0x0100451e        0x2 
 .text.initClocks
                0x01004520       0x3e ./Sources/main.o
                0x01004520                initClocks
 *fill*         0x0100455e        0x2 
 .text.initPeripherals
                0x01004560       0xde ./Sources/main.o
                0x01004560                initPeripherals
 *fill*         0x0100463e        0x2 
 .text.osif_IsIsrContext
                0x01004640       0x3e ./SDK/rtos/osif/osif_freertos.o
 *fill*         0x0100467e        0x2 
 .text.OSIF_TimeDelay
                0x01004680       0x3e ./SDK/rtos/osif/osif_freertos.o
                0x01004680                OSIF_TimeDelay
 *fill*         0x010046be        0x2 
 .text.OSIF_GetMilliseconds
                0x010046c0       0x5e ./SDK/rtos/osif/osif_freertos.o
                0x010046c0                OSIF_GetMilliseconds
 *fill*         0x0100471e        0x2 
 .text.OSIF_MutexLock
                0x01004720       0xe6 ./SDK/rtos/osif/osif_freertos.o
                0x01004720                OSIF_MutexLock
 *fill*         0x01004806        0x2 
 .text.OSIF_MutexUnlock
                0x01004808       0xa4 ./SDK/rtos/osif/osif_freertos.o
                0x01004808                OSIF_MutexUnlock
 .text.OSIF_MutexCreate
                0x010048ac       0x6a ./SDK/rtos/osif/osif_freertos.o
                0x010048ac                OSIF_MutexCreate
 *fill*         0x01004916        0x2 
 .text.OSIF_MutexDestroy
                0x01004918       0x46 ./SDK/rtos/osif/osif_freertos.o
                0x01004918                OSIF_MutexDestroy
 *fill*         0x0100495e        0x2 
 .text.OSIF_SemaWait
                0x01004960       0x94 ./SDK/rtos/osif/osif_freertos.o
                0x01004960                OSIF_SemaWait
 .text.OSIF_SemaPost
                0x010049f4      0x11e ./SDK/rtos/osif/osif_freertos.o
                0x010049f4                OSIF_SemaPost
 *fill*         0x01004b12        0x2 
 .text.OSIF_SemaCreate
                0x01004b14       0x60 ./SDK/rtos/osif/osif_freertos.o
                0x01004b14                OSIF_SemaCreate
 .text.OSIF_SemaDestroy
                0x01004b74       0x2e ./SDK/rtos/osif/osif_freertos.o
                0x01004b74                OSIF_SemaDestroy
 *fill*         0x01004ba2        0x2 
 .text.pvPortMalloc
                0x01004ba4      0x1f2 ./SDK/rtos/FreeRTOS_C55/Source/portable/MemMang/heap_2.o
                0x01004ba4                pvPortMalloc
 *fill*         0x01004d96        0x2 
 .text.vPortFree
                0x01004d98       0xae ./SDK/rtos/FreeRTOS_C55/Source/portable/MemMang/heap_2.o
                0x01004d98                vPortFree
 *fill*         0x01004e46        0x2 
 .text.prvHeapInit
                0x01004e48       0x6c ./SDK/rtos/FreeRTOS_C55/Source/portable/MemMang/heap_2.o
 .text.prvPortTimerSetup
                0x01004eb4       0x78 ./SDK/rtos/FreeRTOS_C55/Source/portable/GCC/PowerPC_Z4/porttimer.o
                0x01004eb4                prvPortTimerSetup
 .text.prvPortTimerReset
                0x01004f2c       0x1e ./SDK/rtos/FreeRTOS_C55/Source/portable/GCC/PowerPC_Z4/porttimer.o
                0x01004f2c                prvPortTimerReset
 *fill*         0x01004f4a        0x2 
 .text.pxPortInitialiseStack
                0x01004f4c      0x26c ./SDK/rtos/FreeRTOS_C55/Source/portable/GCC/PowerPC_Z4/port.o
                0x01004f4c                pxPortInitialiseStack
 .text.xPortStartScheduler
                0x010051b8       0x36 ./SDK/rtos/FreeRTOS_C55/Source/portable/GCC/PowerPC_Z4/port.o
                0x010051b8                xPortStartScheduler
 *fill*         0x010051ee        0x2 
 .text.vPortTickISR
                0x010051f0       0x94 ./SDK/rtos/FreeRTOS_C55/Source/portable/GCC/PowerPC_Z4/port.o
                0x010051f0                vPortTickISR
 .text.vPortTaskEnterCritical
                0x01005284       0x40 ./SDK/rtos/FreeRTOS_C55/Source/portable/GCC/PowerPC_Z4/port.o
                0x01005284                vPortTaskEnterCritical
 .text.vPortTaskExitCritical
                0x010052c4       0x5a ./SDK/rtos/FreeRTOS_C55/Source/portable/GCC/PowerPC_Z4/port.o
                0x010052c4                vPortTaskExitCritical
 *fill*         0x0100531e        0x2 
 .text.xTimerCreateTimerTask
                0x01005320       0xa8 ./SDK/rtos/FreeRTOS_C55/Source/timers.o
                0x01005320                xTimerCreateTimerTask
 .text.xTimerGenericCommand
                0x010053c8      0x124 ./SDK/rtos/FreeRTOS_C55/Source/timers.o
                0x010053c8                xTimerGenericCommand
 .text.prvProcessExpiredTimer
                0x010054ec       0xd8 ./SDK/rtos/FreeRTOS_C55/Source/timers.o
 .text.prvTimerTask
                0x010055c4       0x2c ./SDK/rtos/FreeRTOS_C55/Source/timers.o
 .text.prvProcessTimerOrBlockTask
                0x010055f0       0xfe ./SDK/rtos/FreeRTOS_C55/Source/timers.o
 *fill*         0x010056ee        0x2 
 .text.prvGetNextExpireTime
                0x010056f0       0x6a ./SDK/rtos/FreeRTOS_C55/Source/timers.o
 *fill*         0x0100575a        0x2 
 .text.prvSampleTimeNow
                0x0100575c       0x66 ./SDK/rtos/FreeRTOS_C55/Source/timers.o
 *fill*         0x010057c2        0x2 
 .text.prvInsertTimerInActiveList
                0x010057c4       0xdc ./SDK/rtos/FreeRTOS_C55/Source/timers.o
 .text.prvProcessReceivedCommands
                0x010058a0      0x260 ./SDK/rtos/FreeRTOS_C55/Source/timers.o
 .text.prvSwitchTimerLists
                0x01005b00      0x144 ./SDK/rtos/FreeRTOS_C55/Source/timers.o
 .text.prvCheckForValidListAndQueue
                0x01005c44       0x90 ./SDK/rtos/FreeRTOS_C55/Source/timers.o
 .text.xTaskCreate
                0x01005cd4       0xdc ./SDK/rtos/FreeRTOS_C55/Source/tasks.o
                0x01005cd4                xTaskCreate
 .text.prvInitialiseNewTask
                0x01005db0      0x1ac ./SDK/rtos/FreeRTOS_C55/Source/tasks.o
 .text.prvAddNewTaskToReadyList
                0x01005f5c      0x16e ./SDK/rtos/FreeRTOS_C55/Source/tasks.o
 *fill*         0x010060ca        0x2 
 .text.vTaskDelay
                0x010060cc       0xac ./SDK/rtos/FreeRTOS_C55/Source/tasks.o
                0x010060cc                vTaskDelay
 .text.vTaskStartScheduler
                0x01006178       0xfa ./SDK/rtos/FreeRTOS_C55/Source/tasks.o
                0x01006178                vTaskStartScheduler
 *fill*         0x01006272        0x2 
 .text.vTaskSuspendAll
                0x01006274       0x28 ./SDK/rtos/FreeRTOS_C55/Source/tasks.o
                0x01006274                vTaskSuspendAll
 .text.xTaskResumeAll
                0x0100629c      0x22c ./SDK/rtos/FreeRTOS_C55/Source/tasks.o
                0x0100629c                xTaskResumeAll
 .text.xTaskGetTickCount
                0x010064c8       0x22 ./SDK/rtos/FreeRTOS_C55/Source/tasks.o
                0x010064c8                xTaskGetTickCount
 *fill*         0x010064ea        0x2 
 .text.xTaskIncrementTick
                0x010064ec      0x2a6 ./SDK/rtos/FreeRTOS_C55/Source/tasks.o
                0x010064ec                xTaskIncrementTick
 *fill*         0x01006792        0x2 
 .text.vTaskSwitchContext
                0x01006794      0x10a ./SDK/rtos/FreeRTOS_C55/Source/tasks.o
                0x01006794                vTaskSwitchContext
 *fill*         0x0100689e        0x2 
 .text.vTaskPlaceOnEventList
                0x010068a0       0x78 ./SDK/rtos/FreeRTOS_C55/Source/tasks.o
                0x010068a0                vTaskPlaceOnEventList
 .text.vTaskPlaceOnEventListRestricted
                0x01006918       0x96 ./SDK/rtos/FreeRTOS_C55/Source/tasks.o
                0x01006918                vTaskPlaceOnEventListRestricted
 *fill*         0x010069ae        0x2 
 .text.xTaskRemoveFromEventList
                0x010069b0      0x12c ./SDK/rtos/FreeRTOS_C55/Source/tasks.o
                0x010069b0                xTaskRemoveFromEventList
 .text.vTaskSetTimeOutState
                0x01006adc       0x6a ./SDK/rtos/FreeRTOS_C55/Source/tasks.o
                0x01006adc                vTaskSetTimeOutState
 *fill*         0x01006b46        0x2 
 .text.xTaskCheckForTimeOut
                0x01006b48      0x158 ./SDK/rtos/FreeRTOS_C55/Source/tasks.o
                0x01006b48                xTaskCheckForTimeOut
 .text.vTaskMissedYield
                0x01006ca0       0x1e ./SDK/rtos/FreeRTOS_C55/Source/tasks.o
                0x01006ca0                vTaskMissedYield
 *fill*         0x01006cbe        0x2 
 .text.prvIdleTask
                0x01006cc0       0x3a ./SDK/rtos/FreeRTOS_C55/Source/tasks.o
 *fill*         0x01006cfa        0x2 
 .text.prvInitialiseTaskLists
                0x01006cfc       0xba ./SDK/rtos/FreeRTOS_C55/Source/tasks.o
 *fill*         0x01006db6        0x2 
 .text.prvCheckTasksWaitingTermination
                0x01006db8       0xca ./SDK/rtos/FreeRTOS_C55/Source/tasks.o
 *fill*         0x01006e82        0x2 
 .text.prvDeleteTCB
                0x01006e84       0x30 ./SDK/rtos/FreeRTOS_C55/Source/tasks.o
 .text.prvResetNextTaskUnblockTime
                0x01006eb4       0x7a ./SDK/rtos/FreeRTOS_C55/Source/tasks.o
 *fill*         0x01006f2e        0x2 
 .text.xTaskGetCurrentTaskHandle
                0x01006f30       0x22 ./SDK/rtos/FreeRTOS_C55/Source/tasks.o
                0x01006f30                xTaskGetCurrentTaskHandle
 *fill*         0x01006f52        0x2 
 .text.xTaskGetSchedulerState
                0x01006f54       0x68 ./SDK/rtos/FreeRTOS_C55/Source/tasks.o
                0x01006f54                xTaskGetSchedulerState
 .text.vTaskPriorityInherit
                0x01006fbc      0x1ac ./SDK/rtos/FreeRTOS_C55/Source/tasks.o
                0x01006fbc                vTaskPriorityInherit
 .text.xTaskPriorityDisinherit
                0x01007168      0x1e0 ./SDK/rtos/FreeRTOS_C55/Source/tasks.o
                0x01007168                xTaskPriorityDisinherit
 .text.pvTaskIncrementMutexHeldCount
                0x01007348       0x4e ./SDK/rtos/FreeRTOS_C55/Source/tasks.o
                0x01007348                pvTaskIncrementMutexHeldCount
 *fill*         0x01007396        0x2 
 .text.prvAddCurrentTaskToDelayedList
                0x01007398      0x156 ./SDK/rtos/FreeRTOS_C55/Source/tasks.o
 *fill*         0x010074ee        0x2 
 .text.xQueueGenericReset
                0x010074f0      0x12e ./SDK/rtos/FreeRTOS_C55/Source/queue.o
                0x010074f0                xQueueGenericReset
 *fill*         0x0100761e        0x2 
 .text.xQueueGenericCreate
                0x01007620       0xd2 ./SDK/rtos/FreeRTOS_C55/Source/queue.o
                0x01007620                xQueueGenericCreate
 *fill*         0x010076f2        0x2 
 .text.prvInitialiseNewQueue
                0x010076f4       0x68 ./SDK/rtos/FreeRTOS_C55/Source/queue.o
 .text.prvInitialiseMutex
                0x0100775c       0x56 ./SDK/rtos/FreeRTOS_C55/Source/queue.o
 *fill*         0x010077b2        0x2 
 .text.xQueueCreateMutex
                0x010077b4       0x48 ./SDK/rtos/FreeRTOS_C55/Source/queue.o
                0x010077b4                xQueueCreateMutex
 .text.xQueueGetMutexHolder
                0x010077fc       0x54 ./SDK/rtos/FreeRTOS_C55/Source/queue.o
                0x010077fc                xQueueGetMutexHolder
 .text.xQueueCreateCountingSemaphore
                0x01007850       0xc8 ./SDK/rtos/FreeRTOS_C55/Source/queue.o
                0x01007850                xQueueCreateCountingSemaphore
 .text.xQueueGenericSend
                0x01007918      0x3da ./SDK/rtos/FreeRTOS_C55/Source/queue.o
                0x01007918                xQueueGenericSend
 *fill*         0x01007cf2        0x2 
 .text.xQueueGenericSendFromISR
                0x01007cf4      0x29c ./SDK/rtos/FreeRTOS_C55/Source/queue.o
                0x01007cf4                xQueueGenericSendFromISR
 .text.xQueueGiveFromISR
                0x01007f90      0x242 ./SDK/rtos/FreeRTOS_C55/Source/queue.o
                0x01007f90                xQueueGiveFromISR
 *fill*         0x010081d2        0x2 
 .text.xQueueGenericReceive
                0x010081d4      0x408 ./SDK/rtos/FreeRTOS_C55/Source/queue.o
                0x010081d4                xQueueGenericReceive
 .text.vQueueDelete
                0x010085dc       0x66 ./SDK/rtos/FreeRTOS_C55/Source/queue.o
                0x010085dc                vQueueDelete
 *fill*         0x01008642        0x2 
 .text.prvCopyDataToQueue
                0x01008644      0x178 ./SDK/rtos/FreeRTOS_C55/Source/queue.o
 .text.prvCopyDataFromQueue
                0x010087bc       0x86 ./SDK/rtos/FreeRTOS_C55/Source/queue.o
 *fill*         0x01008842        0x2 
 .text.prvUnlockQueue
                0x01008844      0x136 ./SDK/rtos/FreeRTOS_C55/Source/queue.o
 *fill*         0x0100897a        0x2 
 .text.prvIsQueueEmpty
                0x0100897c       0x52 ./SDK/rtos/FreeRTOS_C55/Source/queue.o
 *fill*         0x010089ce        0x2 
 .text.prvIsQueueFull
                0x010089d0       0x54 ./SDK/rtos/FreeRTOS_C55/Source/queue.o
 .text.xQueueIsQueueFullFromISR
                0x01008a24       0x7e ./SDK/rtos/FreeRTOS_C55/Source/queue.o
                0x01008a24                xQueueIsQueueFullFromISR
 *fill*         0x01008aa2        0x2 
 .text.vQueueWaitForMessageRestricted
                0x01008aa4       0xb0 ./SDK/rtos/FreeRTOS_C55/Source/queue.o
                0x01008aa4                vQueueWaitForMessageRestricted
 .text.vListInitialise
                0x01008b54       0x40 ./SDK/rtos/FreeRTOS_C55/Source/list.o
                0x01008b54                vListInitialise
 .text.vListInitialiseItem
                0x01008b94       0x1c ./SDK/rtos/FreeRTOS_C55/Source/list.o
                0x01008b94                vListInitialiseItem
 .text.vListInsertEnd
                0x01008bb0       0x4c ./SDK/rtos/FreeRTOS_C55/Source/list.o
                0x01008bb0                vListInsertEnd
 .text.vListInsert
                0x01008bfc       0x9a ./SDK/rtos/FreeRTOS_C55/Source/list.o
                0x01008bfc                vListInsert
 *fill*         0x01008c96        0x2 
 .text.uxListRemove
                0x01008c98       0x6a ./SDK/rtos/FreeRTOS_C55/Source/list.o
                0x01008c98                uxListRemove
 *fill*         0x01008d02        0x2 
 .text.UART_AllocateState
                0x01008d04       0xac ./SDK/platform/pal/uart/src/uart_pal.o
 .text.UART_Init
                0x01008db0      0x1f2 ./SDK/platform/pal/uart/src/uart_pal.o
                0x01008db0                UART_Init
 *fill*         0x01008fa2        0x2 
 .text.UART_SendDataBlocking
                0x01008fa4       0x66 ./SDK/platform/pal/uart/src/uart_pal.o
                0x01008fa4                UART_SendDataBlocking
 *fill*         0x0100900a        0x2 
 .text.SecurityAllocateInstance
                0x0100900c       0x92 ./SDK/platform/pal/security/src/security_pal.o
 *fill*         0x0100909e        0x2 
 .text.SecurityGetInstance
                0x010090a0       0x9c ./SDK/platform/pal/security/src/security_pal.o
 .text.SECURITY_Init
                0x0100913c       0xec ./SDK/platform/pal/security/src/security_pal.o
                0x0100913c                SECURITY_Init
 .text.SECURITY_EncryptCbcBlocking
                0x01009228       0x4e ./SDK/platform/pal/security/src/security_pal.o
                0x01009228                SECURITY_EncryptCbcBlocking
 *fill*         0x01009276        0x2 
 .text.SECURITY_GenerateMacBlocking
                0x01009278       0x50 ./SDK/platform/pal/security/src/security_pal.o
                0x01009278                SECURITY_GenerateMacBlocking
 .text.SECURITY_LoadKey
                0x010092c8       0x56 ./SDK/platform/pal/security/src/security_pal.o
                0x010092c8                SECURITY_LoadKey
 *fill*         0x0100931e        0x2 
 .text.SECURITY_LoadPlainKey
                0x01009320       0x36 ./SDK/platform/pal/security/src/security_pal.o
                0x01009320                SECURITY_LoadPlainKey
 *fill*         0x01009356        0x2 
 .text.SECURITY_MPCompress
                0x01009358       0x42 ./SDK/platform/pal/security/src/security_pal.o
                0x01009358                SECURITY_MPCompress
 *fill*         0x0100939a        0x2 
 .text.CAN_AllocateState
                0x0100939c       0xa2 ./SDK/platform/pal/can/src/can_pal.o
 *fill*         0x0100943e        0x2 
 .text.CAN_FindFlexCANState
                0x01009440       0x74 ./SDK/platform/pal/can/src/can_pal.o
 .text.CAN_GetVirtualBuffIdx
                0x010094b4       0x22 ./SDK/platform/pal/can/src/can_pal.o
 *fill*         0x010094d6        0x2 
 .text.CAN_InternalCallback
                0x010094d8      0x156 ./SDK/platform/pal/can/src/can_pal.o
 *fill*         0x0100962e        0x2 
 .text.CAN_Init
                0x01009630      0x236 ./SDK/platform/pal/can/src/can_pal.o
                0x01009630                CAN_Init
 *fill*         0x01009866        0x2 
 .text.CAN_ConfigTxBuff
                0x01009868      0x13c ./SDK/platform/pal/can/src/can_pal.o
                0x01009868                CAN_ConfigTxBuff
 .text.CAN_ConfigRxBuff
                0x010099a4      0x142 ./SDK/platform/pal/can/src/can_pal.o
                0x010099a4                CAN_ConfigRxBuff
 *fill*         0x01009ae6        0x2 
 .text.CAN_SendBlocking
                0x01009ae8      0x1b6 ./SDK/platform/pal/can/src/can_pal.o
                0x01009ae8                CAN_SendBlocking
 *fill*         0x01009c9e        0x2 
 .text.CAN_Receive
                0x01009ca0      0x112 ./SDK/platform/pal/can/src/can_pal.o
                0x01009ca0                CAN_Receive
 *fill*         0x01009db2        0x2 
 .text.CAN_SetRxFilter
                0x01009db4       0x7e ./SDK/platform/pal/can/src/can_pal.o
                0x01009db4                CAN_SetRxFilter
 *fill*         0x01009e32        0x2 
 .text.CAN_InstallEventCallback
                0x01009e34       0xb0 ./SDK/platform/pal/can/src/can_pal.o
                0x01009e34                CAN_InstallEventCallback
 .text.uSDHC_DriverIRQHandler
                0x01009ee4       0x24 ./SDK/platform/drivers/src/usdhc/usdhc_irq.o
                0x01009ee4                uSDHC_DriverIRQHandler
 .text.uSDHC_GetInterruptStatusFlags
                0x01009f08       0x1c ./SDK/platform/drivers/src/usdhc/usdhc_hw_access.o
 .text.uSDHC_ClearInterruptStatusFlags
                0x01009f24       0x1e ./SDK/platform/drivers/src/usdhc/usdhc_hw_access.o
 *fill*         0x01009f42        0x2 
 .text.uSDHC_GetCommandResponse
                0x01009f44       0xac ./SDK/platform/drivers/src/usdhc/usdhc_hw_access.o
 .text.uSDHC_ReadData
                0x01009ff0       0x1c ./SDK/platform/drivers/src/usdhc/usdhc_hw_access.o
 .text.uSDHC_WriteData
                0x0100a00c       0x1e ./SDK/platform/drivers/src/usdhc/usdhc_hw_access.o
 *fill*         0x0100a02a        0x2 
 .text.uSDHC_ConfigProtocolControl
                0x0100a02c       0x70 ./SDK/platform/drivers/src/usdhc/usdhc_hw_access.o
                0x0100a02c                uSDHC_ConfigProtocolControl
 .text.uSDHC_SetSDClock
                0x0100a09c       0x4a ./SDK/platform/drivers/src/usdhc/usdhc_hw_access.o
                0x0100a09c                uSDHC_SetSDClock
 *fill*         0x0100a0e6        0x2 
 .text.uSDHC_ConfigByteSwap
                0x0100a0e8       0x50 ./SDK/platform/drivers/src/usdhc/usdhc_hw_access.o
                0x0100a0e8                uSDHC_ConfigByteSwap
 .text.uSDHC_SetAdmaTableConfig
                0x0100a138      0x1d8 ./SDK/platform/drivers/src/usdhc/usdhc_hw_access.o
                0x0100a138                uSDHC_SetAdmaTableConfig
 .text.uSDHC_StartTransfer
                0x0100a310      0x206 ./SDK/platform/drivers/src/usdhc/usdhc_hw_access.o
                0x0100a310                uSDHC_StartTransfer
 *fill*         0x0100a516        0x2 
 .text.uSDHC_SetTransferConfig
                0x0100a518       0x64 ./SDK/platform/drivers/src/usdhc/usdhc_hw_access.o
 .text.uSDHC_ReceiveCommandResponse
                0x0100a57c      0x128 ./SDK/platform/drivers/src/usdhc/usdhc_hw_access.o
 .text.uSDHC_ReadDataPort
                0x0100a6a4       0xea ./SDK/platform/drivers/src/usdhc/usdhc_hw_access.o
 *fill*         0x0100a78e        0x2 
 .text.uSDHC_WriteDataPort
                0x0100a790       0xea ./SDK/platform/drivers/src/usdhc/usdhc_hw_access.o
 *fill*         0x0100a87a        0x2 
 .text.uSDHC_TransferHandleCommand
                0x0100a87c      0x112 ./SDK/platform/drivers/src/usdhc/usdhc_hw_access.o
 *fill*         0x0100a98e        0x2 
 .text.uSDHC_TransferHandleData
                0x0100a990      0x186 ./SDK/platform/drivers/src/usdhc/usdhc_hw_access.o
 *fill*         0x0100ab16        0x2 
 .text.uSDHC_TransferHandleCardDetect
                0x0100ab18       0xca ./SDK/platform/drivers/src/usdhc/usdhc_hw_access.o
 *fill*         0x0100abe2        0x2 
 .text.uSDHC_HandleCardInterrupt
                0x0100abe4       0x60 ./SDK/platform/drivers/src/usdhc/usdhc_hw_access.o
 .text.uSDHC_HandleBlockGapInterrupt
                0x0100ac44       0x60 ./SDK/platform/drivers/src/usdhc/usdhc_hw_access.o
 .text.uSDHC_TransferHandleIRQ
                0x0100aca4      0x11c ./SDK/platform/drivers/src/usdhc/usdhc_hw_access.o
                0x0100aca4                uSDHC_TransferHandleIRQ
 .text.uSDHC_DRV_GetPresentStatusFlags
                0x0100adc0       0x20 ./SDK/platform/drivers/src/usdhc/usdhc_driver.o
 .text.uSDHC_DisableInterrupt
                0x0100ade0       0x34 ./SDK/platform/drivers/src/usdhc/usdhc_driver.o
 .text.uSDHC_EnableInterrupt
                0x0100ae14       0x30 ./SDK/platform/drivers/src/usdhc/usdhc_driver.o
 .text.uSDHC_GetHostVersion
                0x0100ae44       0x1e ./SDK/platform/drivers/src/usdhc/usdhc_driver.o
 *fill*         0x0100ae62        0x2 
 .text.uSDHC_GetHostCapacities
                0x0100ae64       0x1e ./SDK/platform/drivers/src/usdhc/usdhc_driver.o
 *fill*         0x0100ae82        0x2 
 .text.uSDHC_GetCurrentDMAMode
                0x0100ae84       0x22 ./SDK/platform/drivers/src/usdhc/usdhc_driver.o
 *fill*         0x0100aea6        0x2 
 .text.uSDHC_DisableSDClock
                0x0100aea8       0x26 ./SDK/platform/drivers/src/usdhc/usdhc_driver.o
 *fill*         0x0100aece        0x2 
 .text.uSDHC_EnableSDClock
                0x0100aed0       0x26 ./SDK/platform/drivers/src/usdhc/usdhc_driver.o
 *fill*         0x0100aef6        0x2 
 .text.uSDHC_DisableAutoGateOff
                0x0100aef8       0x26 ./SDK/platform/drivers/src/usdhc/usdhc_driver.o
 *fill*         0x0100af1e        0x2 
 .text.uSDHC_DRV_Init
                0x0100af20      0x110 ./SDK/platform/drivers/src/usdhc/usdhc_driver.o
                0x0100af20                uSDHC_DRV_Init
 .text.uSDHC_DRV_Deinit
                0x0100b030       0x58 ./SDK/platform/drivers/src/usdhc/usdhc_driver.o
                0x0100b030                uSDHC_DRV_Deinit
 .text.uSDHC_DRV_Reset
                0x0100b088       0x92 ./SDK/platform/drivers/src/usdhc/usdhc_driver.o
                0x0100b088                uSDHC_DRV_Reset
 *fill*         0x0100b11a        0x2 
 .text.uSDHC_DRV_InstallCallback
                0x0100b11c      0x20c ./SDK/platform/drivers/src/usdhc/usdhc_driver.o
                0x0100b11c                uSDHC_DRV_InstallCallback
 .text.uSDHC_DRV_SetDataBusWidth
                0x0100b328       0x34 ./SDK/platform/drivers/src/usdhc/usdhc_driver.o
                0x0100b328                uSDHC_DRV_SetDataBusWidth
 .text.uSDHC_DRV_GetCapability
                0x0100b35c       0x82 ./SDK/platform/drivers/src/usdhc/usdhc_driver.o
                0x0100b35c                uSDHC_DRV_GetCapability
 *fill*         0x0100b3de        0x2 
 .text.uSDHC_DRV_SetBusClock
                0x0100b3e0      0x12a ./SDK/platform/drivers/src/usdhc/usdhc_driver.o
                0x0100b3e0                uSDHC_DRV_SetBusClock
 *fill*         0x0100b50a        0x2 
 .text.uSDHC_DRV_SetCardActive
                0x0100b50c       0x8c ./SDK/platform/drivers/src/usdhc/usdhc_driver.o
                0x0100b50c                uSDHC_DRV_SetCardActive
 .text.uSDHC_DRV_Transfer
                0x0100b598      0x20c ./SDK/platform/drivers/src/usdhc/usdhc_driver.o
                0x0100b598                uSDHC_DRV_Transfer
 .text.RTC0_IRQHandler
                0x0100b7a4       0x24 ./SDK/platform/drivers/src/rtc_c55/rtc_c55_irq.o
                0x0100b7a4                RTC0_IRQHandler
 .text.RTC_Configure
                0x0100b7c8      0x14e ./SDK/platform/drivers/src/rtc_c55/rtc_c55_hw_access.o
                0x0100b7c8                RTC_Configure
 *fill*         0x0100b916        0x2 
 .text.RTC_SetCompareRegister
                0x0100b918       0x4c ./SDK/platform/drivers/src/rtc_c55/rtc_c55_hw_access.o
                0x0100b918                RTC_SetCompareRegister
 .text.RTC_IsCounterEnabled
                0x0100b964       0x20 ./SDK/platform/drivers/src/rtc_c55/rtc_c55_driver.o
 .text.RTC_EnableCounter
                0x0100b984       0x50 ./SDK/platform/drivers/src/rtc_c55/rtc_c55_driver.o
 .text.RTC_GetControlRegister
                0x0100b9d4       0x1c ./SDK/platform/drivers/src/rtc_c55/rtc_c55_driver.o
 .text.RTC_SetControlRegister
                0x0100b9f0       0x1e ./SDK/platform/drivers/src/rtc_c55/rtc_c55_driver.o
 *fill*         0x0100ba0e        0x2 
 .text.RTC_GetStatusRegister
                0x0100ba10       0x1c ./SDK/platform/drivers/src/rtc_c55/rtc_c55_driver.o
 .text.RTC_ClearStatusFlags
                0x0100ba2c       0x24 ./SDK/platform/drivers/src/rtc_c55/rtc_c55_driver.o
 .text.RTC_GetCounterRegister
                0x0100ba50       0x1c ./SDK/platform/drivers/src/rtc_c55/rtc_c55_driver.o
 .text.RTC_ConfigureNonSupervisorAccess
                0x0100ba6c       0x52 ./SDK/platform/drivers/src/rtc_c55/rtc_c55_driver.o
 *fill*         0x0100babe        0x2 
 .text.RTC_DRV_Init
                0x0100bac0       0xae ./SDK/platform/drivers/src/rtc_c55/rtc_c55_driver.o
                0x0100bac0                RTC_DRV_Init
 *fill*         0x0100bb6e        0x2 
 .text.RTC_DRV_Deinit
                0x0100bb70       0x4e ./SDK/platform/drivers/src/rtc_c55/rtc_c55_driver.o
                0x0100bb70                RTC_DRV_Deinit
 *fill*         0x0100bbbe        0x2 
 .text.RTC_DRV_StartCounter
                0x0100bbc0       0x5c ./SDK/platform/drivers/src/rtc_c55/rtc_c55_driver.o
                0x0100bbc0                RTC_DRV_StartCounter
 .text.RTC_DRV_StopCounter
                0x0100bc1c       0x76 ./SDK/platform/drivers/src/rtc_c55/rtc_c55_driver.o
                0x0100bc1c                RTC_DRV_StopCounter
 *fill*         0x0100bc92        0x2 
 .text.RTC_DRV_SetTimeDate
                0x0100bc94       0x8e ./SDK/platform/drivers/src/rtc_c55/rtc_c55_driver.o
                0x0100bc94                RTC_DRV_SetTimeDate
 *fill*         0x0100bd22        0x2 
 .text.RTC_DRV_GetInterruptFlag
                0x0100bd24       0xda ./SDK/platform/drivers/src/rtc_c55/rtc_c55_driver.o
                0x0100bd24                RTC_DRV_GetInterruptFlag
 *fill*         0x0100bdfe        0x2 
 .text.RTC_DRV_ClearInterruptFlag
                0x0100be00       0x92 ./SDK/platform/drivers/src/rtc_c55/rtc_c55_driver.o
                0x0100be00                RTC_DRV_ClearInterruptFlag
 *fill*         0x0100be92        0x2 
 .text.RTC_DRV_UpdateModuleFrequency
                0x0100be94      0x150 ./SDK/platform/drivers/src/rtc_c55/rtc_c55_driver.o
                0x0100be94                RTC_DRV_UpdateModuleFrequency
 .text.RTC_DRV_SecondsToTicks
                0x0100bfe4       0xc0 ./SDK/platform/drivers/src/rtc_c55/rtc_c55_driver.o
 .text.RTC_DRV_IRQHandler
                0x0100c0a4      0x1f0 ./SDK/platform/drivers/src/rtc_c55/rtc_c55_driver.o
                0x0100c0a4                RTC_DRV_IRQHandler
 .text.RTC_DRV_ConvertTimeDateToSeconds
                0x0100c294      0x172 ./SDK/platform/drivers/src/rtc_c55/rtc_c55_driver.o
                0x0100c294                RTC_DRV_ConvertTimeDateToSeconds
 *fill*         0x0100c406        0x2 
 .text.RTC_DRV_IsTimeDateCorrectFormat
                0x0100c408      0x1a6 ./SDK/platform/drivers/src/rtc_c55/rtc_c55_driver.o
                0x0100c408                RTC_DRV_IsTimeDateCorrectFormat
 *fill*         0x0100c5ae        0x2 
 .text.RTC_DRV_IsYearLeap
                0x0100c5b0       0xb6 ./SDK/platform/drivers/src/rtc_c55/rtc_c55_driver.o
                0x0100c5b0                RTC_DRV_IsYearLeap
 *fill*         0x0100c666        0x2 
 .text.PINS_GPIO_WritePin
                0x0100c668       0x62 ./SDK/platform/drivers/src/pins/pins_siul2_hw_access.o
 *fill*         0x0100c6ca        0x2 
 .text.PINS_Init
                0x0100c6cc      0x32c ./SDK/platform/drivers/src/pins/pins_siul2_hw_access.o
                0x0100c6cc                PINS_Init
 .text.PINS_GPIO_WritePin
                0x0100c9f8       0x62 ./SDK/platform/drivers/src/pins/pins_driver.o
 *fill*         0x0100ca5a        0x2 
 .text.PINS_DRV_Init
                0x0100ca5c       0x84 ./SDK/platform/drivers/src/pins/pins_driver.o
                0x0100ca5c                PINS_DRV_Init
 .text.PINS_DRV_WritePin
                0x0100cae0       0x3c ./SDK/platform/drivers/src/pins/pins_driver.o
                0x0100cae0                PINS_DRV_WritePin
 .text.LINFLEXD0_UART_RxIRQHandler
                0x0100cb1c       0x24 ./SDK/platform/drivers/src/linflexd/linflexd_uart_irq.o
                0x0100cb1c                LINFLEXD0_UART_RxIRQHandler
 .text.LINFLEXD0_UART_TxIRQHandler
                0x0100cb40       0x24 ./SDK/platform/drivers/src/linflexd/linflexd_uart_irq.o
                0x0100cb40                LINFLEXD0_UART_TxIRQHandler
 .text.LINFLEXD0_UART_ErrIRQHandler
                0x0100cb64       0x24 ./SDK/platform/drivers/src/linflexd/linflexd_uart_irq.o
                0x0100cb64                LINFLEXD0_UART_ErrIRQHandler
 .text.LINFLEXD1_UART_RxIRQHandler
                0x0100cb88       0x24 ./SDK/platform/drivers/src/linflexd/linflexd_uart_irq.o
                0x0100cb88                LINFLEXD1_UART_RxIRQHandler
 .text.LINFLEXD1_UART_TxIRQHandler
                0x0100cbac       0x24 ./SDK/platform/drivers/src/linflexd/linflexd_uart_irq.o
                0x0100cbac                LINFLEXD1_UART_TxIRQHandler
 .text.LINFLEXD1_UART_ErrIRQHandler
                0x0100cbd0       0x24 ./SDK/platform/drivers/src/linflexd/linflexd_uart_irq.o
                0x0100cbd0                LINFLEXD1_UART_ErrIRQHandler
 .text.LINFLEXD2_UART_RxIRQHandler
                0x0100cbf4       0x24 ./SDK/platform/drivers/src/linflexd/linflexd_uart_irq.o
                0x0100cbf4                LINFLEXD2_UART_RxIRQHandler
 .text.LINFLEXD2_UART_TxIRQHandler
                0x0100cc18       0x24 ./SDK/platform/drivers/src/linflexd/linflexd_uart_irq.o
                0x0100cc18                LINFLEXD2_UART_TxIRQHandler
 .text.LINFLEXD2_UART_ErrIRQHandler
                0x0100cc3c       0x24 ./SDK/platform/drivers/src/linflexd/linflexd_uart_irq.o
                0x0100cc3c                LINFLEXD2_UART_ErrIRQHandler
 .text.LINFLEXD3_UART_RxIRQHandler
                0x0100cc60       0x24 ./SDK/platform/drivers/src/linflexd/linflexd_uart_irq.o
                0x0100cc60                LINFLEXD3_UART_RxIRQHandler
 .text.LINFLEXD3_UART_TxIRQHandler
                0x0100cc84       0x24 ./SDK/platform/drivers/src/linflexd/linflexd_uart_irq.o
                0x0100cc84                LINFLEXD3_UART_TxIRQHandler
 .text.LINFLEXD3_UART_ErrIRQHandler
                0x0100cca8       0x24 ./SDK/platform/drivers/src/linflexd/linflexd_uart_irq.o
                0x0100cca8                LINFLEXD3_UART_ErrIRQHandler
 .text.LINFLEXD4_UART_RxIRQHandler
                0x0100cccc       0x24 ./SDK/platform/drivers/src/linflexd/linflexd_uart_irq.o
                0x0100cccc                LINFLEXD4_UART_RxIRQHandler
 .text.LINFLEXD4_UART_TxIRQHandler
                0x0100ccf0       0x24 ./SDK/platform/drivers/src/linflexd/linflexd_uart_irq.o
                0x0100ccf0                LINFLEXD4_UART_TxIRQHandler
 .text.LINFLEXD4_UART_ErrIRQHandler
                0x0100cd14       0x24 ./SDK/platform/drivers/src/linflexd/linflexd_uart_irq.o
                0x0100cd14                LINFLEXD4_UART_ErrIRQHandler
 .text.LINFLEXD5_UART_RxIRQHandler
                0x0100cd38       0x24 ./SDK/platform/drivers/src/linflexd/linflexd_uart_irq.o
                0x0100cd38                LINFLEXD5_UART_RxIRQHandler
 .text.LINFLEXD5_UART_TxIRQHandler
                0x0100cd5c       0x24 ./SDK/platform/drivers/src/linflexd/linflexd_uart_irq.o
                0x0100cd5c                LINFLEXD5_UART_TxIRQHandler
 .text.LINFLEXD5_UART_ErrIRQHandler
                0x0100cd80       0x24 ./SDK/platform/drivers/src/linflexd/linflexd_uart_irq.o
                0x0100cd80                LINFLEXD5_UART_ErrIRQHandler
 .text.LINFLEXD6_UART_RxIRQHandler
                0x0100cda4       0x24 ./SDK/platform/drivers/src/linflexd/linflexd_uart_irq.o
                0x0100cda4                LINFLEXD6_UART_RxIRQHandler
 .text.LINFLEXD6_UART_TxIRQHandler
                0x0100cdc8       0x24 ./SDK/platform/drivers/src/linflexd/linflexd_uart_irq.o
                0x0100cdc8                LINFLEXD6_UART_TxIRQHandler
 .text.LINFLEXD6_UART_ErrIRQHandler
                0x0100cdec       0x24 ./SDK/platform/drivers/src/linflexd/linflexd_uart_irq.o
                0x0100cdec                LINFLEXD6_UART_ErrIRQHandler
 .text.LINFLEXD7_UART_RxIRQHandler
                0x0100ce10       0x24 ./SDK/platform/drivers/src/linflexd/linflexd_uart_irq.o
                0x0100ce10                LINFLEXD7_UART_RxIRQHandler
 .text.LINFLEXD7_UART_TxIRQHandler
                0x0100ce34       0x24 ./SDK/platform/drivers/src/linflexd/linflexd_uart_irq.o
                0x0100ce34                LINFLEXD7_UART_TxIRQHandler
 .text.LINFLEXD7_UART_ErrIRQHandler
                0x0100ce58       0x24 ./SDK/platform/drivers/src/linflexd/linflexd_uart_irq.o
                0x0100ce58                LINFLEXD7_UART_ErrIRQHandler
 .text.LINFLEXD8_UART_RxIRQHandler
                0x0100ce7c       0x24 ./SDK/platform/drivers/src/linflexd/linflexd_uart_irq.o
                0x0100ce7c                LINFLEXD8_UART_RxIRQHandler
 .text.LINFLEXD8_UART_TxIRQHandler
                0x0100cea0       0x24 ./SDK/platform/drivers/src/linflexd/linflexd_uart_irq.o
                0x0100cea0                LINFLEXD8_UART_TxIRQHandler
 .text.LINFLEXD8_UART_ErrIRQHandler
                0x0100cec4       0x24 ./SDK/platform/drivers/src/linflexd/linflexd_uart_irq.o
                0x0100cec4                LINFLEXD8_UART_ErrIRQHandler
 .text.LINFLEXD9_UART_RxIRQHandler
                0x0100cee8       0x24 ./SDK/platform/drivers/src/linflexd/linflexd_uart_irq.o
                0x0100cee8                LINFLEXD9_UART_RxIRQHandler
 .text.LINFLEXD9_UART_TxIRQHandler
                0x0100cf0c       0x24 ./SDK/platform/drivers/src/linflexd/linflexd_uart_irq.o
                0x0100cf0c                LINFLEXD9_UART_TxIRQHandler
 .text.LINFLEXD9_UART_ErrIRQHandler
                0x0100cf30       0x24 ./SDK/platform/drivers/src/linflexd/linflexd_uart_irq.o
                0x0100cf30                LINFLEXD9_UART_ErrIRQHandler
 .text.LINFLEXD10_UART_RxIRQHandler
                0x0100cf54       0x24 ./SDK/platform/drivers/src/linflexd/linflexd_uart_irq.o
                0x0100cf54                LINFLEXD10_UART_RxIRQHandler
 .text.LINFLEXD10_UART_TxIRQHandler
                0x0100cf78       0x24 ./SDK/platform/drivers/src/linflexd/linflexd_uart_irq.o
                0x0100cf78                LINFLEXD10_UART_TxIRQHandler
 .text.LINFLEXD10_UART_ErrIRQHandler
                0x0100cf9c       0x24 ./SDK/platform/drivers/src/linflexd/linflexd_uart_irq.o
                0x0100cf9c                LINFLEXD10_UART_ErrIRQHandler
 .text.LINFLEXD11_UART_RxIRQHandler
                0x0100cfc0       0x24 ./SDK/platform/drivers/src/linflexd/linflexd_uart_irq.o
                0x0100cfc0                LINFLEXD11_UART_RxIRQHandler
 .text.LINFLEXD11_UART_TxIRQHandler
                0x0100cfe4       0x24 ./SDK/platform/drivers/src/linflexd/linflexd_uart_irq.o
                0x0100cfe4                LINFLEXD11_UART_TxIRQHandler
 .text.LINFLEXD11_UART_ErrIRQHandler
                0x0100d008       0x24 ./SDK/platform/drivers/src/linflexd/linflexd_uart_irq.o
                0x0100d008                LINFLEXD11_UART_ErrIRQHandler
 .text.LINFLEXD12_UART_RxIRQHandler
                0x0100d02c       0x24 ./SDK/platform/drivers/src/linflexd/linflexd_uart_irq.o
                0x0100d02c                LINFLEXD12_UART_RxIRQHandler
 .text.LINFLEXD12_UART_TxIRQHandler
                0x0100d050       0x24 ./SDK/platform/drivers/src/linflexd/linflexd_uart_irq.o
                0x0100d050                LINFLEXD12_UART_TxIRQHandler
 .text.LINFLEXD12_UART_ErrIRQHandler
                0x0100d074       0x24 ./SDK/platform/drivers/src/linflexd/linflexd_uart_irq.o
                0x0100d074                LINFLEXD12_UART_ErrIRQHandler
 .text.LINFLEXD13_UART_RxIRQHandler
                0x0100d098       0x24 ./SDK/platform/drivers/src/linflexd/linflexd_uart_irq.o
                0x0100d098                LINFLEXD13_UART_RxIRQHandler
 .text.LINFLEXD13_UART_TxIRQHandler
                0x0100d0bc       0x24 ./SDK/platform/drivers/src/linflexd/linflexd_uart_irq.o
                0x0100d0bc                LINFLEXD13_UART_TxIRQHandler
 .text.LINFLEXD13_UART_ErrIRQHandler
                0x0100d0e0       0x24 ./SDK/platform/drivers/src/linflexd/linflexd_uart_irq.o
                0x0100d0e0                LINFLEXD13_UART_ErrIRQHandler
 .text.LINFLEXD14_UART_RxIRQHandler
                0x0100d104       0x24 ./SDK/platform/drivers/src/linflexd/linflexd_uart_irq.o
                0x0100d104                LINFLEXD14_UART_RxIRQHandler
 .text.LINFLEXD14_UART_TxIRQHandler
                0x0100d128       0x24 ./SDK/platform/drivers/src/linflexd/linflexd_uart_irq.o
                0x0100d128                LINFLEXD14_UART_TxIRQHandler
 .text.LINFLEXD14_UART_ErrIRQHandler
                0x0100d14c       0x24 ./SDK/platform/drivers/src/linflexd/linflexd_uart_irq.o
                0x0100d14c                LINFLEXD14_UART_ErrIRQHandler
 .text.LINFLEXD15_UART_RxIRQHandler
                0x0100d170       0x24 ./SDK/platform/drivers/src/linflexd/linflexd_uart_irq.o
                0x0100d170                LINFLEXD15_UART_RxIRQHandler
 .text.LINFLEXD15_UART_TxIRQHandler
                0x0100d194       0x24 ./SDK/platform/drivers/src/linflexd/linflexd_uart_irq.o
                0x0100d194                LINFLEXD15_UART_TxIRQHandler
 .text.LINFLEXD15_UART_ErrIRQHandler
                0x0100d1b8       0x24 ./SDK/platform/drivers/src/linflexd/linflexd_uart_irq.o
                0x0100d1b8                LINFLEXD15_UART_ErrIRQHandler
 .text.LINFLEXD16_UART_RxIRQHandler
                0x0100d1dc       0x24 ./SDK/platform/drivers/src/linflexd/linflexd_uart_irq.o
                0x0100d1dc                LINFLEXD16_UART_RxIRQHandler
 .text.LINFLEXD16_UART_TxIRQHandler
                0x0100d200       0x24 ./SDK/platform/drivers/src/linflexd/linflexd_uart_irq.o
                0x0100d200                LINFLEXD16_UART_TxIRQHandler
 .text.LINFLEXD16_UART_ErrIRQHandler
                0x0100d224       0x24 ./SDK/platform/drivers/src/linflexd/linflexd_uart_irq.o
                0x0100d224                LINFLEXD16_UART_ErrIRQHandler
 .text.LINFLEXD17_UART_RxIRQHandler
                0x0100d248       0x24 ./SDK/platform/drivers/src/linflexd/linflexd_uart_irq.o
                0x0100d248                LINFLEXD17_UART_RxIRQHandler
 .text.LINFLEXD17_UART_TxIRQHandler
                0x0100d26c       0x24 ./SDK/platform/drivers/src/linflexd/linflexd_uart_irq.o
                0x0100d26c                LINFLEXD17_UART_TxIRQHandler
 .text.LINFLEXD17_UART_ErrIRQHandler
                0x0100d290       0x24 ./SDK/platform/drivers/src/linflexd/linflexd_uart_irq.o
                0x0100d290                LINFLEXD17_UART_ErrIRQHandler
 .text.LINFLEXD_EnterInitMode
                0x0100d2b4       0x2e ./SDK/platform/drivers/src/linflexd/linflexd_uart_driver.o
 *fill*         0x0100d2e2        0x2 
 .text.LINFLEXD_EnterNormalMode
                0x0100d2e4       0x2e ./SDK/platform/drivers/src/linflexd/linflexd_uart_driver.o
 *fill*         0x0100d312        0x2 
 .text.LINFLEXD_SetMode
                0x0100d314       0x34 ./SDK/platform/drivers/src/linflexd/linflexd_uart_driver.o
 .text.LINFLEXD_GetLinState
                0x0100d348       0x28 ./SDK/platform/drivers/src/linflexd/linflexd_uart_driver.o
 .text.LINFLEXD_SetUartWordLength
                0x0100d370       0x4e ./SDK/platform/drivers/src/linflexd/linflexd_uart_driver.o
 *fill*         0x0100d3be        0x2 
 .text.LINFLEXD_SetParityControl
                0x0100d3c0       0x58 ./SDK/platform/drivers/src/linflexd/linflexd_uart_driver.o
 .text.LINFLEXD_SetParityType
                0x0100d418       0x50 ./SDK/platform/drivers/src/linflexd/linflexd_uart_driver.o
 .text.LINFLEXD_SetTransmitterState
                0x0100d468       0x58 ./SDK/platform/drivers/src/linflexd/linflexd_uart_driver.o
 .text.LINFLEXD_SetReceiverState
                0x0100d4c0       0x58 ./SDK/platform/drivers/src/linflexd/linflexd_uart_driver.o
 .text.LINFLEXD_SetTxMode
                0x0100d518       0x38 ./SDK/platform/drivers/src/linflexd/linflexd_uart_driver.o
 .text.LINFLEXD_SetRxMode
                0x0100d550       0x38 ./SDK/platform/drivers/src/linflexd/linflexd_uart_driver.o
 .text.LINFLEXD_SetRxDataFieldLength
                0x0100d588       0x42 ./SDK/platform/drivers/src/linflexd/linflexd_uart_driver.o
 *fill*         0x0100d5ca        0x2 
 .text.LINFLEXD_SetTxDataFieldLength
                0x0100d5cc       0x42 ./SDK/platform/drivers/src/linflexd/linflexd_uart_driver.o
 *fill*         0x0100d60e        0x2 
 .text.LINFLEXD_SetRxStopBitsCount
                0x0100d610       0x3a ./SDK/platform/drivers/src/linflexd/linflexd_uart_driver.o
 *fill*         0x0100d64a        0x2 
 .text.LINFLEXD_SetFractionalBaudRate
                0x0100d64c       0x3e ./SDK/platform/drivers/src/linflexd/linflexd_uart_driver.o
 *fill*         0x0100d68a        0x2 
 .text.LINFLEXD_SetIntegerBaudRate
                0x0100d68c       0x38 ./SDK/platform/drivers/src/linflexd/linflexd_uart_driver.o
 .text.LINFLEXD_SetTxStopBitsCount
                0x0100d6c4       0x86 ./SDK/platform/drivers/src/linflexd/linflexd_uart_driver.o
 *fill*         0x0100d74a        0x2 
 .text.LINFLEXD_ClearStatusFlag
                0x0100d74c       0x1e ./SDK/platform/drivers/src/linflexd/linflexd_uart_driver.o
 *fill*         0x0100d76a        0x2 
 .text.LINFLEXD_GetStatusFlag
                0x0100d76c       0x36 ./SDK/platform/drivers/src/linflexd/linflexd_uart_driver.o
 *fill*         0x0100d7a2        0x2 
 .text.LINFLEXD_SetInterruptMode
                0x0100d7a4       0x5c ./SDK/platform/drivers/src/linflexd/linflexd_uart_driver.o
 .text.LINFLEXD_SetTxDataBuffer1Byte
                0x0100d800       0x3c ./SDK/platform/drivers/src/linflexd/linflexd_uart_driver.o
 .text.LINFLEXD_SetTxDataBuffer2Bytes
                0x0100d83c       0x44 ./SDK/platform/drivers/src/linflexd/linflexd_uart_driver.o
 .text.LINFLEXD_GetRxDataBuffer1Byte
                0x0100d880       0x1e ./SDK/platform/drivers/src/linflexd/linflexd_uart_driver.o
 *fill*         0x0100d89e        0x2 
 .text.LINFLEXD_GetRxDataBuffer2Bytes
                0x0100d8a0       0x2c ./SDK/platform/drivers/src/linflexd/linflexd_uart_driver.o
 .text.LINFLEXD_UART_DRV_SetBaudRate
                0x0100d8cc      0x1c0 ./SDK/platform/drivers/src/linflexd/linflexd_uart_driver.o
                0x0100d8cc                LINFLEXD_UART_DRV_SetBaudRate
 .text.LINFLEXD_UART_DRV_InstallRxCallback
                0x0100da8c       0x44 ./SDK/platform/drivers/src/linflexd/linflexd_uart_driver.o
                0x0100da8c                LINFLEXD_UART_DRV_InstallRxCallback
 .text.LINFLEXD_UART_DRV_InstallTxCallback
                0x0100dad0       0x44 ./SDK/platform/drivers/src/linflexd/linflexd_uart_driver.o
                0x0100dad0                LINFLEXD_UART_DRV_InstallTxCallback
 .text.LINFLEXD_UART_DRV_Init
                0x0100db14      0x344 ./SDK/platform/drivers/src/linflexd/linflexd_uart_driver.o
                0x0100db14                LINFLEXD_UART_DRV_Init
 .text.LINFLEXD_UART_DRV_SendDataBlocking
                0x0100de58       0xfe ./SDK/platform/drivers/src/linflexd/linflexd_uart_driver.o
                0x0100de58                LINFLEXD_UART_DRV_SendDataBlocking
 *fill*         0x0100df56        0x2 
 .text.LINFLEXD_UART_DRV_RxIRQHandler
                0x0100df58      0x118 ./SDK/platform/drivers/src/linflexd/linflexd_uart_driver.o
                0x0100df58                LINFLEXD_UART_DRV_RxIRQHandler
 .text.LINFLEXD_UART_DRV_TxIRQHandler
                0x0100e070      0x11c ./SDK/platform/drivers/src/linflexd/linflexd_uart_driver.o
                0x0100e070                LINFLEXD_UART_DRV_TxIRQHandler
 .text.LINFLEXD_UART_DRV_ErrIRQHandler
                0x0100e18c      0x116 ./SDK/platform/drivers/src/linflexd/linflexd_uart_driver.o
                0x0100e18c                LINFLEXD_UART_DRV_ErrIRQHandler
 *fill*         0x0100e2a2        0x2 
 .text.LINFLEXD_UART_DRV_StartSendUsingInterrupts
                0x0100e2a4       0xb0 ./SDK/platform/drivers/src/linflexd/linflexd_uart_driver.o
 .text.LINFLEXD_UART_DRV_CompleteSendUsingInterrupts
                0x0100e354       0xb0 ./SDK/platform/drivers/src/linflexd/linflexd_uart_driver.o
 .text.LINFLEXD_UART_DRV_CompleteReceiveUsingInterrupts
                0x0100e404       0xb0 ./SDK/platform/drivers/src/linflexd/linflexd_uart_driver.o
 .text.LINFLEXD_UART_DRV_StartSendUsingDma
                0x0100e4b4      0x190 ./SDK/platform/drivers/src/linflexd/linflexd_uart_driver.o
 .text.LINFLEXD_UART_DRV_CompleteSendUsingDma
                0x0100e644      0x19a ./SDK/platform/drivers/src/linflexd/linflexd_uart_driver.o
 *fill*         0x0100e7de        0x2 
 .text.LINFLEXD_UART_DRV_CompleteReceiveUsingDma
                0x0100e7e0      0x1c6 ./SDK/platform/drivers/src/linflexd/linflexd_uart_driver.o
 *fill*         0x0100e9a6        0x2 
 .text.LINFLEXD_UART_DRV_PutData
                0x0100e9a8      0x124 ./SDK/platform/drivers/src/linflexd/linflexd_uart_driver.o
 .text.LINFLEXD_UART_DRV_GetData
                0x0100eacc      0x120 ./SDK/platform/drivers/src/linflexd/linflexd_uart_driver.o
 .text.INT_SYS_InstallHandler
                0x0100ebec       0x5e ./SDK/platform/drivers/src/interrupt/interrupt_manager_MPC57xx.o
                0x0100ebec                INT_SYS_InstallHandler
 *fill*         0x0100ec4a        0x2 
 .text.INT_SYS_EnableIRQOnCore
                0x0100ec4c       0xf6 ./SDK/platform/drivers/src/interrupt/interrupt_manager_MPC57xx.o
 *fill*         0x0100ed42        0x2 
 .text.INT_SYS_DisableIRQOnCore
                0x0100ed44       0xf4 ./SDK/platform/drivers/src/interrupt/interrupt_manager_MPC57xx.o
 .text.INT_SYS_EnableIRQ
                0x0100ee38       0x64 ./SDK/platform/drivers/src/interrupt/interrupt_manager_MPC57xx.o
                0x0100ee38                INT_SYS_EnableIRQ
 .text.INT_SYS_DisableIRQ
                0x0100ee9c       0x64 ./SDK/platform/drivers/src/interrupt/interrupt_manager_MPC57xx.o
                0x0100ee9c                INT_SYS_DisableIRQ
 .text.INT_SYS_EnableIRQGlobal
                0x0100ef00       0x68 ./SDK/platform/drivers/src/interrupt/interrupt_manager_MPC57xx.o
                0x0100ef00                INT_SYS_EnableIRQGlobal
 .text.INT_SYS_DisableIRQGlobal
                0x0100ef68       0x2c ./SDK/platform/drivers/src/interrupt/interrupt_manager_MPC57xx.o
                0x0100ef68                INT_SYS_DisableIRQGlobal
 .text.INT_SYS_SetPriority
                0x0100ef94       0x60 ./SDK/platform/drivers/src/interrupt/interrupt_manager_MPC57xx.o
                0x0100ef94                INT_SYS_SetPriority
 .text.HSM_PrepareCommand
                0x0100eff4       0x6a ./SDK/platform/drivers/src/hsm/hsm_hw_access.o
                0x0100eff4                HSM_PrepareCommand
 *fill*         0x0100f05e        0x2 
 .text.HSM_PrepareEncryptEcbCmd
                0x0100f060       0x66 ./SDK/platform/drivers/src/hsm/hsm_hw_access.o
                0x0100f060                HSM_PrepareEncryptEcbCmd
 *fill*         0x0100f0c6        0x2 
 .text.HSM_PrepareEncryptCbcCmd
                0x0100f0c8       0x68 ./SDK/platform/drivers/src/hsm/hsm_hw_access.o
                0x0100f0c8                HSM_PrepareEncryptCbcCmd
 .text.HSM_PrepareGenerateMacCmd
                0x0100f130       0x7e ./SDK/platform/drivers/src/hsm/hsm_hw_access.o
                0x0100f130                HSM_PrepareGenerateMacCmd
 *fill*         0x0100f1ae        0x2 
 .text.HSM_PrepareLoadKeyCmd
                0x0100f1b0       0x62 ./SDK/platform/drivers/src/hsm/hsm_hw_access.o
                0x0100f1b0                HSM_PrepareLoadKeyCmd
 *fill*         0x0100f212        0x2 
 .text.HSM_SendCmd
                0x0100f214       0x30 ./SDK/platform/drivers/src/hsm/hsm_hw_access.o
                0x0100f214                HSM_SendCmd
 .text.HSM_GetMacVerifResult
                0x0100f244       0x2e ./SDK/platform/drivers/src/hsm/hsm_hw_access.o
                0x0100f244                HSM_GetMacVerifResult
 *fill*         0x0100f272        0x2 
 .text.HSM_PrepareLoadPlainKeyCmd
                0x0100f274       0x34 ./SDK/platform/drivers/src/hsm/hsm_driver.o
 .text.HSM_PrepareCancelCmd
                0x0100f2a8       0x30 ./SDK/platform/drivers/src/hsm/hsm_driver.o
 .text.HSM_GetErrCode
                0x0100f2d8       0x1e ./SDK/platform/drivers/src/hsm/hsm_driver.o
 *fill*         0x0100f2f6        0x2 
 .text.HSM_SetInterrupt
                0x0100f2f8       0x52 ./SDK/platform/drivers/src/hsm/hsm_driver.o
 *fill*         0x0100f34a        0x2 
 .text.HSM_ClearIntFlag
                0x0100f34c       0x1c ./SDK/platform/drivers/src/hsm/hsm_driver.o
 .text.HSM_IsBusy
                0x0100f368       0x32 ./SDK/platform/drivers/src/hsm/hsm_driver.o
 *fill*         0x0100f39a        0x2 
 .text.HSM_DRV_Init
                0x0100f39c       0xd0 ./SDK/platform/drivers/src/hsm/hsm_driver.o
                0x0100f39c                HSM_DRV_Init
 .text.HSM_DRV_InstallCallback
                0x0100f46c       0x40 ./SDK/platform/drivers/src/hsm/hsm_driver.o
                0x0100f46c                HSM_DRV_InstallCallback
 .text.HSM_DRV_EncryptECB
                0x0100f4ac       0x72 ./SDK/platform/drivers/src/hsm/hsm_driver.o
                0x0100f4ac                HSM_DRV_EncryptECB
 *fill*         0x0100f51e        0x2 
 .text.HSM_DRV_EncryptCBC
                0x0100f520       0x78 ./SDK/platform/drivers/src/hsm/hsm_driver.o
                0x0100f520                HSM_DRV_EncryptCBC
 .text.HSM_DRV_GenerateMAC
                0x0100f598       0x78 ./SDK/platform/drivers/src/hsm/hsm_driver.o
                0x0100f598                HSM_DRV_GenerateMAC
 .text.HSM_DRV_EncryptECBAsync
                0x0100f610       0x96 ./SDK/platform/drivers/src/hsm/hsm_driver.o
                0x0100f610                HSM_DRV_EncryptECBAsync
 *fill*         0x0100f6a6        0x2 
 .text.HSM_DRV_EncryptCBCAsync
                0x0100f6a8       0x9a ./SDK/platform/drivers/src/hsm/hsm_driver.o
                0x0100f6a8                HSM_DRV_EncryptCBCAsync
 *fill*         0x0100f742        0x2 
 .text.HSM_DRV_GenerateMACAsync
                0x0100f744       0x9a ./SDK/platform/drivers/src/hsm/hsm_driver.o
                0x0100f744                HSM_DRV_GenerateMACAsync
 *fill*         0x0100f7de        0x2 
 .text.HSM_DRV_LoadKey
                0x0100f7e0       0xc0 ./SDK/platform/drivers/src/hsm/hsm_driver.o
                0x0100f7e0                HSM_DRV_LoadKey
 .text.HSM_DRV_LoadPlainKey
                0x0100f8a0       0xa6 ./SDK/platform/drivers/src/hsm/hsm_driver.o
                0x0100f8a0                HSM_DRV_LoadPlainKey
 *fill*         0x0100f946        0x2 
 .text.HSM_DRV_MPCompress
                0x0100f948      0x104 ./SDK/platform/drivers/src/hsm/hsm_driver.o
                0x0100f948                HSM_DRV_MPCompress
 .text.HSM_DRV_CancelCommand
                0x0100fa4c       0x54 ./SDK/platform/drivers/src/hsm/hsm_driver.o
                0x0100fa4c                HSM_DRV_CancelCommand
 .text.HSM_DRV_IRQHandler
                0x0100faa0      0x1c2 ./SDK/platform/drivers/src/hsm/hsm_driver.o
                0x0100faa0                HSM_DRV_IRQHandler
 *fill*         0x0100fc62        0x2 
 .text.HSM_DRV_WaitCommandCompletion
                0x0100fc64       0x68 ./SDK/platform/drivers/src/hsm/hsm_driver.o
 .text.HSM_DRV_CopyBuff
                0x0100fccc       0x56 ./SDK/platform/drivers/src/hsm/hsm_driver.o
 *fill*         0x0100fd22        0x2 
 .text.HSM_DRV_XorBuff
                0x0100fd24       0x6a ./SDK/platform/drivers/src/hsm/hsm_driver.o
 *fill*         0x0100fd8e        0x2 
 .text.CAN0_ORed_IRQHandler
                0x0100fd90       0x24 ./SDK/platform/drivers/src/flexcan/flexcan_irq.o
                0x0100fd90                CAN0_ORed_IRQHandler
 .text.CAN0_Error_IRQHandler
                0x0100fdb4       0x24 ./SDK/platform/drivers/src/flexcan/flexcan_irq.o
                0x0100fdb4                CAN0_Error_IRQHandler
 .text.CAN0_Wake_Up_IRQHandler
                0x0100fdd8       0x24 ./SDK/platform/drivers/src/flexcan/flexcan_irq.o
                0x0100fdd8                CAN0_Wake_Up_IRQHandler
 .text.CAN0_ORed_00_03_MB_IRQHandler
                0x0100fdfc       0x24 ./SDK/platform/drivers/src/flexcan/flexcan_irq.o
                0x0100fdfc                CAN0_ORed_00_03_MB_IRQHandler
 .text.CAN0_ORed_04_07_MB_IRQHandler
                0x0100fe20       0x24 ./SDK/platform/drivers/src/flexcan/flexcan_irq.o
                0x0100fe20                CAN0_ORed_04_07_MB_IRQHandler
 .text.CAN0_ORed_08_11_MB_IRQHandler
                0x0100fe44       0x24 ./SDK/platform/drivers/src/flexcan/flexcan_irq.o
                0x0100fe44                CAN0_ORed_08_11_MB_IRQHandler
 .text.CAN0_ORed_12_15_MB_IRQHandler
                0x0100fe68       0x24 ./SDK/platform/drivers/src/flexcan/flexcan_irq.o
                0x0100fe68                CAN0_ORed_12_15_MB_IRQHandler
 .text.CAN0_ORed_16_31_MB_IRQHandler
                0x0100fe8c       0x24 ./SDK/platform/drivers/src/flexcan/flexcan_irq.o
                0x0100fe8c                CAN0_ORed_16_31_MB_IRQHandler
 .text.CAN0_ORed_32_63_MB_IRQHandler
                0x0100feb0       0x24 ./SDK/platform/drivers/src/flexcan/flexcan_irq.o
                0x0100feb0                CAN0_ORed_32_63_MB_IRQHandler
 .text.CAN0_ORed_64_95_MB_IRQHandler
                0x0100fed4       0x24 ./SDK/platform/drivers/src/flexcan/flexcan_irq.o
                0x0100fed4                CAN0_ORed_64_95_MB_IRQHandler
 .text.CAN1_ORed_IRQHandler
                0x0100fef8       0x24 ./SDK/platform/drivers/src/flexcan/flexcan_irq.o
                0x0100fef8                CAN1_ORed_IRQHandler
 .text.CAN1_Error_IRQHandler
                0x0100ff1c       0x24 ./SDK/platform/drivers/src/flexcan/flexcan_irq.o
                0x0100ff1c                CAN1_Error_IRQHandler
 .text.CAN1_ORed_00_03_MB_IRQHandler
                0x0100ff40       0x24 ./SDK/platform/drivers/src/flexcan/flexcan_irq.o
                0x0100ff40                CAN1_ORed_00_03_MB_IRQHandler
 .text.CAN1_ORed_04_07_MB_IRQHandler
                0x0100ff64       0x24 ./SDK/platform/drivers/src/flexcan/flexcan_irq.o
                0x0100ff64                CAN1_ORed_04_07_MB_IRQHandler
 .text.CAN1_ORed_08_11_MB_IRQHandler
                0x0100ff88       0x24 ./SDK/platform/drivers/src/flexcan/flexcan_irq.o
                0x0100ff88                CAN1_ORed_08_11_MB_IRQHandler
 .text.CAN1_ORed_12_15_MB_IRQHandler
                0x0100ffac       0x24 ./SDK/platform/drivers/src/flexcan/flexcan_irq.o
                0x0100ffac                CAN1_ORed_12_15_MB_IRQHandler
 .text.CAN1_ORed_16_31_MB_IRQHandler
                0x0100ffd0       0x24 ./SDK/platform/drivers/src/flexcan/flexcan_irq.o
                0x0100ffd0                CAN1_ORed_16_31_MB_IRQHandler
 .text.CAN1_ORed_32_63_MB_IRQHandler
                0x0100fff4       0x24 ./SDK/platform/drivers/src/flexcan/flexcan_irq.o
                0x0100fff4                CAN1_ORed_32_63_MB_IRQHandler
 .text.CAN1_ORed_64_95_MB_IRQHandler
                0x01010018       0x24 ./SDK/platform/drivers/src/flexcan/flexcan_irq.o
                0x01010018                CAN1_ORed_64_95_MB_IRQHandler
 .text.CAN2_ORed_IRQHandler
                0x0101003c       0x24 ./SDK/platform/drivers/src/flexcan/flexcan_irq.o
                0x0101003c                CAN2_ORed_IRQHandler
 .text.CAN2_Error_IRQHandler
                0x01010060       0x24 ./SDK/platform/drivers/src/flexcan/flexcan_irq.o
                0x01010060                CAN2_Error_IRQHandler
 .text.CAN2_ORed_00_03_MB_IRQHandler
                0x01010084       0x24 ./SDK/platform/drivers/src/flexcan/flexcan_irq.o
                0x01010084                CAN2_ORed_00_03_MB_IRQHandler
 .text.CAN2_ORed_04_07_MB_IRQHandler
                0x010100a8       0x24 ./SDK/platform/drivers/src/flexcan/flexcan_irq.o
                0x010100a8                CAN2_ORed_04_07_MB_IRQHandler
 .text.CAN2_ORed_08_11_MB_IRQHandler
                0x010100cc       0x24 ./SDK/platform/drivers/src/flexcan/flexcan_irq.o
                0x010100cc                CAN2_ORed_08_11_MB_IRQHandler
 .text.CAN2_ORed_12_15_MB_IRQHandler
                0x010100f0       0x24 ./SDK/platform/drivers/src/flexcan/flexcan_irq.o
                0x010100f0                CAN2_ORed_12_15_MB_IRQHandler
 .text.CAN2_ORed_16_31_MB_IRQHandler
                0x01010114       0x24 ./SDK/platform/drivers/src/flexcan/flexcan_irq.o
                0x01010114                CAN2_ORed_16_31_MB_IRQHandler
 .text.CAN2_ORed_32_63_MB_IRQHandler
                0x01010138       0x24 ./SDK/platform/drivers/src/flexcan/flexcan_irq.o
                0x01010138                CAN2_ORed_32_63_MB_IRQHandler
 .text.CAN2_ORed_64_95_MB_IRQHandler
                0x0101015c       0x24 ./SDK/platform/drivers/src/flexcan/flexcan_irq.o
                0x0101015c                CAN2_ORed_64_95_MB_IRQHandler
 .text.CAN3_ORed_IRQHandler
                0x01010180       0x24 ./SDK/platform/drivers/src/flexcan/flexcan_irq.o
                0x01010180                CAN3_ORed_IRQHandler
 .text.CAN3_Error_IRQHandler
                0x010101a4       0x24 ./SDK/platform/drivers/src/flexcan/flexcan_irq.o
                0x010101a4                CAN3_Error_IRQHandler
 .text.CAN3_ORed_00_03_MB_IRQHandler
                0x010101c8       0x24 ./SDK/platform/drivers/src/flexcan/flexcan_irq.o
                0x010101c8                CAN3_ORed_00_03_MB_IRQHandler
 .text.CAN3_ORed_04_07_MB_IRQHandler
                0x010101ec       0x24 ./SDK/platform/drivers/src/flexcan/flexcan_irq.o
                0x010101ec                CAN3_ORed_04_07_MB_IRQHandler
 .text.CAN3_ORed_08_11_MB_IRQHandler
                0x01010210       0x24 ./SDK/platform/drivers/src/flexcan/flexcan_irq.o
                0x01010210                CAN3_ORed_08_11_MB_IRQHandler
 .text.CAN3_ORed_12_15_MB_IRQHandler
                0x01010234       0x24 ./SDK/platform/drivers/src/flexcan/flexcan_irq.o
                0x01010234                CAN3_ORed_12_15_MB_IRQHandler
 .text.CAN3_ORed_16_31_MB_IRQHandler
                0x01010258       0x24 ./SDK/platform/drivers/src/flexcan/flexcan_irq.o
                0x01010258                CAN3_ORed_16_31_MB_IRQHandler
 .text.CAN3_ORed_32_63_MB_IRQHandler
                0x0101027c       0x24 ./SDK/platform/drivers/src/flexcan/flexcan_irq.o
                0x0101027c                CAN3_ORed_32_63_MB_IRQHandler
 .text.CAN3_ORed_64_95_MB_IRQHandler
                0x010102a0       0x24 ./SDK/platform/drivers/src/flexcan/flexcan_irq.o
                0x010102a0                CAN3_ORed_64_95_MB_IRQHandler
 .text.CAN4_ORed_IRQHandler
                0x010102c4       0x24 ./SDK/platform/drivers/src/flexcan/flexcan_irq.o
                0x010102c4                CAN4_ORed_IRQHandler
 .text.CAN4_Error_IRQHandler
                0x010102e8       0x24 ./SDK/platform/drivers/src/flexcan/flexcan_irq.o
                0x010102e8                CAN4_Error_IRQHandler
 .text.CAN4_ORed_00_03_MB_IRQHandler
                0x0101030c       0x24 ./SDK/platform/drivers/src/flexcan/flexcan_irq.o
                0x0101030c                CAN4_ORed_00_03_MB_IRQHandler
 .text.CAN4_ORed_04_07_MB_IRQHandler
                0x01010330       0x24 ./SDK/platform/drivers/src/flexcan/flexcan_irq.o
                0x01010330                CAN4_ORed_04_07_MB_IRQHandler
 .text.CAN4_ORed_08_11_MB_IRQHandler
                0x01010354       0x24 ./SDK/platform/drivers/src/flexcan/flexcan_irq.o
                0x01010354                CAN4_ORed_08_11_MB_IRQHandler
 .text.CAN4_ORed_12_15_MB_IRQHandler
                0x01010378       0x24 ./SDK/platform/drivers/src/flexcan/flexcan_irq.o
                0x01010378                CAN4_ORed_12_15_MB_IRQHandler
 .text.CAN4_ORed_16_31_MB_IRQHandler
                0x0101039c       0x24 ./SDK/platform/drivers/src/flexcan/flexcan_irq.o
                0x0101039c                CAN4_ORed_16_31_MB_IRQHandler
 .text.CAN4_ORed_32_63_MB_IRQHandler
                0x010103c0       0x24 ./SDK/platform/drivers/src/flexcan/flexcan_irq.o
                0x010103c0                CAN4_ORed_32_63_MB_IRQHandler
 .text.CAN4_ORed_64_95_MB_IRQHandler
                0x010103e4       0x24 ./SDK/platform/drivers/src/flexcan/flexcan_irq.o
                0x010103e4                CAN4_ORed_64_95_MB_IRQHandler
 .text.CAN5_ORed_IRQHandler
                0x01010408       0x24 ./SDK/platform/drivers/src/flexcan/flexcan_irq.o
                0x01010408                CAN5_ORed_IRQHandler
 .text.CAN5_Error_IRQHandler
                0x0101042c       0x24 ./SDK/platform/drivers/src/flexcan/flexcan_irq.o
                0x0101042c                CAN5_Error_IRQHandler
 .text.CAN5_ORed_00_03_MB_IRQHandler
                0x01010450       0x24 ./SDK/platform/drivers/src/flexcan/flexcan_irq.o
                0x01010450                CAN5_ORed_00_03_MB_IRQHandler
 .text.CAN5_ORed_04_07_MB_IRQHandler
                0x01010474       0x24 ./SDK/platform/drivers/src/flexcan/flexcan_irq.o
                0x01010474                CAN5_ORed_04_07_MB_IRQHandler
 .text.CAN5_ORed_08_11_MB_IRQHandler
                0x01010498       0x24 ./SDK/platform/drivers/src/flexcan/flexcan_irq.o
                0x01010498                CAN5_ORed_08_11_MB_IRQHandler
 .text.CAN5_ORed_12_15_MB_IRQHandler
                0x010104bc       0x24 ./SDK/platform/drivers/src/flexcan/flexcan_irq.o
                0x010104bc                CAN5_ORed_12_15_MB_IRQHandler
 .text.CAN5_ORed_16_31_MB_IRQHandler
                0x010104e0       0x24 ./SDK/platform/drivers/src/flexcan/flexcan_irq.o
                0x010104e0                CAN5_ORed_16_31_MB_IRQHandler
 .text.CAN5_ORed_32_63_MB_IRQHandler
                0x01010504       0x24 ./SDK/platform/drivers/src/flexcan/flexcan_irq.o
                0x01010504                CAN5_ORed_32_63_MB_IRQHandler
 .text.CAN5_ORed_64_95_MB_IRQHandler
                0x01010528       0x24 ./SDK/platform/drivers/src/flexcan/flexcan_irq.o
                0x01010528                CAN5_ORed_64_95_MB_IRQHandler
 .text.CAN6_ORed_IRQHandler
                0x0101054c       0x24 ./SDK/platform/drivers/src/flexcan/flexcan_irq.o
                0x0101054c                CAN6_ORed_IRQHandler
 .text.CAN6_Error_IRQHandler
                0x01010570       0x24 ./SDK/platform/drivers/src/flexcan/flexcan_irq.o
                0x01010570                CAN6_Error_IRQHandler
 .text.CAN6_ORed_00_03_MB_IRQHandler
                0x01010594       0x24 ./SDK/platform/drivers/src/flexcan/flexcan_irq.o
                0x01010594                CAN6_ORed_00_03_MB_IRQHandler
 .text.CAN6_ORed_04_07_MB_IRQHandler
                0x010105b8       0x24 ./SDK/platform/drivers/src/flexcan/flexcan_irq.o
                0x010105b8                CAN6_ORed_04_07_MB_IRQHandler
 .text.CAN6_ORed_08_11_MB_IRQHandler
                0x010105dc       0x24 ./SDK/platform/drivers/src/flexcan/flexcan_irq.o
                0x010105dc                CAN6_ORed_08_11_MB_IRQHandler
 .text.CAN6_ORed_12_15_MB_IRQHandler
                0x01010600       0x24 ./SDK/platform/drivers/src/flexcan/flexcan_irq.o
                0x01010600                CAN6_ORed_12_15_MB_IRQHandler
 .text.CAN6_ORed_16_31_MB_IRQHandler
                0x01010624       0x24 ./SDK/platform/drivers/src/flexcan/flexcan_irq.o
                0x01010624                CAN6_ORed_16_31_MB_IRQHandler
 .text.CAN6_ORed_32_63_MB_IRQHandler
                0x01010648       0x24 ./SDK/platform/drivers/src/flexcan/flexcan_irq.o
                0x01010648                CAN6_ORed_32_63_MB_IRQHandler
 .text.CAN6_ORed_64_95_MB_IRQHandler
                0x0101066c       0x24 ./SDK/platform/drivers/src/flexcan/flexcan_irq.o
                0x0101066c                CAN6_ORed_64_95_MB_IRQHandler
 .text.CAN7_ORed_IRQHandler
                0x01010690       0x24 ./SDK/platform/drivers/src/flexcan/flexcan_irq.o
                0x01010690                CAN7_ORed_IRQHandler
 .text.CAN7_Error_IRQHandler
                0x010106b4       0x24 ./SDK/platform/drivers/src/flexcan/flexcan_irq.o
                0x010106b4                CAN7_Error_IRQHandler
 .text.CAN7_ORed_00_03_MB_IRQHandler
                0x010106d8       0x24 ./SDK/platform/drivers/src/flexcan/flexcan_irq.o
                0x010106d8                CAN7_ORed_00_03_MB_IRQHandler
 .text.CAN7_ORed_04_07_MB_IRQHandler
                0x010106fc       0x24 ./SDK/platform/drivers/src/flexcan/flexcan_irq.o
                0x010106fc                CAN7_ORed_04_07_MB_IRQHandler
 .text.CAN7_ORed_08_11_MB_IRQHandler
                0x01010720       0x24 ./SDK/platform/drivers/src/flexcan/flexcan_irq.o
                0x01010720                CAN7_ORed_08_11_MB_IRQHandler
 .text.CAN7_ORed_12_15_MB_IRQHandler
                0x01010744       0x24 ./SDK/platform/drivers/src/flexcan/flexcan_irq.o
                0x01010744                CAN7_ORed_12_15_MB_IRQHandler
 .text.CAN7_ORed_16_31_MB_IRQHandler