Archive member included to satisfy reference by file (symbol)

C:/NXP/S32DS_Power_v2017.R1/S32DS/e200_ewl2/lib/e200z4/fp\libc99.a(memcpy.o)
                              ./Sources/can.o (memcpy)
C:/NXP/S32DS_Power_v2017.R1/S32DS/e200_ewl2/lib/e200z4/fp\libc99.a(memset.o)
                              ./Sources/can.o (memset)
C:/NXP/S32DS_Power_v2017.R1/S32DS/e200_ewl2/lib/e200z4/fp\libc99.a(__filll_mem.o)
                              C:/NXP/S32DS_Power_v2017.R1/S32DS/e200_ewl2/lib/e200z4/fp\libc99.a(memset.o) (__fill_mem)
c:/nxp/s32ds_power_v2017.r1/cross_tools/powerpc-eabivle-4_9/bin/../lib/gcc/powerpc-eabivle/4.9.4/e200z4/fp\libgcc.a(e200crtresxgpr.o)
                              C:/NXP/S32DS_Power_v2017.R1/S32DS/e200_ewl2/lib/e200z4/fp\libc99.a(memset.o) (_restgpr_31_x)
c:/nxp/s32ds_power_v2017.r1/cross_tools/powerpc-eabivle-4_9/bin/../lib/gcc/powerpc-eabivle/4.9.4/e200z4/fp\libgcc.a(eabivle.o)
                              ./Sources/main.o (__eabi)

Allocating common symbols
Common symbol       size              file

cmd_received        0x1               ./Sources/main.o
g_xtal0ClkFreq      0x4               ./SDK/platform/drivers/src/clock/MPC57xx/clock_MPC57xx.o
g_xtal1ClkFreq      0x4               ./SDK/platform/drivers/src/clock/MPC57xx/clock_MPC57xx.o
adc_pal1_Results00  0x2               ./Generated_Code/adc_pal1.o
user_rxBuff         0x4c              ./Sources/main.o
dmaController1_State
                    0x80              ./Generated_Code/dmaController1.o
dmaController1Chn0_State
                    0x10              ./Generated_Code/dmaController1.o

Discarded input sections

 .text          0x00000000        0x0 c:/nxp/s32ds_power_v2017.r1/cross_tools/powerpc-eabivle-4_9/bin/../lib/gcc/powerpc-eabivle/4.9.4/e200z4/fp/ecrti.o
 .data          0x00000000        0x0 c:/nxp/s32ds_power_v2017.r1/cross_tools/powerpc-eabivle-4_9/bin/../lib/gcc/powerpc-eabivle/4.9.4/e200z4/fp/ecrti.o
 .bss           0x00000000        0x0 c:/nxp/s32ds_power_v2017.r1/cross_tools/powerpc-eabivle-4_9/bin/../lib/gcc/powerpc-eabivle/4.9.4/e200z4/fp/ecrti.o
 .fixup         0x00000000        0x0 c:/nxp/s32ds_power_v2017.r1/cross_tools/powerpc-eabivle-4_9/bin/../lib/gcc/powerpc-eabivle/4.9.4/e200z4/fp/ecrti.o
 .sbss          0x00000000        0x0 c:/nxp/s32ds_power_v2017.r1/cross_tools/powerpc-eabivle-4_9/bin/../lib/gcc/powerpc-eabivle/4.9.4/e200z4/fp/ecrti.o
 .sbss2         0x00000000        0x0 c:/nxp/s32ds_power_v2017.r1/cross_tools/powerpc-eabivle-4_9/bin/../lib/gcc/powerpc-eabivle/4.9.4/e200z4/fp/ecrti.o
 .gcc_except_table
                0x00000000        0x0 c:/nxp/s32ds_power_v2017.r1/cross_tools/powerpc-eabivle-4_9/bin/../lib/gcc/powerpc-eabivle/4.9.4/e200z4/fp/ecrti.o
 .data          0x00000000        0x4 c:/nxp/s32ds_power_v2017.r1/cross_tools/powerpc-eabivle-4_9/bin/../lib/gcc/powerpc-eabivle/4.9.4/e200z4/fp/crtbegin.o
 .group         0x00000000        0x8 ./Sources/main.o
 .group         0x00000000        0x8 ./Sources/main.o
 .group         0x00000000        0x8 ./Sources/main.o
 .group         0x00000000        0x8 ./Sources/main.o
 .group         0x00000000        0x8 ./Sources/main.o
 .group         0x00000000        0x8 ./Sources/main.o
 .group         0x00000000        0x8 ./Sources/main.o
 .group         0x00000000        0x8 ./Sources/main.o
 .group         0x00000000        0x8 ./Sources/main.o
 .group         0x00000000        0x8 ./Sources/main.o
 .group         0x00000000        0x8 ./Sources/main.o
 .group         0x00000000        0x8 ./Sources/main.o
 .group         0x00000000        0x8 ./Sources/main.o
 .group         0x00000000        0x8 ./Sources/main.o
 .group         0x00000000        0x8 ./Sources/main.o
 .group         0x00000000        0x8 ./Sources/main.o
 .group         0x00000000        0x8 ./Sources/main.o
 .group         0x00000000        0x8 ./Sources/main.o
 .group         0x00000000        0x8 ./Sources/main.o
 .group         0x00000000        0x8 ./Sources/main.o
 .group         0x00000000        0x8 ./Sources/main.o
 .group         0x00000000        0x8 ./Sources/main.o
 .group         0x00000000        0x8 ./Sources/main.o
 .group         0x00000000        0x8 ./Sources/main.o
 .group         0x00000000        0x8 ./Sources/main.o
 .group         0x00000000        0x8 ./Sources/main.o
 .group         0x00000000        0x8 ./Sources/main.o
 .group         0x00000000        0x8 ./Sources/main.o
 .group         0x00000000        0x8 ./Sources/main.o
 .group         0x00000000        0x8 ./Sources/main.o
 .group         0x00000000        0x8 ./Sources/main.o
 .group         0x00000000        0x8 ./Sources/main.o
 .group         0x00000000        0x8 ./Sources/main.o
 .text          0x00000000        0x0 ./Sources/main.o
 .data          0x00000000        0x0 ./Sources/main.o
 .bss           0x00000000        0x0 ./Sources/main.o
 .sbss.exit_code
                0x00000000        0x4 ./Sources/main.o
[...]
Memory Configuration

Name             Origin             Length             Attributes
flash_rchw       0x00fa0000         0x00000004
cpu0_reset_vec   0x00fa0010         0x00000004
cpu1_reset_vec   0x00fa0014         0x00000004
cpu2_reset_vec   0x00fa0004         0x00000004
m_text           0x01000000         0x001d0000
m_vectors_ram    0x40000000         0x00000c00
m_data           0x40000c00         0x0003f400
*default*        0x00000000         0xffffffff

Linker script and memory map

LOAD c:/nxp/s32ds_power_v2017.r1/cross_tools/powerpc-eabivle-4_9/bin/../lib/gcc/powerpc-eabivle/4.9.4/e200z4/fp/ecrti.o
LOAD c:/nxp/s32ds_power_v2017.r1/cross_tools/powerpc-eabivle-4_9/bin/../lib/gcc/powerpc-eabivle/4.9.4/e200z4/fp/crtbegin.o
LOAD ./Sources/main.o
LOAD ./Sources/can.o
LOAD ./SDK/rtos/osif/osif_baremetal.o
LOAD ./SDK/platform/pal/can/src/can_pal.o
LOAD ./SDK/platform/pal/adc/src/adc_pal.o
LOAD ./SDK/platform/pal/adc/src/adc_irq.o
LOAD ./SDK/platform/drivers/src/pins/pins_siul2_hw_access.o
LOAD ./SDK/platform/drivers/src/pins/pins_driver.o
LOAD ./SDK/platform/drivers/src/interrupt/interrupt_manager_MPC57xx.o
LOAD ./SDK/platform/drivers/src/flexcan/flexcan_irq.o
LOAD ./SDK/platform/drivers/src/flexcan/flexcan_hw_access.o
LOAD ./SDK/platform/drivers/src/flexcan/flexcan_driver.o
LOAD ./SDK/platform/drivers/src/edma/edma_irq.o
LOAD ./SDK/platform/drivers/src/edma/edma_hw_access.o
LOAD ./SDK/platform/drivers/src/edma/edma_driver.o
LOAD ./SDK/platform/drivers/src/clock/clock_manager.o
LOAD ./SDK/platform/drivers/src/clock/MPC57xx/clock_MPC57xx.o
LOAD ./SDK/platform/drivers/src/bctu/bctu_driver.o
LOAD ./SDK/platform/drivers/src/adc_c55/adc_c55_driver.o
LOAD ./SDK/platform/devices/startup.o
LOAD ./SDK/platform/devices/MPC5748G/startup/system_MPC5748G.o
LOAD ./Project_Settings/Startup_Code/startup_MPC5748G.o
LOAD ./Project_Settings/Startup_Code/interrupt_vectors.o
LOAD ./Project_Settings/Startup_Code/core0_intc_sw_handlers.o
LOAD ./Generated_Code/pin_mux.o
LOAD ./Generated_Code/dmaController1.o
LOAD ./Generated_Code/clockMan1.o
LOAD ./Generated_Code/can_pal1.o
LOAD ./Generated_Code/adc_pal1.o
LOAD ./Generated_Code/Cpu.o
START GROUP
LOAD C:/NXP/S32DS_Power_v2017.R1/S32DS/e200_ewl2/lib/e200z4/fp\libc99.a
LOAD C:/NXP/S32DS_Power_v2017.R1/S32DS/e200_ewl2/lib/e200z4/fp\libm.a
LOAD c:/nxp/s32ds_power_v2017.r1/cross_tools/powerpc-eabivle-4_9/bin/../lib/gcc/powerpc-eabivle/4.9.4/e200z4/fp\libgcc.a
LOAD C:/NXP/S32DS_Power_v2017.R1/S32DS/e200_ewl2/lib/e200z4/fp\librt.a
END GROUP
LOAD c:/nxp/s32ds_power_v2017.r1/cross_tools/powerpc-eabivle-4_9/bin/../lib/gcc/powerpc-eabivle/4.9.4/e200z4/fp/crtend.o
LOAD c:/nxp/s32ds_power_v2017.r1/cross_tools/powerpc-eabivle-4_9/bin/../lib/gcc/powerpc-eabivle/4.9.4/e200z4/fp/ecrtn.o
                0x00000000                __HEAP_SIZE = DEFINED (__heap_size__)?__heap_size__:0x0
                0x00001000                __STACK_SIZE = DEFINED (__stack_size__)?__stack_size__:0x1000
                0x00040000                SRAM_SIZE = 0x40000
                0x40000000                SRAM_BASE_ADDR = 0x40000000

.rchw           0x00fa0000        0x4
 *(.rchw)
 .rchw          0x00fa0000        0x4 ./Project_Settings/Startup_Code/startup_MPC5748G.o

.cpu0_reset_vector
                0x00fa0010        0x4
 *(.cpu0_reset_vector)
 .cpu0_reset_vector
                0x00fa0010        0x4 ./Project_Settings/Startup_Code/startup_MPC5748G.o

.cpu1_reset_vector
 *(.cpu1_reset_vector)

.cpu2_reset_vector
 *(.cpu2_reset_vector)

.startup        0x01000000      0x134
                0x01000000                __start = .
 *(.startup)
 .startup       0x01000000      0x134 ./Project_Settings/Startup_Code/startup_MPC5748G.o
                0x01000000                Reset_Handler
                0x01000000                _start

.core_exceptions_table
                0x01001000       0xf4
                0x01001000                __IVPR_VALUE = .
 *(.core_exceptions_table)
 .core_exceptions_table
                0x01001000       0xf4 ./Project_Settings/Startup_Code/interrupt_vectors.o
                0x01001000                VTABLE
                0x01001000                IVOR0_Vector
                0x01001010                IVOR1_Vector
                0x01001020                IVOR2_Vector
                0x01001030                IVOR3_Vector
                0x01001040                IVOR4_Vector
                0x01001050                IVOR5_Vector
                0x01001060                IVOR6_Vector
                0x01001070                IVOR7_Vector
                0x01001080                IVOR8_Vector
                0x01001090                IVOR9_Vector
                0x010010a0                IVOR10_Vector
                0x010010b0                IVOR11_Vector
                0x010010c0                IVOR12_Vector
                0x010010d0                IVOR13_Vector
                0x010010e0                IVOR14_Vector
                0x010010f0                IVOR15_Vector

.intc_vector_table
                0x01002000      0xc0c
                0x01002000                __VECTOR_TABLE = .
                0x01002000                . = ALIGN (0x4)
 *(.intc_vector_table)
 .intc_vector_table
                0x01002000      0xc0c ./Project_Settings/Startup_Code/startup_MPC5748G.o
                0x01002000                __isr_vector
                0x01002bc8                IVOR0_Handler
                0x01002bd0                IVOR2_Handler
                0x01002bd4                IVOR3_Handler
                0x01002bdc                IVOR5_Handler
                0x01002be0                IVOR6_Handler
                0x01002be4                IVOR7_Handler
                0x01002bec                IVOR9_Handler
                0x01002bf0                IVOR10_Handler
                0x01002bf4                IVOR11_Handler
                0x01002bf8                IVOR12_Handler
                0x01002bfc                IVOR13_Handler
                0x01002c00                IVOR14_Handler
                0x01002c04                IVOR15_Handler
                0x01002c08                LINFLEXD6_UART_ErrIRQHandler
                0x01002c08                USBOTG_IRQHandler
                0x01002c08                LINFLEXD5_UART_ErrIRQHandler
                0x01002c08                PIT_Ch0_IRQHandler
                0x01002c08                PIT_Ch14_IRQHandler
                0x01002c08                LINFLEXD2_UART_TxIRQHandler
                0x01002c08                DSPI1_Send_IRQHandler
                0x01002c08                DSPI0_FIFO_Error_IRQHandler
                0x01002c08                STM2_Ch2_IRQHandler
                0x01002c08                DSPI4_Send_IRQHandler
                0x01002c08                EMIOS1_00_01_IRQHandler
                0x01002c08                DSPI5_FIFO_Error_IRQHandler
                0x01002c08                EMIOS1_26_27_IRQHandler
                0x01002c08                DSPI6_Send_IRQHandler
                0x01002c08                PIT_Ch15_IRQHandler
                0x01002c08                EMIOS0_10_11_IRQHandler
                0x01002c08                ADC0_WD_IRQHandler
                0x01002c08                LINFLEXD3_UART_ErrIRQHandler
                0x01002c08                ADC1_WD_IRQHandler
                0x01002c08                SIUL_EIRQ_16_23_IRQHandler
                0x01002c08                SAI2_Rx_IRQHandler
                0x01002c08                PIT_Ch10_IRQHandler
                0x01002c08                ENET1_Rx_2_IRQHandler
                0x01002c08                LINFLEXD5_UART_RxIRQHandler
                0x01002c08                LINFLEXD7_UART_RxIRQHandler
                0x01002c08                SWT2_IRQHandler
                0x01002c08                ENET0_Parser_IRQHandler
                0x01002c08                LINFLEXD14_UART_RxIRQHandler
                0x01002c08                LINFLEXD0_UART_ErrIRQHandler
                0x01002c08                ENET1_Tx_IRQHandler
                0x01002c08                SAI2_Tx_IRQHandler
                0x01002c08                PIT_Ch7_IRQHandler
                0x01002c08                DSPI3_Send_IRQHandler
                0x01002c08                ENET0_Tx_2_IRQHandler
                0x01002c08                EMIOS2_26_27_IRQHandler
                0x01002c08                LINFLEXD0_UART_TxIRQHandler
                0x01002c08                DSPI9_FIFO_Error_IRQHandler
                0x01002c08                STM2_Ch3_IRQHandler
                0x01002c08                WKPU_23_16_IRQHandler
                0x01002c08                ENET0_Rx_1_IRQHandler
                0x01002c08                EMIOS0_30_31_IRQHandler
                0x01002c08                SWT0_IRQHandler
                0x01002c08                LINFLEXD13_UART_TxIRQHandler
                0x01002c08                LINFLEXD10_UART_TxIRQHandler
                0x01002c08                DSPI2_FIFO_Error_IRQHandler
                0x01002c08                LINFLEXD9_UART_ErrIRQHandler
                0x01002c08                SAI0_Tx_IRQHandler
                0x01002c08                EMIOS0_24_25_IRQHandler
                0x01002c08                EMIOS2_00_01_IRQHandler
                0x01002c08                EMIOS1_30_31_IRQHandler
                0x01002c08                LINFLEXD10_UART_RxIRQHandler
                0x01002c08                PIT_Ch5_IRQHandler
                0x01002c08                EMIOS0_12_13_IRQHandler
                0x01002c08                PIT_Ch1_IRQHandler
                0x01002c08                LINFLEXD14_UART_TxIRQHandler
                0x01002c08                LINFLEXD14_UART_ErrIRQHandler
                0x01002c08                LINFLEXD16_UART_ErrIRQHandler
                0x01002c08                EMIOS1_14_15_IRQHandler
                0x01002c08                ENET0_Err_IRQHandler
                0x01002c08                ENET1_Timer_IRQHandler
                0x01002c08                DSPI0_Send_IRQHandler
                0x01002c08                ENET1_Rx_IRQHandler
                0x01002c08                LINFLEXD9_UART_TxIRQHandler
                0x01002c08                LINFLEXD17_UART_RxIRQHandler
                0x01002c08                DSPI6_Receive_IRQHandler
                0x01002c08                PIT_Ch2_IRQHandler
                0x01002c08                DSPI0_Receive_IRQHandler
                0x01002c08                I2C_DRV_Module2IRQHandler
                0x01002c08                SAI1_Tx_IRQHandler
                0x01002c08                CMP0_IRQHandler
                0x01002c08                DSPI2_Send_IRQHandler
                0x01002c08                EMIOS0_16_17_IRQHandler
                0x01002c08                LINFLEXD10_UART_ErrIRQHandler
                0x01002c08                ENET0_Rx_IRQHandler
                0x01002c08                STM2_Ch0_IRQHandler
                0x01002c08                LINFLEXD11_UART_ErrIRQHandler
                0x01002c08                DSPI4_FIFO_Error_IRQHandler
                0x01002c08                LINFLEXD12_UART_TxIRQHandler
                0x01002c08                LINFLEXD13_UART_ErrIRQHandler
                0x01002c08                LINFLEXD15_UART_RxIRQHandler
                0x01002c08                DSPI2_Receive_IRQHandler
                0x01002c08                LINFLEXD1_UART_ErrIRQHandler
                0x01002c08                EMIOS1_10_11_IRQHandler
                0x01002c08                DSPI9_Receive_IRQHandler
                0x01002c08                ADC1_ER_IRQHandler
                0x01002c08                DSPI3_Receive_IRQHandler
                0x01002c08                LINFLEXD13_UART_RxIRQHandler
                0x01002c08                EMIOS0_22_23_IRQHandler
                0x01002c08                EMIOS1_28_29_IRQHandler
                0x01002c08                SAI0_Rx_IRQHandler
                0x01002c08                PIT_Ch4_IRQHandler
                0x01002c08                EMIOS2_28_29_IRQHandler
                0x01002c08                ENET0_Tx_1_IRQHandler
                0x01002c08                ADC0_ER_IRQHandler
                0x01002c08                ENET1_Tx_1_IRQHandler
                0x01002c08                SIUL_EIRQ_00_07_IRQHandler
                0x01002c08                LINFLEXD4_UART_TxIRQHandler
                0x01002c08                LINFLEXD8_UART_TxIRQHandler
                0x01002c08                DSPI7_Receive_IRQHandler
                0x01002c08                DSPI1_FIFO_Error_IRQHandler
                0x01002c08                PIT_Ch11_IRQHandler
                0x01002c08                PIT_Ch12_IRQHandler
                0x01002c08                ENET0_Rx_2_IRQHandler
                0x01002c08                LINFLEXD11_UART_RxIRQHandler
                0x01002c08                LINFLEXD11_UART_TxIRQHandler
                0x01002c08                EMIOS1_04_05_IRQHandler
                0x01002c08                STM2_Ch1_IRQHandler
                0x01002c08                CMP2_IRQHandler
                0x01002c08                EMIOS2_20_21_IRQHandler
                0x01002c08                IVOR1_Exception_Handler
                0x01002c08                LINFLEXD7_UART_TxIRQHandler
                0x01002c08                DSPI7_FIFO_Error_IRQHandler
                0x01002c08                STM1_Ch0_IRQHandler
                0x01002c08                DSPI8_Receive_IRQHandler
                0x01002c08                LINFLEXD16_UART_TxIRQHandler
                0x01002c08                PIT_Ch13_IRQHandler
                0x01002c08                LINFLEXD2_UART_RxIRQHandler
                0x01002c08                I2C_DRV_Module1IRQHandler
                0x01002c08                ENET0_Tx_IRQHandler
                0x01002c08                SIUL_EIRQ_24_31_IRQHandler
                0x01002c08                EMIOS1_06_07_IRQHandler
                0x01002c08                DSPI9_Send_IRQHandler
                0x01002c08                IVOR8_Exception_Handler
                0x01002c08                PIT_RTI_IRQHandler
                0x01002c08                LINFLEXD3_UART_RxIRQHandler
                0x01002c08                LINFLEXD2_UART_ErrIRQHandler
                0x01002c08                WKPU_31_24_IRQHandler
                0x01002c08                LINFLEXD12_UART_RxIRQHandler
                0x01002c08                LINFLEXD12_UART_ErrIRQHandler
                0x01002c08                EMIOS1_12_13_IRQHandler
                0x01002c08                STM1_Ch1_IRQHandler
                0x01002c08                STM0_Ch0_IRQHandler
                0x01002c08                DSPI5_Receive_IRQHandler
                0x01002c08                USBHS_IRQHandler
                0x01002c08                LINFLEXD17_UART_TxIRQHandler
                0x01002c08                WKPU_15_08_IRQHandler
                0x01002c08                EMIOS1_02_03_IRQHandler
                0x01002c08                LINFLEXD4_UART_ErrIRQHandler
                0x01002c08                STM0_Ch2_IRQHandler
                0x01002c08                STM0_Ch3_IRQHandler
                0x01002c08                EMIOS0_00_01_IRQHandler
                0x01002c08                LINFLEXD0_UART_RxIRQHandler
                0x01002c08                LINFLEXD15_UART_TxIRQHandler
                0x01002c08                LINFLEXD15_UART_ErrIRQHandler
                0x01002c08                LINFLEXD6_UART_RxIRQHandler
                0x01002c08                DSPI8_FIFO_Error_IRQHandler
                0x01002c08                RTC0_IRQHandler
                0x01002c08                EMIOS0_18_19_IRQHandler
                0x01002c08                LINFLEXD17_UART_ErrIRQHandler
                0x01002c08                EMIOS2_18_19_IRQHandler
                0x01002c08                LINFLEXD8_UART_RxIRQHandler
                0x01002c08                I2C_DRV_Module0IRQHandler
                0x01002c08                LINFLEXD7_UART_ErrIRQHandler
                0x01002c08                EMIOS0_20_21_IRQHandler
                0x01002c08                DSPI3_FIFO_Error_IRQHandler
                0x01002c08                I2C_DRV_Module3IRQHandler
                0x01002c08                EMIOS2_02_03_IRQHandler
                0x01002c08                DSPI7_Send_IRQHandler
                0x01002c08                STM1_Ch3_IRQHandler
                0x01002c08                PIT_Ch6_IRQHandler
                0x01002c08                EMIOS1_24_25_IRQHandler
                0x01002c08                EMIOS2_04_05_IRQHandler
                0x01002c08                HSM_DRV_IRQHandler
                0x01002c08                EMIOS2_10_11_IRQHandler
                0x01002c08                PIT_Ch9_IRQHandler
                0x01002c08                SIUL_EIRQ_08_15_IRQHandler
                0x01002c08                ENET1_Rx_1_IRQHandler
                0x01002c08                FLASH_Done_IRQHandler
                0x01002c08                EMIOS2_12_13_IRQHandler
                0x01002c08                LINFLEXD5_UART_TxIRQHandler
                0x01002c08                DSPI6_FIFO_Error_IRQHandler
                0x01002c08                DSPI4_Receive_IRQHandler
                0x01002c08                EMIOS0_26_27_IRQHandler
                0x01002c08                PIT_Ch3_IRQHandler
                0x01002c08                EMIOS1_08_09_IRQHandler
                0x01002c08                LINFLEXD16_UART_RxIRQHandler
                0x01002c08                DSPI8_Send_IRQHandler
                0x01002c08                EMIOS2_06_07_IRQHandler
                0x01002c08                ENET1_Parser_IRQHandler
                0x01002c08                EMIOS0_04_05_IRQHandler
                0x01002c08                STM1_Ch2_IRQHandler
                0x01002c08                LINFLEXD6_UART_TxIRQHandler
                0x01002c08                LINFLEXD1_UART_TxIRQHandler
                0x01002c08                ENET1_Err_IRQHandler
                0x01002c08                API0_IRQHandler
                0x01002c08                EMIOS1_16_17_IRQHandler
                0x01002c08                SWT1_IRQHandler
                0x01002c08                EMIOS2_24_25_IRQHandler
                0x01002c08                LINFLEXD4_UART_RxIRQHandler
                0x01002c08                EMIOS0_08_09_IRQHandler
                0x01002c08                DSPI1_Receive_IRQHandler
                0x01002c08                EMIOS0_28_29_IRQHandler
                0x01002c08                EMIOS2_08_09_IRQHandler
                0x01002c08                CMP1_IRQHandler
                0x01002c08                EMIOS2_22_23_IRQHandler
                0x01002c08                SAI1_Rx_IRQHandler
                0x01002c08                DefaultISR
                0x01002c08                EMIOS0_06_07_IRQHandler
                0x01002c08                LINFLEXD3_UART_TxIRQHandler
                0x01002c08                LINFLEXD9_UART_RxIRQHandler
                0x01002c08                uSDHC_DriverIRQHandler
                0x01002c08                PIT_Ch8_IRQHandler
                0x01002c08                EMIOS0_02_03_IRQHandler
                0x01002c08                EMIOS2_30_31_IRQHandler
                0x01002c08                EMIOS1_20_21_IRQHandler
                0x01002c08                ENET0_Timer_IRQHandler
                0x01002c08                ENET1_Tx_2_IRQHandler
                0x01002c08                EMIOS2_14_15_IRQHandler
                0x01002c08                EMIOS1_18_19_IRQHandler
                0x01002c08                EMIOS1_22_23_IRQHandler
                0x01002c08                DSPI5_Send_IRQHandler
                0x01002c08                LINFLEXD8_UART_ErrIRQHandler
                0x01002c08                EMIOS2_16_17_IRQHandler
                0x01002c08                LINFLEXD1_UART_RxIRQHandler
                0x01002c08                WKPU_07_00_IRQHandler
                0x01002c08                FCCU0_IRQ_Handler
                0x01002c08                STM0_Ch1_IRQHandler
                0x01002c08                EMIOS0_14_15_IRQHandler
                0x00000c00                __RAM_VECTOR_TABLE_SIZE = 0xc00

.text           0x01002c10     0xe0b0
 *(.text.startup)
 *(.text)
 .text          0x01002c10      0x16c c:/nxp/s32ds_power_v2017.r1/cross_tools/powerpc-eabivle-4_9/bin/../lib/gcc/powerpc-eabivle/4.9.4/e200z4/fp/crtbegin.o
 *fill*         0x01002d7c        0x4 
 .text          0x01002d80      0x142 ./Project_Settings/Startup_Code/core0_intc_sw_handlers.o
                0x01002d80                IVOR8_Handler
                0x01002dee                IVOR4_Handler
                0x01002e36                IVOR1_Handler
 .text          0x01002ec2       0x52 c:/nxp/s32ds_power_v2017.r1/cross_tools/powerpc-eabivle-4_9/bin/../lib/gcc/powerpc-eabivle/4.9.4/e200z4/fp\libgcc.a(e200crtresxgpr.o)
                0x01002ec2                _restgpr_14_x
                0x01002ec6                _restgpr_15_x
                0x01002eca                _restgpr_16_x
                0x01002ece                _restgpr_17_x
                0x01002ed2                _restgpr_18_x
                0x01002ed6                _restgpr_19_x
                0x01002eda                _restgpr_20_x
                0x01002ede                _restgpr_21_x
                0x01002ee2                _restgpr_22_x
                0x01002ee6                _restgpr_23_x
                0x01002eea                _restgpr_24_x
                0x01002eee                _restgpr_25_x
                0x01002ef2                _restgpr_26_x
                0x01002ef6                _restgpr_27_x
                0x01002efa                _restgpr_28_x
                0x01002efe                _restgpr_29_x
                0x01002f02                _restgpr_30_x
                0x01002f06                _restgpr_31_x
 .text          0x01002f14       0x4a c:/nxp/s32ds_power_v2017.r1/cross_tools/powerpc-eabivle-4_9/bin/../lib/gcc/powerpc-eabivle/4.9.4/e200z4/fp\libgcc.a(eabivle.o)
                0x01002f14                __eabi
 *fill*         0x01002f5e        0x2 
 .text          0x01002f60       0x48 c:/nxp/s32ds_power_v2017.r1/cross_tools/powerpc-eabivle-4_9/bin/../lib/gcc/powerpc-eabivle/4.9.4/e200z4/fp/crtend.o
 *(.text.*)
 .text.main     0x01002fa8      0x114 ./Sources/main.o
                0x01002fa8                main
 .text.adc_pal1_callback00
                0x010030bc       0x28 ./Sources/main.o
                0x010030bc                adc_pal1_callback00
 .text.buttonISR
                0x010030e4       0xa0 ./Sources/main.o
                0x010030e4                buttonISR
 .text.GPIOInit
                0x01003184       0x42 ./Sources/main.o
                0x01003184                GPIOInit
 *fill*         0x010031c6        0x2 
 .text.processCommand
                0x010031c8      0x198 ./Sources/main.o
                0x010031c8                processCommand
 .text.CAN_initialise
                0x01003360      0x10a ./Sources/can.o
                0x01003360                CAN_initialise
 *fill*         0x0100346a        0x2 
 .text.CAN_eventHandler
                0x0100346c       0xca ./Sources/can.o
                0x0100346c                CAN_eventHandler
 *fill*         0x01003536        0x2 
 .text.CAN_sendFrame
                0x01003538       0xaa ./Sources/can.o
                0x01003538                CAN_sendFrame
 *fill*         0x010035e2        0x2 
 .text.osif_Tick
                0x010035e4       0x28 ./SDK/rtos/osif/osif_baremetal.o
 .text.osif_GetCurrentTickCount
                0x0100360c       0x1e ./SDK/rtos/osif/osif_baremetal.o
 *fill*         0x0100362a        0x2 
 .text.OSIF_PIT_IRQHandler
                0x0100362c       0x2c ./SDK/rtos/osif/osif_baremetal.o
                0x0100362c                OSIF_PIT_IRQHandler
 .text.osif_UpdateTickConfig
                0x01003658       0x96 ./SDK/rtos/osif/osif_baremetal.o
 *fill*         0x010036ee        0x2 
 .text.osif_DisableIrqGlobal
                0x010036f0       0x22 ./SDK/rtos/osif/osif_baremetal.o
 *fill*         0x01003712        0x2 
 .text.osif_EnableIrqGlobal
                0x01003714       0x22 ./SDK/rtos/osif/osif_baremetal.o
 *fill*         0x01003736        0x2 
 .text.OSIF_TimeDelay
                0x01003738       0x66 ./SDK/rtos/osif/osif_baremetal.o
                0x01003738                OSIF_TimeDelay
 *fill*         0x0100379e        0x2 
 .text.OSIF_GetMilliseconds
                0x010037a0       0x26 ./SDK/rtos/osif/osif_baremetal.o
                0x010037a0                OSIF_GetMilliseconds
 *fill*         0x010037c6        0x2 
 .text.OSIF_SemaWait
                0x010037c8      0x102 ./SDK/rtos/osif/osif_baremetal.o
                0x010037c8                OSIF_SemaWait
 *fill*         0x010038ca        0x2 
 .text.OSIF_SemaPost
                0x010038cc       0x66 ./SDK/rtos/osif/osif_baremetal.o
                0x010038cc                OSIF_SemaPost
 *fill*         0x01003932        0x2 
 .text.OSIF_SemaCreate
                0x01003934       0x36 ./SDK/rtos/osif/osif_baremetal.o
                0x01003934                OSIF_SemaCreate
 *fill*         0x0100396a        0x2 
 .text.OSIF_SemaDestroy
                0x0100396c       0x1a ./SDK/rtos/osif/osif_baremetal.o
                0x0100396c                OSIF_SemaDestroy
 *fill*         0x01003986        0x2 
 .text.CAN_AllocateState
                0x01003988       0xa2 ./SDK/platform/pal/can/src/can_pal.o
 *fill*         0x01003a2a        0x2 
 .text.CAN_FindFlexCANState
                0x01003a2c       0x76 ./SDK/platform/pal/can/src/can_pal.o
 *fill*         0x01003aa2        0x2 
 .text.CAN_GetVirtualBuffIdx
                0x01003aa4       0x22 ./SDK/platform/pal/can/src/can_pal.o
 *fill*         0x01003ac6        0x2 
 .text.CAN_InternalCallback
                0x01003ac8      0x158 ./SDK/platform/pal/can/src/can_pal.o
 .text.CAN_Init
                0x01003c20      0x236 ./SDK/platform/pal/can/src/can_pal.o
                0x01003c20                CAN_Init
 *fill*         0x01003e56        0x2 
 .text.CAN_ConfigTxBuff
                0x01003e58      0x13c ./SDK/platform/pal/can/src/can_pal.o
                0x01003e58                CAN_ConfigTxBuff
 .text.CAN_ConfigRxBuff
                0x01003f94      0x142 ./SDK/platform/pal/can/src/can_pal.o
                0x01003f94                CAN_ConfigRxBuff
 *fill*         0x010040d6        0x2 
 .text.CAN_SendBlocking
                0x010040d8      0x1b6 ./SDK/platform/pal/can/src/can_pal.o
                0x010040d8                CAN_SendBlocking
 *fill*         0x0100428e        0x2 
 .text.CAN_Receive
                0x01004290      0x112 ./SDK/platform/pal/can/src/can_pal.o
                0x01004290                CAN_Receive
 *fill*         0x010043a2        0x2 
 .text.CAN_SetRxFilter
                0x010043a4       0x7e ./SDK/platform/pal/can/src/can_pal.o
                0x010043a4                CAN_SetRxFilter
 *fill*         0x01004422        0x2 
 .text.CAN_InstallEventCallback
                0x01004424       0xb2 ./SDK/platform/pal/can/src/can_pal.o
                0x01004424                CAN_InstallEventCallback
 *fill*         0x010044d6        0x2 
 .text.ADC_Init
                0x010044d8      0x11c ./SDK/platform/pal/adc/src/adc_pal.o
                0x010044d8                ADC_Init
 .text.ADC_StartGroupConversion
                0x010045f4      0x136 ./SDK/platform/pal/adc/src/adc_pal.o
                0x010045f4                ADC_StartGroupConversion
 *fill*         0x0100472a        0x2 
 .text.ADC_Init_MPC574xC_G_R
                0x0100472c      0x126 ./SDK/platform/pal/adc/src/adc_pal.o
 *fill*         0x01004852        0x2 
 .text.ADC_MPC574xC_G_R_HwTrigIrqHandler
                0x01004854      0x168 ./SDK/platform/pal/adc/src/adc_pal.o
                0x01004854                ADC_MPC574xC_G_R_HwTrigIrqHandler
 .text.ADC_ConfigHwTriggeredGroup
                0x010049bc      0x19a ./SDK/platform/pal/adc/src/adc_pal.o
 *fill*         0x01004b56        0x2 
 .text.ADC_GetGroupIdx
                0x01004b58       0xe0 ./SDK/platform/pal/adc/src/adc_pal.o
 .text.ADC_GetChanIdx
                0x01004c38       0x1e ./SDK/platform/pal/adc/src/adc_pal.o
 *fill*         0x01004c56        0x2 
 .text.ADC_GetAdcAbsoluteIdx
                0x01004c58       0x24 ./SDK/platform/pal/adc/src/adc_pal.o
 .text.ADC_GetUsedAdcInstances
                0x01004c7c       0xa6 ./SDK/platform/pal/adc/src/adc_pal.o
 *fill*         0x01004d22        0x2 
 .text.ADC_MPC574x_SwTrigIrqHandler
                0x01004d24      0x150 ./SDK/platform/pal/adc/src/adc_pal.o
                0x01004d24                ADC_MPC574x_SwTrigIrqHandler
 .text.ADC_ConfigAdcMPC574x
                0x01004e74      0x118 ./SDK/platform/pal/adc/src/adc_pal.o
 .text.ADC_GetHwGroupStatePtr
                0x01004f8c       0x58 ./SDK/platform/pal/adc/src/adc_pal.o
 .text.ADC_AnyHwTrigGroupActive
                0x01004fe4       0x26 ./SDK/platform/pal/adc/src/adc_pal.o
 *fill*         0x0100500a        0x2 
 .text.ADC_PalStateUpdateStart
                0x0100500c       0xc4 ./SDK/platform/pal/adc/src/adc_pal.o
 .text.ADC_CallNotificationCb
                0x010050d0       0xa2 ./SDK/platform/pal/adc/src/adc_pal.o
 *fill*         0x01005172        0x2 
 .text.BCTU_ConvUpdate_IRQHandler
                0x01005174       0x86 ./SDK/platform/pal/adc/src/adc_irq.o
                0x01005174                BCTU_ConvUpdate_IRQHandler
 *fill*         0x010051fa        0x2 
 .text.BCTU_ListLast_IRQHandler
                0x010051fc       0x86 ./SDK/platform/pal/adc/src/adc_irq.o
                0x010051fc                BCTU_ListLast_IRQHandler
 *fill*         0x01005282        0x2 
 .text.ADC0_EOC_IRQHandler
                0x01005284       0x2a ./SDK/platform/pal/adc/src/adc_irq.o
                0x01005284                ADC0_EOC_IRQHandler
 *fill*         0x010052ae        0x2 
 .text.ADC1_EOC_IRQHandler
                0x010052b0       0x2a ./SDK/platform/pal/adc/src/adc_irq.o
                0x010052b0                ADC1_EOC_IRQHandler
 *fill*         0x010052da        0x2 
 .text.PINS_GPIO_WritePin
                0x010052dc       0x62 ./SDK/platform/drivers/src/pins/pins_siul2_hw_access.o
 *fill*         0x0100533e        0x2 
 .text.PINS_Init
                0x01005340      0x32c ./SDK/platform/drivers/src/pins/pins_siul2_hw_access.o
                0x01005340                PINS_Init
 .text.REV_BIT_16
                0x0100566c       0x94 ./SDK/platform/drivers/src/pins/pins_driver.o
 .text.PINS_GPIO_SetPins
                0x01005700       0x42 ./SDK/platform/drivers/src/pins/pins_driver.o
 *fill*         0x01005742        0x2 
 .text.PINS_GPIO_TogglePins
                0x01005744       0x44 ./SDK/platform/drivers/src/pins/pins_driver.o
 .text.PINS_ClearPinExIntFlag
                0x01005788       0x26 ./SDK/platform/drivers/src/pins/pins_driver.o
 *fill*         0x010057ae        0x2 
 .text.PINS_GetPinExIntFlag
                0x010057b0       0x3e ./SDK/platform/drivers/src/pins/pins_driver.o
 *fill*         0x010057ee        0x2 
 .text.PINS_ClearExIntFlag
                0x010057f0       0x20 ./SDK/platform/drivers/src/pins/pins_driver.o
 .text.PINS_DRV_Init
                0x01005810       0x84 ./SDK/platform/drivers/src/pins/pins_driver.o
                0x01005810                PINS_DRV_Init
 .text.PINS_DRV_ClearPinExIntFlag
                0x01005894       0x26 ./SDK/platform/drivers/src/pins/pins_driver.o
                0x01005894                PINS_DRV_ClearPinExIntFlag
 *fill*         0x010058ba        0x2 
 .text.PINS_DRV_GetPinExIntFlag
                0x010058bc       0x2a ./SDK/platform/drivers/src/pins/pins_driver.o
                0x010058bc                PINS_DRV_GetPinExIntFlag
 *fill*         0x010058e6        0x2 
 .text.PINS_DRV_ClearExIntFlag
                0x010058e8       0x22 ./SDK/platform/drivers/src/pins/pins_driver.o
                0x010058e8                PINS_DRV_ClearExIntFlag
 *fill*         0x0100590a        0x2 
 .text.PINS_DRV_SetPins
                0x0100590c       0x30 ./SDK/platform/drivers/src/pins/pins_driver.o
                0x0100590c                PINS_DRV_SetPins
 .text.PINS_DRV_TogglePins
                0x0100593c       0x30 ./SDK/platform/drivers/src/pins/pins_driver.o
                0x0100593c                PINS_DRV_TogglePins
 .text.INT_SYS_InstallHandler
                0x0100596c       0x5e ./SDK/platform/drivers/src/interrupt/interrupt_manager_MPC57xx.o
                0x0100596c                INT_SYS_InstallHandler
 *fill*         0x010059ca        0x2 
 .text.INT_SYS_EnableIRQOnCore
                0x010059cc       0xf6 ./SDK/platform/drivers/src/interrupt/interrupt_manager_MPC57xx.o
 *fill*         0x01005ac2        0x2 
 .text.INT_SYS_EnableIRQ
                0x01005ac4       0x64 ./SDK/platform/drivers/src/interrupt/interrupt_manager_MPC57xx.o
                0x01005ac4                INT_SYS_EnableIRQ
 .text.INT_SYS_EnableIRQGlobal
                0x01005b28       0x68 ./SDK/platform/drivers/src/interrupt/interrupt_manager_MPC57xx.o
                0x01005b28                INT_SYS_EnableIRQGlobal
 .text.INT_SYS_DisableIRQGlobal
                0x01005b90       0x2c ./SDK/platform/drivers/src/interrupt/interrupt_manager_MPC57xx.o
                0x01005b90                INT_SYS_DisableIRQGlobal
 .text.CAN0_ORed_IRQHandler
                0x01005bbc       0x24 ./SDK/platform/drivers/src/flexcan/flexcan_irq.o
                0x01005bbc                CAN0_ORed_IRQHandler
 .text.CAN0_Error_IRQHandler
                0x01005be0       0x24 ./SDK/platform/drivers/src/flexcan/flexcan_irq.o
                0x01005be0                CAN0_Error_IRQHandler
 .text.CAN0_Wake_Up_IRQHandler
                0x01005c04       0x24 ./SDK/platform/drivers/src/flexcan/flexcan_irq.o
                0x01005c04                CAN0_Wake_Up_IRQHandler
 .text.CAN0_ORed_00_03_MB_IRQHandler
                0x01005c28       0x24 ./SDK/platform/drivers/src/flexcan/flexcan_irq.o
                0x01005c28                CAN0_ORed_00_03_MB_IRQHandler
 .text.CAN0_ORed_04_07_MB_IRQHandler
                0x01005c4c       0x24 ./SDK/platform/drivers/src/flexcan/flexcan_irq.o
                0x01005c4c                CAN0_ORed_04_07_MB_IRQHandler
 .text.CAN0_ORed_08_11_MB_IRQHandler
                0x01005c70       0x24 ./SDK/platform/drivers/src/flexcan/flexcan_irq.o
                0x01005c70                CAN0_ORed_08_11_MB_IRQHandler
 .text.CAN0_ORed_12_15_MB_IRQHandler
                0x01005c94       0x24 ./SDK/platform/drivers/src/flexcan/flexcan_irq.o
                0x01005c94                CAN0_ORed_12_15_MB_IRQHandler
 .text.CAN0_ORed_16_31_MB_IRQHandler
                0x01005cb8       0x24 ./SDK/platform/drivers/src/flexcan/flexcan_irq.o
                0x01005cb8                CAN0_ORed_16_31_MB_IRQHandler
 .text.CAN0_ORed_32_63_MB_IRQHandler
                0x01005cdc       0x24 ./SDK/platform/drivers/src/flexcan/flexcan_irq.o
                0x01005cdc                CAN0_ORed_32_63_MB_IRQHandler
 .text.CAN0_ORed_64_95_MB_IRQHandler
                0x01005d00       0x24 ./SDK/platform/drivers/src/flexcan/flexcan_irq.o
                0x01005d00                CAN0_ORed_64_95_MB_IRQHandler
 .text.CAN1_ORed_IRQHandler
                0x01005d24       0x24 ./SDK/platform/drivers/src/flexcan/flexcan_irq.o
                0x01005d24                CAN1_ORed_IRQHandler
 .text.CAN1_Error_IRQHandler
                0x01005d48       0x24 ./SDK/platform/drivers/src/flexcan/flexcan_irq.o
                0x01005d48                CAN1_Error_IRQHandler
 .text.CAN1_ORed_00_03_MB_IRQHandler
                0x01005d6c       0x24 ./SDK/platform/drivers/src/flexcan/flexcan_irq.o
                0x01005d6c                CAN1_ORed_00_03_MB_IRQHandler
 .text.CAN1_ORed_04_07_MB_IRQHandler
                0x01005d90       0x24 ./SDK/platform/drivers/src/flexcan/flexcan_irq.o
                0x01005d90                CAN1_ORed_04_07_MB_IRQHandler
 .text.CAN1_ORed_08_11_MB_IRQHandler
                0x01005db4       0x24 ./SDK/platform/drivers/src/flexcan/flexcan_irq.o
                0x01005db4                CAN1_ORed_08_11_MB_IRQHandler
 .text.CAN1_ORed_12_15_MB_IRQHandler
                0x01005dd8       0x24 ./SDK/platform/drivers/src/flexcan/flexcan_irq.o
                0x01005dd8                CAN1_ORed_12_15_MB_IRQHandler
 .text.CAN1_ORed_16_31_MB_IRQHandler
                0x01005dfc       0x24 ./SDK/platform/drivers/src/flexcan/flexcan_irq.o
                0x01005dfc                CAN1_ORed_16_31_MB_IRQHandler
 .text.CAN1_ORed_32_63_MB_IRQHandler
                0x01005e20       0x24 ./SDK/platform/drivers/src/flexcan/flexcan_irq.o
                0x01005e20                CAN1_ORed_32_63_MB_IRQHandler
 .text.CAN1_ORed_64_95_MB_IRQHandler
                0x01005e44       0x24 ./SDK/platform/drivers/src/flexcan/flexcan_irq.o
                0x01005e44                CAN1_ORed_64_95_MB_IRQHandler
 .text.CAN2_ORed_IRQHandler
                0x01005e68       0x24 ./SDK/platform/drivers/src/flexcan/flexcan_irq.o
                0x01005e68                CAN2_ORed_IRQHandler
 .text.CAN2_Error_IRQHandler
                0x01005e8c       0x24 ./SDK/platform/drivers/src/flexcan/flexcan_irq.o
                0x01005e8c                CAN2_Error_IRQHandler
 .text.CAN2_ORed_00_03_MB_IRQHandler
                0x01005eb0       0x24 ./SDK/platform/drivers/src/flexcan/flexcan_irq.o
                0x01005eb0                CAN2_ORed_00_03_MB_IRQHandler
 .text.CAN2_ORed_04_07_MB_IRQHandler
                0x01005ed4       0x24 ./SDK/platform/drivers/src/flexcan/flexcan_irq.o
                0x01005ed4                CAN2_ORed_04_07_MB_IRQHandler
 .text.CAN2_ORed_08_11_MB_IRQHandler
                0x01005ef8       0x24 ./SDK/platform/drivers/src/flexcan/flexcan_irq.o
                0x01005ef8                CAN2_ORed_08_11_MB_IRQHandler
 .text.CAN2_ORed_12_15_MB_IRQHandler
                0x01005f1c       0x24 ./SDK/platform/drivers/src/flexcan/flexcan_irq.o
                0x01005f1c                CAN2_ORed_12_15_MB_IRQHandler
 .text.CAN2_ORed_16_31_MB_IRQHandler
                0x01005f40       0x24 ./SDK/platform/drivers/src/flexcan/flexcan_irq.o
                0x01005f40                CAN2_ORed_16_31_MB_IRQHandler
 .text.CAN2_ORed_32_63_MB_IRQHandler
                0x01005f64       0x24 ./SDK/platform/drivers/src/flexcan/flexcan_irq.o
                0x01005f64                CAN2_ORed_32_63_MB_IRQHandler
 .text.CAN2_ORed_64_95_MB_IRQHandler
                0x01005f88       0x24 ./SDK/platform/drivers/src/flexcan/flexcan_irq.o
                0x01005f88                CAN2_ORed_64_95_MB_IRQHandler
 .text.CAN3_ORed_IRQHandler
                0x01005fac       0x24 ./SDK/platform/drivers/src/flexcan/flexcan_irq.o
                0x01005fac                CAN3_ORed_IRQHandler
 .text.CAN3_Error_IRQHandler
                0x01005fd0       0x24 ./SDK/platform/drivers/src/flexcan/flexcan_irq.o
                0x01005fd0                CAN3_Error_IRQHandler
 .text.CAN3_ORed_00_03_MB_IRQHandler
                0x01005ff4       0x24 ./SDK/platform/drivers/src/flexcan/flexcan_irq.o
                0x01005ff4                CAN3_ORed_00_03_MB_IRQHandler
 .text.CAN3_ORed_04_07_MB_IRQHandler
                0x01006018       0x24 ./SDK/platform/drivers/src/flexcan/flexcan_irq.o
                0x01006018                CAN3_ORed_04_07_MB_IRQHandler
 .text.CAN3_ORed_08_11_MB_IRQHandler
                0x0100603c       0x24 ./SDK/platform/drivers/src/flexcan/flexcan_irq.o
                0x0100603c                CAN3_ORed_08_11_MB_IRQHandler
 .text.CAN3_ORed_12_15_MB_IRQHandler
                0x01006060       0x24 ./SDK/platform/drivers/src/flexcan/flexcan_irq.o
                0x01006060                CAN3_ORed_12_15_MB_IRQHandler
 .text.CAN3_ORed_16_31_MB_IRQHandler
                0x01006084       0x24 ./SDK/platform/drivers/src/flexcan/flexcan_irq.o
                0x01006084                CAN3_ORed_16_31_MB_IRQHandler
 .text.CAN3_ORed_32_63_MB_IRQHandler
                0x010060a8       0x24 ./SDK/platform/drivers/src/flexcan/flexcan_irq.o
                0x010060a8                CAN3_ORed_32_63_MB_IRQHandler
 .text.CAN3_ORed_64_95_MB_IRQHandler
                0x010060cc       0x24 ./SDK/platform/drivers/src/flexcan/flexcan_irq.o
                0x010060cc                CAN3_ORed_64_95_MB_IRQHandler
 .text.CAN4_ORed_IRQHandler
                0x010060f0       0x24 ./SDK/platform/drivers/src/flexcan/flexcan_irq.o
                0x010060f0                CAN4_ORed_IRQHandler
 .text.CAN4_Error_IRQHandler
                0x01006114       0x24 ./SDK/platform/drivers/src/flexcan/flexcan_irq.o
                0x01006114                CAN4_Error_IRQHandler
 .text.CAN4_ORed_00_03_MB_IRQHandler
                0x01006138       0x24 ./SDK/platform/drivers/src/flexcan/flexcan_irq.o
                0x01006138                CAN4_ORed_00_03_MB_IRQHandler
 .text.CAN4_ORed_04_07_MB_IRQHandler
                0x0100615c       0x24 ./SDK/platform/drivers/src/flexcan/flexcan_irq.o
                0x0100615c                CAN4_ORed_04_07_MB_IRQHandler
 .text.CAN4_ORed_08_11_MB_IRQHandler
                0x01006180       0x24 ./SDK/platform/drivers/src/flexcan/flexcan_irq.o
                0x01006180                CAN4_ORed_08_11_MB_IRQHandler
 .text.CAN4_ORed_12_15_MB_IRQHandler
                0x010061a4       0x24 ./SDK/platform/drivers/src/flexcan/flexcan_irq.o
                0x010061a4                CAN4_ORed_12_15_MB_IRQHandler
 .text.CAN4_ORed_16_31_MB_IRQHandler
                0x010061c8       0x24 ./SDK/platform/drivers/src/flexcan/flexcan_irq.o
                0x010061c8                CAN4_ORed_16_31_MB_IRQHandler
 .text.CAN4_ORed_32_63_MB_IRQHandler
                0x010061ec       0x24 ./SDK/platform/drivers/src/flexcan/flexcan_irq.o
                0x010061ec                CAN4_ORed_32_63_MB_IRQHandler
 .text.CAN4_ORed_64_95_MB_IRQHandler
                0x01006210       0x24 ./SDK/platform/drivers/src/flexcan/flexcan_irq.o
                0x01006210                CAN4_ORed_64_95_MB_IRQHandler
 .text.CAN5_ORed_IRQHandler
                0x01006234       0x24 ./SDK/platform/drivers/src/flexcan/flexcan_irq.o
                0x01006234                CAN5_ORed_IRQHandler
 .text.CAN5_Error_IRQHandler
                0x01006258       0x24 ./SDK/platform/drivers/src/flexcan/flexcan_irq.o
                0x01006258                CAN5_Error_IRQHandler
 .text.CAN5_ORed_00_03_MB_IRQHandler
                0x0100627c       0x24 ./SDK/platform/drivers/src/flexcan/flexcan_irq.o
                0x0100627c                CAN5_ORed_00_03_MB_IRQHandler
 .text.CAN5_ORed_04_07_MB_IRQHandler
                0x010062a0       0x24 ./SDK/platform/drivers/src/flexcan/flexcan_irq.o
                0x010062a0                CAN5_ORed_04_07_MB_IRQHandler
 .text.CAN5_ORed_08_11_MB_IRQHandler
                0x010062c4       0x24 ./SDK/platform/drivers/src/flexcan/flexcan_irq.o
                0x010062c4                CAN5_ORed_08_11_MB_IRQHandler
 .text.CAN5_ORed_12_15_MB_IRQHandler
                0x010062e8       0x24 ./SDK/platform/drivers/src/flexcan/flexcan_irq.o
                0x010062e8                CAN5_ORed_12_15_MB_IRQHandler
 .text.CAN5_ORed_16_31_MB_IRQHandler
                0x0100630c       0x24 ./SDK/platform/drivers/src/flexcan/flexcan_irq.o
                0x0100630c                CAN5_ORed_16_31_MB_IRQHandler
 .text.CAN5_ORed_32_63_MB_IRQHandler
                0x01006330       0x24 ./SDK/platform/drivers/src/flexcan/flexcan_irq.o
                0x01006330                CAN5_ORed_32_63_MB_IRQHandler
 .text.CAN5_ORed_64_95_MB_IRQHandler
                0x01006354       0x24 ./SDK/platform/drivers/src/flexcan/flexcan_irq.o
                0x01006354                CAN5_ORed_64_95_MB_IRQHandler
 .text.CAN6_ORed_IRQHandler
                0x01006378       0x24 ./SDK/platform/drivers/src/flexcan/flexcan_irq.o
                0x01006378                CAN6_ORed_IRQHandler
 .text.CAN6_Error_IRQHandler
                0x0100639c       0x24 ./SDK/platform/drivers/src/flexcan/flexcan_irq.o
                0x0100639c                CAN6_Error_IRQHandler
 .text.CAN6_ORed_00_03_MB_IRQHandler
                0x010063c0       0x24 ./SDK/platform/drivers/src/flexcan/flexcan_irq.o
                0x010063c0                CAN6_ORed_00_03_MB_IRQHandler
 .text.CAN6_ORed_04_07_MB_IRQHandler
                0x010063e4       0x24 ./SDK/platform/drivers/src/flexcan/flexcan_irq.o
                0x010063e4                CAN6_ORed_04_07_MB_IRQHandler
 .text.CAN6_ORed_08_11_MB_IRQHandler
                0x01006408       0x24 ./SDK/platform/drivers/src/flexcan/flexcan_irq.o
                0x01006408                CAN6_ORed_08_11_MB_IRQHandler
 .text.CAN6_ORed_12_15_MB_IRQHandler
                0x0100642c       0x24 ./SDK/platform/drivers/src/flexcan/flexcan_irq.o
                0x0100642c                CAN6_ORed_12_15_MB_IRQHandler
 .text.CAN6_ORed_16_31_MB_IRQHandler
                0x01006450       0x24 ./SDK/platform/drivers/src/flexcan/flexcan_irq.o
                0x01006450                CAN6_ORed_16_31_MB_IRQHandler
 .text.CAN6_ORed_32_63_MB_IRQHandler
                0x01006474       0x24 ./SDK/platform/drivers/src/flexcan/flexcan_irq.o
                0x01006474                CAN6_ORed_32_63_MB_IRQHandler
 .text.CAN6_ORed_64_95_MB_IRQHandler
                0x01006498       0x24 ./SDK/platform/drivers/src/flexcan/flexcan_irq.o
                0x01006498                CAN6_ORed_64_95_MB_IRQHandler
 .text.CAN7_ORed_IRQHandler
                0x010064bc       0x24 ./SDK/platform/drivers/src/flexcan/flexcan_irq.o
                0x010064bc                CAN7_ORed_IRQHandler
 .text.CAN7_Error_IRQHandler
                0x010064e0       0x24 ./SDK/platform/drivers/src/flexcan/flexcan_irq.o
                0x010064e0                CAN7_Error_IRQHandler
 .text.CAN7_ORed_00_03_MB_IRQHandler
                0x01006504       0x24 ./SDK/platform/drivers/src/flexcan/flexcan_irq.o
                0x01006504                CAN7_ORed_00_03_MB_IRQHandler
 .text.CAN7_ORed_04_07_MB_IRQHandler
                0x01006528       0x24 ./SDK/platform/drivers/src/flexcan/flexcan_irq.o
                0x01006528                CAN7_ORed_04_07_MB_IRQHandler
 .text.CAN7_ORed_08_11_MB_IRQHandler
                0x0100654c       0x24 ./SDK/platform/drivers/src/flexcan/flexcan_irq.o
                0x0100654c                CAN7_ORed_08_11_MB_IRQHandler
 .text.CAN7_ORed_12_15_MB_IRQHandler
                0x01006570       0x24 ./SDK/platform/drivers/src/flexcan/flexcan_irq.o
                0x01006570                CAN7_ORed_12_15_MB_IRQHandler
 .text.CAN7_ORed_16_31_MB_IRQHandler
                0x01006594       0x24 ./SDK/platform/drivers/src/flexcan/flexcan_irq.o
                0x01006594                CAN7_ORed_16_31_MB_IRQHandler
 .text.CAN7_ORed_32_63_MB_IRQHandler
                0x010065b8       0x24 ./SDK/platform/drivers/src/flexcan/flexcan_irq.o
                0x010065b8                CAN7_ORed_32_63_MB_IRQHandler
 .text.CAN7_ORed_64_95_MB_IRQHandler
                0x010065dc       0x24 ./SDK/platform/drivers/src/flexcan/flexcan_irq.o
                0x010065dc                CAN7_ORed_64_95_MB_IRQHandler
 .text.FLEXCAN_IsFDEnabled
                0x01006600       0x36 ./SDK/platform/drivers/src/flexcan/flexcan_hw_access.o
 *fill*         0x01006636        0x2 
 .text.FLEXCAN_IsRxFifoEnabled
                0x01006638       0x36 ./SDK/platform/drivers/src/flexcan/flexcan_hw_access.o
 *fill*         0x0100666e        0x2 
 .text.RxFifoOcuppiedLastMsgBuff
                0x01006670       0x22 ./SDK/platform/drivers/src/flexcan/flexcan_hw_access.o
 *fill*         0x01006692        0x2 
 .text.FLEXCAN_GetMsgBuffRegion
                0x01006694       0x94 ./SDK/platform/drivers/src/flexcan/flexcan_hw_access.o
 .text.FLEXCAN_ComputeDLCValue
                0x01006728      0x210 ./SDK/platform/drivers/src/flexcan/flexcan_hw_access.o
 .text.FLEXCAN_ComputePayloadSize
                0x01006938       0xc6 ./SDK/platform/drivers/src/flexcan/flexcan_hw_access.o
 *fill*         0x010069fe        0x2 
 .text.FLEXCAN_GetMaxMbNum
                0x01006a00       0xdc ./SDK/platform/drivers/src/flexcan/flexcan_hw_access.o
 .text.FLEXCAN_ClearRAM
                0x01006adc       0xac ./SDK/platform/drivers/src/flexcan/flexcan_hw_access.o
 .text.FLEXCAN_Enable
                0x01006b88       0x7c ./SDK/platform/drivers/src/flexcan/flexcan_hw_access.o
                0x01006b88                FLEXCAN_Enable
 .text.FLEXCAN_Disable
                0x01006c04       0x5e ./SDK/platform/drivers/src/flexcan/flexcan_hw_access.o
                0x01006c04                FLEXCAN_Disable
 *fill*         0x01006c62        0x2 
 .text.FLEXCAN_Init
                0x01006c64       0xa6 ./SDK/platform/drivers/src/flexcan/flexcan_hw_access.o
                0x01006c64                FLEXCAN_Init
 *fill*         0x01006d0a        0x2 
 .text.FLEXCAN_SetTxMsgBuff
                0x01006d0c      0x3b6 ./SDK/platform/drivers/src/flexcan/flexcan_hw_access.o
                0x01006d0c                FLEXCAN_SetTxMsgBuff
 *fill*         0x010070c2        0x2 
 .text.FLEXCAN_SetRxMsgBuff
                0x010070c4      0x1aa ./SDK/platform/drivers/src/flexcan/flexcan_hw_access.o
                0x010070c4                FLEXCAN_SetRxMsgBuff
 *fill*         0x0100726e        0x2 
 .text.FLEXCAN_GetMsgBuff
                0x01007270      0x1fc ./SDK/platform/drivers/src/flexcan/flexcan_hw_access.o
                0x01007270                FLEXCAN_GetMsgBuff
 .text.FLEXCAN_LockRxMsgBuff
                0x0100746c       0x74 ./SDK/platform/drivers/src/flexcan/flexcan_hw_access.o
                0x0100746c                FLEXCAN_LockRxMsgBuff
 .text.FLEXCAN_EnableRxFifo
                0x010074e0       0xc8 ./SDK/platform/drivers/src/flexcan/flexcan_hw_access.o
                0x010074e0                FLEXCAN_EnableRxFifo
 .text.FLEXCAN_SetMaxMsgBuffNum
                0x010075a8      0x164 ./SDK/platform/drivers/src/flexcan/flexcan_hw_access.o
                0x010075a8                FLEXCAN_SetMaxMsgBuffNum
 .text.FLEXCAN_SetRxFifoFilter
                0x0100770c      0x5ca ./SDK/platform/drivers/src/flexcan/flexcan_hw_access.o
                0x0100770c                FLEXCAN_SetRxFifoFilter
 *fill*         0x01007cd6        0x2 
 .text.FLEXCAN_SetMsgBuffIntCmd
                0x01007cd8      0x188 ./SDK/platform/drivers/src/flexcan/flexcan_hw_access.o
                0x01007cd8                FLEXCAN_SetMsgBuffIntCmd
 .text.FLEXCAN_ExitFreezeMode
                0x01007e60       0x50 ./SDK/platform/drivers/src/flexcan/flexcan_hw_access.o
                0x01007e60                FLEXCAN_ExitFreezeMode
 .text.FLEXCAN_EnterFreezeMode
                0x01007eb0       0xac ./SDK/platform/drivers/src/flexcan/flexcan_hw_access.o
                0x01007eb0                FLEXCAN_EnterFreezeMode
 .text.FLEXCAN_ClearErrIntStatusFlag
                0x01007f5c       0x46 ./SDK/platform/drivers/src/flexcan/flexcan_hw_access.o
                0x01007f5c                FLEXCAN_ClearErrIntStatusFlag
 *fill*         0x01007fa2        0x2 
 .text.FLEXCAN_ReadRxFifo
                0x01007fa4       0xf2 ./SDK/platform/drivers/src/flexcan/flexcan_hw_access.o
                0x01007fa4                FLEXCAN_ReadRxFifo
 *fill*         0x01008096        0x2 
 .text.FLEXCAN_SetOperationMode
                0x01008098      0x104 ./SDK/platform/drivers/src/flexcan/flexcan_hw_access.o
                0x01008098                FLEXCAN_SetOperationMode
 .text.FLEXCAN_SetPayloadSize
                0x0100819c       0x86 ./SDK/platform/drivers/src/flexcan/flexcan_hw_access.o
                0x0100819c                FLEXCAN_SetPayloadSize
 *fill*         0x01008222        0x2 
 .text.FLEXCAN_GetPayloadSize
                0x01008224       0x68 ./SDK/platform/drivers/src/flexcan/flexcan_hw_access.o
                0x01008224                FLEXCAN_GetPayloadSize
 .text.FLEXCAN_SelectClock
                0x0100828c       0x2e ./SDK/platform/drivers/src/flexcan/flexcan_driver.o
 *fill*         0x010082ba        0x2 
 .text.FLEXCAN_SetTimeSegments
                0x010082bc       0x62 ./SDK/platform/drivers/src/flexcan/flexcan_driver.o
 *fill*         0x0100831e        0x2 
 .text.FLEXCAN_SetExtendedTimeSegments
                0x01008320       0x6c ./SDK/platform/drivers/src/flexcan/flexcan_driver.o
 .text.FLEXCAN_SetFDTimeSegments
                0x0100838c       0x72 ./SDK/platform/drivers/src/flexcan/flexcan_driver.o
 *fill*         0x010083fe        0x2 
 .text.FLEXCAN_SetFDEnabled
                0x01008400       0x7a ./SDK/platform/drivers/src/flexcan/flexcan_driver.o
 *fill*         0x0100847a        0x2 
 .text.FLEXCAN_IsFDEnabled
                0x0100847c       0x36 ./SDK/platform/drivers/src/flexcan/flexcan_driver.o
 *fill*         0x010084b2        0x2 
 .text.FLEXCAN_UnlockRxMsgBuff
                0x010084b4       0x1a ./SDK/platform/drivers/src/flexcan/flexcan_driver.o
 *fill*         0x010084ce        0x2 
 .text.FLEXCAN_IsRxFifoEnabled
                0x010084d0       0x36 ./SDK/platform/drivers/src/flexcan/flexcan_driver.o
 *fill*         0x01008506        0x2 
 .text.FLEXCAN_GetMaxMsgBuffNum
                0x01008508       0x20 ./SDK/platform/drivers/src/flexcan/flexcan_driver.o
 .text.FLEXCAN_GetMsgBuffIntStatusFlag
                0x01008528       0xde ./SDK/platform/drivers/src/flexcan/flexcan_driver.o
 *fill*         0x01008606        0x2 
 .text.FLEXCAN_ClearMsgBuffIntStatusFlag
                0x01008608       0x9c ./SDK/platform/drivers/src/flexcan/flexcan_driver.o
 .text.FLEXCAN_GetErrorCounters
                0x010086a4       0x1c ./SDK/platform/drivers/src/flexcan/flexcan_driver.o
 .text.FLEXCAN_SetRxMaskType
                0x010086c0       0x4c ./SDK/platform/drivers/src/flexcan/flexcan_driver.o
 .text.FLEXCAN_SetRxIndividualStdMask
                0x0100870c       0x32 ./SDK/platform/drivers/src/flexcan/flexcan_driver.o
 *fill*         0x0100873e        0x2 
 .text.FLEXCAN_SetRxIndividualExtMask
                0x01008740       0x30 ./SDK/platform/drivers/src/flexcan/flexcan_driver.o
 .text.FLEXCAN_SetStuffBitCount
                0x01008770       0x1a ./SDK/platform/drivers/src/flexcan/flexcan_driver.o
 *fill*         0x0100878a        0x2 
 .text.FLEXCAN_SetSelfReception
                0x0100878c       0x4a ./SDK/platform/drivers/src/flexcan/flexcan_driver.o
 *fill*         0x010087d6        0x2 
 .text.FLEXCAN_SetRxFifoDMA
                0x010087d8       0x4a ./SDK/platform/drivers/src/flexcan/flexcan_driver.o
 *fill*         0x01008822        0x2 
 .text.FLEXCAN_IsPNEnabled
                0x01008824       0x36 ./SDK/platform/drivers/src/flexcan/flexcan_driver.o
 *fill*         0x0100885a        0x2 
 .text.FLEXCAN_GetWTOF
                0x0100885c       0x26 ./SDK/platform/drivers/src/flexcan/flexcan_driver.o
 *fill*         0x01008882        0x2 
 .text.FLEXCAN_ClearWTOF
                0x01008884       0x26 ./SDK/platform/drivers/src/flexcan/flexcan_driver.o
 *fill*         0x010088aa        0x2 
 .text.FLEXCAN_GetWUMF
                0x010088ac       0x26 ./SDK/platform/drivers/src/flexcan/flexcan_driver.o
 *fill*         0x010088d2        0x2 
 .text.FLEXCAN_ClearWUMF
                0x010088d4       0x26 ./SDK/platform/drivers/src/flexcan/flexcan_driver.o
 *fill*         0x010088fa        0x2 
 .text.FLEXCAN_IsSelfWakeUpEnabled
                0x010088fc       0x36 ./SDK/platform/drivers/src/flexcan/flexcan_driver.o
 *fill*         0x01008932        0x2 
 .text.FLEXCAN_GetWAKINT
                0x01008934       0x22 ./SDK/platform/drivers/src/flexcan/flexcan_driver.o
 *fill*         0x01008956        0x2 
 .text.FLEXCAN_ClearWAKINT
                0x01008958       0x22 ./SDK/platform/drivers/src/flexcan/flexcan_driver.o
 *fill*         0x0100897a        0x2 
 .text.FLEXCAN_DRV_SetRxMaskType
                0x0100897c       0x52 ./SDK/platform/drivers/src/flexcan/flexcan_driver.o
                0x0100897c                FLEXCAN_DRV_SetRxMaskType
 *fill*         0x010089ce        0x2 
 .text.FLEXCAN_DRV_SetRxIndividualMask
                0x010089d0       0xdc ./SDK/platform/drivers/src/flexcan/flexcan_driver.o
                0x010089d0                FLEXCAN_DRV_SetRxIndividualMask
 .text.FLEXCAN_DRV_Init
                0x01008aac      0x554 ./SDK/platform/drivers/src/flexcan/flexcan_driver.o
                0x01008aac                FLEXCAN_DRV_Init
 .text.FLEXCAN_DRV_ConfigTxMb
                0x01009000       0x98 ./SDK/platform/drivers/src/flexcan/flexcan_driver.o
                0x01009000                FLEXCAN_DRV_ConfigTxMb
 .text.FLEXCAN_DRV_SendBlocking
                0x01009098      0x12c ./SDK/platform/drivers/src/flexcan/flexcan_driver.o
                0x01009098                FLEXCAN_DRV_SendBlocking
 .text.FLEXCAN_DRV_ConfigRxMb
                0x010091c4       0xf4 ./SDK/platform/drivers/src/flexcan/flexcan_driver.o
                0x010091c4                FLEXCAN_DRV_ConfigRxMb
 .text.FLEXCAN_DRV_ConfigRxFifo
                0x010092b8       0x56 ./SDK/platform/drivers/src/flexcan/flexcan_driver.o
                0x010092b8                FLEXCAN_DRV_ConfigRxFifo
 *fill*         0x0100930e        0x2 
 .text.FLEXCAN_DRV_Receive
                0x01009310       0x4c ./SDK/platform/drivers/src/flexcan/flexcan_driver.o
                0x01009310                FLEXCAN_DRV_Receive
 .text.FLEXCAN_DRV_RxFifo
                0x0100935c       0x3c ./SDK/platform/drivers/src/flexcan/flexcan_driver.o
                0x0100935c                FLEXCAN_DRV_RxFifo
 .text.FLEXCAN_IRQHandler
                0x01009398      0x4b0 ./SDK/platform/drivers/src/flexcan/flexcan_driver.o
                0x01009398                FLEXCAN_IRQHandler
 .text.FLEXCAN_Error_IRQHandler
                0x01009848       0x8e ./SDK/platform/drivers/src/flexcan/flexcan_driver.o
                0x01009848                FLEXCAN_Error_IRQHandler
 *fill*         0x010098d6        0x2 
 .text.FLEXCAN_WakeUpHandler
                0x010098d8      0x160 ./SDK/platform/drivers/src/flexcan/flexcan_driver.o
                0x010098d8                FLEXCAN_WakeUpHandler
 .text.FLEXCAN_StartSendData
                0x01009a38      0x168 ./SDK/platform/drivers/src/flexcan/flexcan_driver.o
 .text.FLEXCAN_StartRxMessageBufferData
                0x01009ba0      0x106 ./SDK/platform/drivers/src/flexcan/flexcan_driver.o
 *fill*         0x01009ca6        0x2 
 .text.FLEXCAN_StartRxMessageFifoData
                0x01009ca8      0x1bc ./SDK/platform/drivers/src/flexcan/flexcan_driver.o
 .text.FLEXCAN_CompleteTransfer
                0x01009e64       0xa4 ./SDK/platform/drivers/src/flexcan/flexcan_driver.o
 .text.FLEXCAN_CompleteRxFifoDataDMA
                0x01009f08       0x30 ./SDK/platform/drivers/src/flexcan/flexcan_driver.o
 .text.FLEXCAN_CompleteRxMessageFifoData
                0x01009f38      0x12e ./SDK/platform/drivers/src/flexcan/flexcan_driver.o
 *fill*         0x0100a066        0x2 
 .text.FLEXCAN_DRV_InstallEventCallback
                0x0100a068       0x46 ./SDK/platform/drivers/src/flexcan/flexcan_driver.o
                0x0100a068                FLEXCAN_DRV_InstallEventCallback
 *fill*         0x0100a0ae        0x2 
 .text.EDMA_GetErrorIntStatusFlag
                0x0100a0b0       0x1c ./SDK/platform/drivers/src/edma/edma_irq.o
 .text.DMA0_IRQHandler
                0x0100a0cc       0x24 ./SDK/platform/drivers/src/edma/edma_irq.o
                0x0100a0cc                DMA0_IRQHandler
 .text.DMA1_IRQHandler
                0x0100a0f0       0x24 ./SDK/platform/drivers/src/edma/edma_irq.o
                0x0100a0f0                DMA1_IRQHandler
 .text.DMA2_IRQHandler
                0x0100a114       0x24 ./SDK/platform/drivers/src/edma/edma_irq.o
                0x0100a114                DMA2_IRQHandler
 .text.DMA3_IRQHandler
                0x0100a138       0x24 ./SDK/platform/drivers/src/edma/edma_irq.o
                0x0100a138                DMA3_IRQHandler
 .text.DMA4_IRQHandler
                0x0100a15c       0x24 ./SDK/platform/drivers/src/edma/edma_irq.o
                0x0100a15c                DMA4_IRQHandler
 .text.DMA5_IRQHandler
                0x0100a180       0x24 ./SDK/platform/drivers/src/edma/edma_irq.o
                0x0100a180                DMA5_IRQHandler
 .text.DMA6_IRQHandler
                0x0100a1a4       0x24 ./SDK/platform/drivers/src/edma/edma_irq.o
                0x0100a1a4                DMA6_IRQHandler
 .text.DMA7_IRQHandler
                0x0100a1c8       0x24 ./SDK/platform/drivers/src/edma/edma_irq.o
                0x0100a1c8                DMA7_IRQHandler
 .text.DMA8_IRQHandler
                0x0100a1ec       0x24 ./SDK/platform/drivers/src/edma/edma_irq.o
                0x0100a1ec                DMA8_IRQHandler
 .text.DMA9_IRQHandler
                0x0100a210       0x24 ./SDK/platform/drivers/src/edma/edma_irq.o
                0x0100a210                DMA9_IRQHandler
 .text.DMA10_IRQHandler
                0x0100a234       0x24 ./SDK/platform/drivers/src/edma/edma_irq.o
                0x0100a234                DMA10_IRQHandler
 .text.DMA11_IRQHandler
                0x0100a258       0x24 ./SDK/platform/drivers/src/edma/edma_irq.o
                0x0100a258                DMA11_IRQHandler
 .text.DMA12_IRQHandler
                0x0100a27c       0x24 ./SDK/platform/drivers/src/edma/edma_irq.o
                0x0100a27c                DMA12_IRQHandler
 .text.DMA13_IRQHandler
                0x0100a2a0       0x24 ./SDK/platform/drivers/src/edma/edma_irq.o
                0x0100a2a0                DMA13_IRQHandler
 .text.DMA14_IRQHandler
                0x0100a2c4       0x24 ./SDK/platform/drivers/src/edma/edma_irq.o
                0x0100a2c4                DMA14_IRQHandler
 .text.DMA15_IRQHandler
                0x0100a2e8       0x24 ./SDK/platform/drivers/src/edma/edma_irq.o
                0x0100a2e8                DMA15_IRQHandler
 .text.DMA16_IRQHandler
                0x0100a30c       0x24 ./SDK/platform/drivers/src/edma/edma_irq.o
                0x0100a30c                DMA16_IRQHandler
 .text.DMA17_IRQHandler
                0x0100a330       0x24 ./SDK/platform/drivers/src/edma/edma_irq.o
                0x0100a330                DMA17_IRQHandler
 .text.DMA18_IRQHandler
                0x0100a354       0x24 ./SDK/platform/drivers/src/edma/edma_irq.o
                0x0100a354                DMA18_IRQHandler
 .text.DMA19_IRQHandler
                0x0100a378       0x24 ./SDK/platform/drivers/src/edma/edma_irq.o
                0x0100a378                DMA19_IRQHandler
 .text.DMA20_IRQHandler
                0x0100a39c       0x24 ./SDK/platform/drivers/src/edma/edma_irq.o
                0x0100a39c                DMA20_IRQHandler
 .text.DMA21_IRQHandler
                0x0100a3c0       0x24 ./SDK/platform/drivers/src/edma/edma_irq.o
                0x0100a3c0                DMA21_IRQHandler
 .text.DMA22_IRQHandler
                0x0100a3e4       0x24 ./SDK/platform/drivers/src/edma/edma_irq.o
                0x0100a3e4                DMA22_IRQHandler
 .text.DMA23_IRQHandler
                0x0100a408       0x24 ./SDK/platform/drivers/src/edma/edma_irq.o
                0x0100a408                DMA23_IRQHandler
 .text.DMA24_IRQHandler
                0x0100a42c       0x24 ./SDK/platform/drivers/src/edma/edma_irq.o
                0x0100a42c                DMA24_IRQHandler
 .text.DMA25_IRQHandler
                0x0100a450       0x24 ./SDK/platform/drivers/src/edma/edma_irq.o
                0x0100a450                DMA25_IRQHandler
 .text.DMA26_IRQHandler
                0x0100a474       0x24 ./SDK/platform/drivers/src/edma/edma_irq.o
                0x0100a474                DMA26_IRQHandler
 .text.DMA27_IRQHandler
                0x0100a498       0x24 ./SDK/platform/drivers/src/edma/edma_irq.o
                0x0100a498                DMA27_IRQHandler
 .text.DMA28_IRQHandler
                0x0100a4bc       0x24 ./SDK/platform/drivers/src/edma/edma_irq.o
                0x0100a4bc                DMA28_IRQHandler
 .text.DMA29_IRQHandler
                0x0100a4e0       0x24 ./SDK/platform/drivers/src/edma/edma_irq.o
                0x0100a4e0                DMA29_IRQHandler
 .text.DMA30_IRQHandler
                0x0100a504       0x24 ./SDK/platform/drivers/src/edma/edma_irq.o
                0x0100a504                DMA30_IRQHandler
 .text.DMA31_IRQHandler
                0x0100a528       0x24 ./SDK/platform/drivers/src/edma/edma_irq.o
                0x0100a528                DMA31_IRQHandler
 .text.DMA_Error_IRQHandler
                0x0100a54c       0x86 ./SDK/platform/drivers/src/edma/edma_irq.o
                0x0100a54c                DMA_Error_IRQHandler
 *fill*         0x0100a5d2        0x2 
 .text.EDMA_SetDmaRequestCmd
                0x0100a5d4       0x4c ./SDK/platform/drivers/src/edma/edma_hw_access.o
                0x0100a5d4                EDMA_SetDmaRequestCmd
 .text.EDMA_TCDClearReg
                0x0100a620       0xf6 ./SDK/platform/drivers/src/edma/edma_hw_access.o
                0x0100a620                EDMA_TCDClearReg
 *fill*         0x0100a716        0x2 
 .text.EDMA_TCDSetAttribute
                0x0100a718       0x7a ./SDK/platform/drivers/src/edma/edma_hw_access.o
                0x0100a718                EDMA_TCDSetAttribute
 *fill*         0x0100a792        0x2 
 .text.EDMA_TCDSetNbytes
                0x0100a794      0x136 ./SDK/platform/drivers/src/edma/edma_hw_access.o
                0x0100a794                EDMA_TCDSetNbytes
 *fill*         0x0100a8ca        0x2 
 .text.EDMA_TCDSetMajorCount
                0x0100a8cc      0x17c ./SDK/platform/drivers/src/edma/edma_hw_access.o
                0x0100a8cc                EDMA_TCDSetMajorCount
 .text.EDMA_SetHaltCmd
                0x0100aa48       0x58 ./SDK/platform/drivers/src/edma/edma_driver.o
 .text.EDMA_ClearErrorIntStatusFlag
                0x0100aaa0       0x22 ./SDK/platform/drivers/src/edma/edma_driver.o
 *fill*         0x0100aac2        0x2 
 .text.EDMA_ClearDoneStatusFlag
                0x0100aac4       0x22 ./SDK/platform/drivers/src/edma/edma_driver.o
 *fill*         0x0100aae6        0x2 
 .text.EDMA_ClearIntStatusFlag
                0x0100aae8       0x22 ./SDK/platform/drivers/src/edma/edma_driver.o
 *fill*         0x0100ab0a        0x2 
 .text.EDMA_TCDSetSrcAddr
                0x0100ab0c       0x30 ./SDK/platform/drivers/src/edma/edma_driver.o
 .text.EDMA_TCDSetSrcOffset
                0x0100ab3c       0x34 ./SDK/platform/drivers/src/edma/edma_driver.o
 .text.EDMA_TCDSetDestAddr
                0x0100ab70       0x30 ./SDK/platform/drivers/src/edma/edma_driver.o
 .text.EDMA_TCDSetDestOffset
                0x0100aba0       0x34 ./SDK/platform/drivers/src/edma/edma_driver.o
 .text.EDMA_TCDSetMajorCompleteIntCmd
                0x0100abd4       0x82 ./SDK/platform/drivers/src/edma/edma_driver.o
 *fill*         0x0100ac56        0x2 
 .text.EDMA_DRV_InstallCallback
                0x0100ac58       0x50 ./SDK/platform/drivers/src/edma/edma_driver.o
                0x0100ac58                EDMA_DRV_InstallCallback
 .text.EDMA_DRV_ClearIntStatus
                0x0100aca8       0x54 ./SDK/platform/drivers/src/edma/edma_driver.o
 .text.EDMA_DRV_IRQHandler
                0x0100acfc       0x8e ./SDK/platform/drivers/src/edma/edma_driver.o
                0x0100acfc                EDMA_DRV_IRQHandler
 *fill*         0x0100ad8a        0x2 
 .text.EDMA_DRV_ErrorIRQHandler
                0x0100ad8c       0xce ./SDK/platform/drivers/src/edma/edma_driver.o
                0x0100ad8c                EDMA_DRV_ErrorIRQHandler
 *fill*         0x0100ae5a        0x2 
 .text.EDMA_DRV_ConfigSingleBlockTransfer
                0x0100ae5c      0x1e6 ./SDK/platform/drivers/src/edma/edma_driver.o
                0x0100ae5c                EDMA_DRV_ConfigSingleBlockTransfer
 *fill*         0x0100b042        0x2 
 .text.EDMA_DRV_StartChannel
                0x0100b044       0x4e ./SDK/platform/drivers/src/edma/edma_driver.o
                0x0100b044                EDMA_DRV_StartChannel
 *fill*         0x0100b092        0x2 
 .text.EDMA_DRV_StopChannel
                0x0100b094       0x4e ./SDK/platform/drivers/src/edma/edma_driver.o
                0x0100b094                EDMA_DRV_StopChannel
 *fill*         0x0100b0e2        0x2 
 .text.EDMA_DRV_GetDmaRegBaseAddr
                0x0100b0e4       0x1c ./SDK/platform/drivers/src/edma/edma_driver.o
                0x0100b0e4                EDMA_DRV_GetDmaRegBaseAddr
 .text.CLOCK_SYS_Init
                0x0100b100       0x5e ./SDK/platform/drivers/src/clock/clock_manager.o
                0x0100b100                CLOCK_SYS_Init
 *fill*         0x0100b15e        0x2 
 .text.CLOCK_SYS_UpdateConfiguration
                0x0100b160      0x31e ./SDK/platform/drivers/src/clock/clock_manager.o
                0x0100b160                CLOCK_SYS_UpdateConfiguration
 *fill*         0x0100b47e        0x2 
 .text.MC_ME_ChangeMode
                0x0100b480       0x3a ./SDK/platform/drivers/src/clock/MPC57xx/clock_MPC57xx.o
 *fill*         0x0100b4ba        0x2 
 .text.MC_ME_GetTransitionStatus
                0x0100b4bc       0x30 ./SDK/platform/drivers/src/clock/MPC57xx/clock_MPC57xx.o
 .text.MC_ME_SetClockSources
                0x0100b4ec      0x14c ./SDK/platform/drivers/src/clock/MPC57xx/clock_MPC57xx.o
 .text.MC_ME_SetClockSourcesInDrunMode
                0x0100b638       0x88 ./SDK/platform/drivers/src/clock/MPC57xx/clock_MPC57xx.o
 .text.MC_ME_SetClockSourcesInRun0Mode
                0x0100b6c0       0x88 ./SDK/platform/drivers/src/clock/MPC57xx/clock_MPC57xx.o
 .text.MC_ME_SetClockSourcesInRun1Mode
                0x0100b748       0x88 ./SDK/platform/drivers/src/clock/MPC57xx/clock_MPC57xx.o
 .text.MC_ME_SetClockSourcesInRun2Mode
                0x0100b7d0       0x88 ./SDK/platform/drivers/src/clock/MPC57xx/clock_MPC57xx.o
 .text.MC_ME_SetClockSourcesInRun3Mode
                0x0100b858       0x88 ./SDK/platform/drivers/src/clock/MPC57xx/clock_MPC57xx.o
 .text.MC_ME_SetClockSourcesInSafeMode
                0x0100b8e0       0x88 ./SDK/platform/drivers/src/clock/MPC57xx/clock_MPC57xx.o
 .text.MC_ME_SetClockSourcesInTestMode
                0x0100b968       0x3c ./SDK/platform/drivers/src/clock/MPC57xx/clock_MPC57xx.o
 .text.MC_ME_SetClockSourcesInStopMode
                0x0100b9a4       0x88 ./SDK/platform/drivers/src/clock/MPC57xx/clock_MPC57xx.o
 .text.MC_ME_SetClockSourcesInStandbyMode
                0x0100ba2c       0x88 ./SDK/platform/drivers/src/clock/MPC57xx/clock_MPC57xx.o
 .text.MC_ME_SetClockSourcesInHaltMode
                0x0100bab4       0x3c ./SDK/platform/drivers/src/clock/MPC57xx/clock_MPC57xx.o
 .text.LPU_SetClockSourcesInLpuDrunMode
                0x0100baf0      0x110 ./SDK/platform/drivers/src/clock/MPC57xx/clock_MPC57xx.o
 .text.LPU_SetClockSourcesInLpuStopMode
                0x0100bc00       0xfc ./SDK/platform/drivers/src/clock/MPC57xx/clock_MPC57xx.o
 .text.LPU_SetClockSourcesInLpuStandbyMode
                0x0100bcfc       0xfc ./SDK/platform/drivers/src/clock/MPC57xx/clock_MPC57xx.o
 .text.MC_ME_GetCurrentSystemClock
                0x0100bdf8       0x1e ./SDK/platform/drivers/src/clock/MPC57xx/clock_MPC57xx.o
 *fill*         0x0100be16        0x2 
 .text.MC_ME_GetFircStatus
                0x0100be18       0x32 ./SDK/platform/drivers/src/clock/MPC57xx/clock_MPC57xx.o
 *fill*         0x0100be4a        0x2 
 .text.MC_ME_GetSircStatus
                0x0100be4c       0x34 ./SDK/platform/drivers/src/clock/MPC57xx/clock_MPC57xx.o
 .text.MC_ME_GetFxoscStatus
                0x0100be80       0x34 ./SDK/platform/drivers/src/clock/MPC57xx/clock_MPC57xx.o
 .text.MC_ME_GetSxoscStatus
                0x0100beb4       0x34 ./SDK/platform/drivers/src/clock/MPC57xx/clock_MPC57xx.o
 .text.MC_ME_GetPllStatus
                0x0100bee8       0x34 ./SDK/platform/drivers/src/clock/MPC57xx/clock_MPC57xx.o
 .text.MC_ME_SetRunPeripheralConfig
                0x0100bf1c      0x176 ./SDK/platform/drivers/src/clock/MPC57xx/clock_MPC57xx.o
 *fill*         0x0100c092        0x2 
 .text.MC_ME_SetLowPeripheralConfig
                0x0100c094       0x8e ./SDK/platform/drivers/src/clock/MPC57xx/clock_MPC57xx.o
 *fill*         0x0100c122        0x2 
 .text.MC_ME_SetPeripheralClockControl
                0x0100c124       0x8a ./SDK/platform/drivers/src/clock/MPC57xx/clock_MPC57xx.o
 *fill*         0x0100c1ae        0x2 
 .text.MC_ME_GetModuleStatus
                0x0100c1b0      0x1d6 ./SDK/platform/drivers/src/clock/MPC57xx/clock_MPC57xx.o
 *fill*         0x0100c386        0x2 
 .text.MC_ME_ResetClockSourcesConfiguration
                0x0100c388       0xd4 ./SDK/platform/drivers/src/clock/MPC57xx/clock_MPC57xx.o
 .text.MC_ME_ResetPeripheralsConfiguration
                0x0100c45c      0x2ae ./SDK/platform/drivers/src/clock/MPC57xx/clock_MPC57xx.o
 *fill*         0x0100c70a        0x2 
 .text.CGM_GetSC_DC0_Status
                0x0100c70c       0x22 ./SDK/platform/drivers/src/clock/MPC57xx/clock_MPC57xx.o
 *fill*         0x0100c72e        0x2 
 .text.CGM_GetSC_DC1_Status
                0x0100c730       0x22 ./SDK/platform/drivers/src/clock/MPC57xx/clock_MPC57xx.o
 *fill*         0x0100c752        0x2 
 .text.CGM_GetSC_DC2_Status
                0x0100c754       0x22 ./SDK/platform/drivers/src/clock/MPC57xx/clock_MPC57xx.o
 *fill*         0x0100c776        0x2 
 .text.CGM_GetSC_DC3_Status
                0x0100c778       0x22 ./SDK/platform/drivers/src/clock/MPC57xx/clock_MPC57xx.o
 *fill*         0x0100c79a        0x2 
 .text.CGM_GetSC_DC4_Status
                0x0100c79c       0x22 ./SDK/platform/drivers/src/clock/MPC57xx/clock_MPC57xx.o
 *fill*         0x0100c7be        0x2 
 .text.CGM_GetSC_DC5_Status
                0x0100c7c0       0x22 ./SDK/platform/drivers/src/clock/MPC57xx/clock_MPC57xx.o
 *fill*         0x0100c7e2        0x2 
 .text.CGM_GetSC_DC6_Status
                0x0100c7e4       0x22 ./SDK/platform/drivers/src/clock/MPC57xx/clock_MPC57xx.o
 *fill*         0x0100c806        0x2 
 .text.CGM_GetSC_DC0_DividerValue
                0x0100c808       0x24 ./SDK/platform/drivers/src/clock/MPC57xx/clock_MPC57xx.o
 .text.CGM_GetSC_DC1_DividerValue
                0x0100c82c       0x24 ./SDK/platform/drivers/src/clock/MPC57xx/clock_MPC57xx.o
 .text.CGM_GetSC_DC2_DividerValue
                0x0100c850       0x24 ./SDK/platform/drivers/src/clock/MPC57xx/clock_MPC57xx.o
 .text.CGM_GetSC_DC3_DividerValue
                0x0100c874       0x24 ./SDK/platform/drivers/src/clock/MPC57xx/clock_MPC57xx.o
 .text.CGM_GetSC_DC4_DividerValue
                0x0100c898       0x24 ./SDK/platform/drivers/src/clock/MPC57xx/clock_MPC57xx.o
 .text.CGM_GetSC_DC5_DividerValue
                0x0100c8bc       0x24 ./SDK/platform/drivers/src/clock/MPC57xx/clock_MPC57xx.o
 .text.CGM_GetSC_DC6_DividerValue
                0x0100c8e0       0x24 ./SDK/platform/drivers/src/clock/MPC57xx/clock_MPC57xx.o
 .text.CGM_SetAC0
                0x0100c904       0x18 ./SDK/platform/drivers/src/clock/MPC57xx/clock_MPC57xx.o
 .text.CGM_SetAC0_DC0
                0x0100c91c       0x1c ./SDK/platform/drivers/src/clock/MPC57xx/clock_MPC57xx.o
 .text.CGM_SetAC0_DC1
                0x0100c938       0x1c ./SDK/platform/drivers/src/clock/MPC57xx/clock_MPC57xx.o
 .text.CGM_SetAC0_DC2
                0x0100c954       0x1c ./SDK/platform/drivers/src/clock/MPC57xx/clock_MPC57xx.o
 .text.CGM_SetAC1
                0x0100c970       0x18 ./SDK/platform/drivers/src/clock/MPC57xx/clock_MPC57xx.o
 .text.CGM_SetAC1_DC0
                0x0100c988       0x1c ./SDK/platform/drivers/src/clock/MPC57xx/clock_MPC57xx.o
 .text.CGM_SetAC1_DC1
                0x0100c9a4       0x1c ./SDK/platform/drivers/src/clock/MPC57xx/clock_MPC57xx.o
 .text.CGM_SetAC2
                0x0100c9c0       0x26 ./SDK/platform/drivers/src/clock/MPC57xx/clock_MPC57xx.o
 *fill*         0x0100c9e6        0x2 
 .text.CGM_SetAC2_DC0
                0x0100c9e8       0x1c ./SDK/platform/drivers/src/clock/MPC57xx/clock_MPC57xx.o
 .text.CGM_SetAC3
                0x0100ca04       0x18 ./SDK/platform/drivers/src/clock/MPC57xx/clock_MPC57xx.o
 .text.CGM_SetAC4
                0x0100ca1c       0x26 ./SDK/platform/drivers/src/clock/MPC57xx/clock_MPC57xx.o
 *fill*         0x0100ca42        0x2 
 .text.CGM_SetAC5
                0x0100ca44       0x26 ./SDK/platform/drivers/src/clock/MPC57xx/clock_MPC57xx.o
 *fill*         0x0100ca6a        0x2 
 .text.CGM_SetAC5_DC0
                0x0100ca6c       0x1c ./SDK/platform/drivers/src/clock/MPC57xx/clock_MPC57xx.o
 .text.CGM_SetAC6
                0x0100ca88       0x26 ./SDK/platform/drivers/src/clock/MPC57xx/clock_MPC57xx.o
 *fill*         0x0100caae        0x2 
 .text.CGM_SetAC6_DC0
                0x0100cab0       0x4e ./SDK/platform/drivers/src/clock/MPC57xx/clock_MPC57xx.o
 *fill*         0x0100cafe        0x2 
 .text.CGM_SetAC8
                0x0100cb00       0x26 ./SDK/platform/drivers/src/clock/MPC57xx/clock_MPC57xx.o
 *fill*         0x0100cb26        0x2 
 .text.CGM_SetAC9
                0x0100cb28       0x26 ./SDK/platform/drivers/src/clock/MPC57xx/clock_MPC57xx.o
 *fill*         0x0100cb4e        0x2 
 .text.CGM_SetAC10
                0x0100cb50       0x18 ./SDK/platform/drivers/src/clock/MPC57xx/clock_MPC57xx.o
 .text.CGM_SetAC10_DC0
                0x0100cb68       0x1c ./SDK/platform/drivers/src/clock/MPC57xx/clock_MPC57xx.o
 .text.CGM_SetAC11
                0x0100cb84       0x18 ./SDK/platform/drivers/src/clock/MPC57xx/clock_MPC57xx.o
 .text.CGM_SetAC11_DC0
                0x0100cb9c       0x1c ./SDK/platform/drivers/src/clock/MPC57xx/clock_MPC57xx.o
 .text.CGM_GetAC2_SelValue
                0x0100cbb8       0x24 ./SDK/platform/drivers/src/clock/MPC57xx/clock_MPC57xx.o
 .text.CGM_GetAC5_SelValue
                0x0100cbdc       0x24 ./SDK/platform/drivers/src/clock/MPC57xx/clock_MPC57xx.o
 .text.CGM_GetAC8_SelValue
                0x0100cc00       0x24 ./SDK/platform/drivers/src/clock/MPC57xx/clock_MPC57xx.o
 .text.CGM_GetAC9_SelValue
                0x0100cc24       0x24 ./SDK/platform/drivers/src/clock/MPC57xx/clock_MPC57xx.o
 .text.CGM_SetClkout0
                0x0100cc48       0x1e ./SDK/platform/drivers/src/clock/MPC57xx/clock_MPC57xx.o
 *fill*         0x0100cc66        0x2 
 .text.CGM_SetClkout1
                0x0100cc68       0x6c ./SDK/platform/drivers/src/clock/MPC57xx/clock_MPC57xx.o
 .text.CGM_SetSC_DC0
                0x0100ccd4       0x4e ./SDK/platform/drivers/src/clock/MPC57xx/clock_MPC57xx.o
 *fill*         0x0100cd22        0x2 
 .text.CGM_SetSC_DC1
                0x0100cd24       0x4e ./SDK/platform/drivers/src/clock/MPC57xx/clock_MPC57xx.o
 *fill*         0x0100cd72        0x2 
 .text.CGM_SetSC_DC2
                0x0100cd74       0x4e ./SDK/platform/drivers/src/clock/MPC57xx/clock_MPC57xx.o
 *fill*         0x0100cdc2        0x2 
 .text.CGM_SetSC_DC3
                0x0100cdc4       0x4e ./SDK/platform/drivers/src/clock/MPC57xx/clock_MPC57xx.o
 *fill*         0x0100ce12        0x2 
 .text.CGM_SetSC_DC4
                0x0100ce14       0x4e ./SDK/platform/drivers/src/clock/MPC57xx/clock_MPC57xx.o
 *fill*         0x0100ce62        0x2 
 .text.CGM_SetSC_DC5
                0x0100ce64       0x4e ./SDK/platform/drivers/src/clock/MPC57xx/clock_MPC57xx.o
 *fill*         0x0100ceb2        0x2 
 .text.CGM_SetSC_DC6
                0x0100ceb4       0x1c ./SDK/platform/drivers/src/clock/MPC57xx/clock_MPC57xx.o
 .text.CGMCS_GetFircDividerRatio
                0x0100ced0       0x22 ./SDK/platform/drivers/src/clock/MPC57xx/clock_MPC57xx.o
 *fill*         0x0100cef2        0x2 
 .text.CGMCS_GetFxoscDividerRatio
                0x0100cef4       0x22 ./SDK/platform/drivers/src/clock/MPC57xx/clock_MPC57xx.o
 *fill*         0x0100cf16        0x2 
 .text.CGMCS_GetSircDividerRatio
                0x0100cf18       0x22 ./SDK/platform/drivers/src/clock/MPC57xx/clock_MPC57xx.o
 *fill*         0x0100cf3a        0x2 
 .text.CGMCS_GetSxoscDividerRatio
                0x0100cf3c       0x22 ./SDK/platform/drivers/src/clock/MPC57xx/clock_MPC57xx.o
 *fill*         0x0100cf5e        0x2 
 .text.CGMCS_SetSircDivider
                0x0100cf60       0x28 ./SDK/platform/drivers/src/clock/MPC57xx/clock_MPC57xx.o
 .text.CGMCS_SetFircDivider
                0x0100cf88       0x28 ./SDK/platform/drivers/src/clock/MPC57xx/clock_MPC57xx.o
 .text.CGMCS_SetSxosc
                0x0100cfb0       0x40 ./SDK/platform/drivers/src/clock/MPC57xx/clock_MPC57xx.o
 .text.CGMCS_SetFxosc
                0x0100cff0       0x4a ./SDK/platform/drivers/src/clock/MPC57xx/clock_MPC57xx.o
 *fill*         0x0100d03a        0x2 
 .text.CGMCS_PLLDivider
                0x0100d03c       0x8a ./SDK/platform/drivers/src/clock/MPC57xx/clock_MPC57xx.o
 *fill*         0x0100d0c6        0x2 
 .text.CGMCS_GetPllPreDividerRatio
                0x0100d0c8       0x28 ./SDK/platform/drivers/src/clock/MPC57xx/clock_MPC57xx.o
 .text.CGMCS_GetPLLMultiplyFactor
                0x0100d0f0       0x26 ./SDK/platform/drivers/src/clock/MPC57xx/clock_MPC57xx.o
 *fill*         0x0100d116        0x2 
 .text.CGMCS_GetPllFirstOutputDividerRatio
                0x0100d118       0x28 ./SDK/platform/drivers/src/clock/MPC57xx/clock_MPC57xx.o
 .text.CGMCS_GetPllSecondOutputDividerRatio
                0x0100d140       0x28 ./SDK/platform/drivers/src/clock/MPC57xx/clock_MPC57xx.o
 .text.CGMCS_SetPLLDenominatorFractionalLoopDivider
                0x0100d168       0x24 ./SDK/platform/drivers/src/clock/MPC57xx/clock_MPC57xx.o
 .text.CGMCS_GetPLLDenominatorFractionalLoopDivider
                0x0100d18c       0x22 ./SDK/platform/drivers/src/clock/MPC57xx/clock_MPC57xx.o
 *fill*         0x0100d1ae        0x2 
 .text.CGMCS_SetPLLNumeratorFractionalLoopDivider
                0x0100d1b0       0x28 ./SDK/platform/drivers/src/clock/MPC57xx/clock_MPC57xx.o
 .text.CGMCS_SetPLLSigmaDeltaModulation
                0x0100d1d8       0xb2 ./SDK/platform/drivers/src/clock/MPC57xx/clock_MPC57xx.o
 *fill*         0x0100d28a        0x2 
 .text.CGMCS_SetPLLDitherControl
                0x0100d28c       0x66 ./SDK/platform/drivers/src/clock/MPC57xx/clock_MPC57xx.o
 *fill*         0x0100d2f2        0x2 
 .text.CGMCS_GetPLLNumeratorFractionalLoopDivider
                0x0100d2f4       0x20 ./SDK/platform/drivers/src/clock/MPC57xx/clock_MPC57xx.o
 .text.CGMCS_ConfigurePllModulation
                0x0100d314       0x5e ./SDK/platform/drivers/src/clock/MPC57xx/clock_MPC57xx.o
 *fill*         0x0100d372        0x2 
 .text.CLOCK_SYS_SetConfiguration
                0x0100d374       0x8e ./SDK/platform/drivers/src/clock/MPC57xx/clock_MPC57xx.o
                0x0100d374                CLOCK_SYS_SetConfiguration
 *fill*         0x0100d402        0x2 
 .text.CLOCK_SYS_GetSircFreq
                0x0100d404       0x70 ./SDK/platform/drivers/src/clock/MPC57xx/clock_MPC57xx.o
 .text.CLOCK_SYS_GetUndividedSircFreq
                0x0100d474       0x54 ./SDK/platform/drivers/src/clock/MPC57xx/clock_MPC57xx.o
 .text.CLOCK_SYS_GetFircFreq
                0x0100d4c8       0x74 ./SDK/platform/drivers/src/clock/MPC57xx/clock_MPC57xx.o
 .text.CLOCK_SYS_GetUndividedFircFreq
                0x0100d53c       0x58 ./SDK/platform/drivers/src/clock/MPC57xx/clock_MPC57xx.o
 .text.CLOCK_SYS_GetSxoscFreq
                0x0100d594       0x74 ./SDK/platform/drivers/src/clock/MPC57xx/clock_MPC57xx.o
 .text.CLOCK_SYS_GetUndividedSxoscFreq
                0x0100d608       0x58 ./SDK/platform/drivers/src/clock/MPC57xx/clock_MPC57xx.o
 .text.CLOCK_SYS_GetFxoscFreq
                0x0100d660       0x74 ./SDK/platform/drivers/src/clock/MPC57xx/clock_MPC57xx.o
 .text.CLOCK_SYS_GetUndividedFxoscFreq
                0x0100d6d4       0x58 ./SDK/platform/drivers/src/clock/MPC57xx/clock_MPC57xx.o
 .text.CLOCK_SYS_GetPllPhiXFreq
                0x0100d72c      0x1c2 ./SDK/platform/drivers/src/clock/MPC57xx/clock_MPC57xx.o
 *fill*         0x0100d8ee        0x2 
 .text.CLOCK_SYS_GetClockSourceFreq
                0x0100d8f0       0xee ./SDK/platform/drivers/src/clock/MPC57xx/clock_MPC57xx.o
 *fill*         0x0100d9de        0x2 
 .text.CLOCK_SYS_GetSystemClockFreq
                0x0100d9e0      0x38e ./SDK/platform/drivers/src/clock/MPC57xx/clock_MPC57xx.o
 *fill*         0x0100dd6e        0x2 
 .text.CLOCK_SYS_GetModuleClockFreq
                0x0100dd70      0x306 ./SDK/platform/drivers/src/clock/MPC57xx/clock_MPC57xx.o
 *fill*         0x0100e076        0x2 
 .text.CLOCK_SYS_GetEnetClockFreq
                0x0100e078       0x88 ./SDK/platform/drivers/src/clock/MPC57xx/clock_MPC57xx.o
 .text.CLOCK_SYS_GetSpiClockFreq
                0x0100e100       0x88 ./SDK/platform/drivers/src/clock/MPC57xx/clock_MPC57xx.o
 .text.CLOCK_SYS_GetFreq
                0x0100e188       0xfe ./SDK/platform/drivers/src/clock/MPC57xx/clock_MPC57xx.o
                0x0100e188                CLOCK_SYS_GetFreq
 *fill*         0x0100e286        0x2 
 .text.CLOCK_SYS_ConfigureCgmcs
                0x0100e288       0x72 ./SDK/platform/drivers/src/clock/MPC57xx/clock_MPC57xx.o
 *fill*         0x0100e2fa        0x2 
 .text.CLOCK_SYS_ResetMcMeConfiguration
                0x0100e2fc       0x94 ./SDK/platform/drivers/src/clock/MPC57xx/clock_MPC57xx.o
 .text.CLOCK_SYS_ConfigureMcMe
                0x0100e390      0x6ca ./SDK/platform/drivers/src/clock/MPC57xx/clock_MPC57xx.o
 *fill*         0x0100ea5a        0x2 
 .text.CLOCK_SYS_ConfigureCgm
                0x0100ea5c       0x48 ./SDK/platform/drivers/src/clock/MPC57xx/clock_MPC57xx.o
 .text.CLOCK_SYS_SetIrc
                0x0100eaa4       0x76 ./SDK/platform/drivers/src/clock/MPC57xx/clock_MPC57xx.o
 *fill*         0x0100eb1a        0x2 
 .text.CLOCK_SYS_SetXosc
                0x0100eb1c       0xcc ./SDK/platform/drivers/src/clock/MPC57xx/clock_MPC57xx.o
 .text.CLOCK_SYS_SetPll
                0x0100ebe8      0x1f4 ./SDK/platform/drivers/src/clock/MPC57xx/clock_MPC57xx.o
 .text.CLOCK_SYS_ConfigureSystemClockDividers
                0x0100eddc      0x162 ./SDK/platform/drivers/src/clock/MPC57xx/clock_MPC57xx.o
 *fill*         0x0100ef3e        0x2 
 .text.CLOCK_SYS_ConfigureAuxiliarySelectorsAndDividers
                0x0100ef40      0x2c2 ./SDK/platform/drivers/src/clock/MPC57xx/clock_MPC57xx.o
 *fill*         0x0100f202        0x2 
 .text.CLOCK_SYS_ConfigureClockouts
                0x0100f204       0x98 ./SDK/platform/drivers/src/clock/MPC57xx/clock_MPC57xx.o
 .text.BCTU_DRV_Config
                0x0100f29c      0x1de ./SDK/platform/drivers/src/bctu/bctu_driver.o
                0x0100f29c                BCTU_DRV_Config
 *fill*         0x0100f47a        0x2 
 .text.BCTU_DRV_GetDefaultConfig
                0x0100f47c       0x40 ./SDK/platform/drivers/src/bctu/bctu_driver.o
                0x0100f47c                BCTU_DRV_GetDefaultConfig
 .text.BCTU_DRV_Reset
                0x0100f4bc       0xfa ./SDK/platform/drivers/src/bctu/bctu_driver.o
                0x0100f4bc                BCTU_DRV_Reset
 *fill*         0x0100f5b6        0x2 
 .text.BCTU_DRV_WriteGlobalTriggerEn
                0x0100f5b8       0x5a ./SDK/platform/drivers/src/bctu/bctu_driver.o
                0x0100f5b8                BCTU_DRV_WriteGlobalTriggerEn
 *fill*         0x0100f612        0x2 
 .text.BCTU_DRV_GetStatusFlag
                0x0100f614       0xdc ./SDK/platform/drivers/src/bctu/bctu_driver.o
                0x0100f614                BCTU_DRV_GetStatusFlag
 .text.BCTU_DRV_ClearStatusFlag
                0x0100f6f0       0xc4 ./SDK/platform/drivers/src/bctu/bctu_driver.o
                0x0100f6f0                BCTU_DRV_ClearStatusFlag
 .text.BCTU_DRV_ClearAllStatusFlags
                0x0100f7b4       0x4a ./SDK/platform/drivers/src/bctu/bctu_driver.o
                0x0100f7b4                BCTU_DRV_ClearAllStatusFlags
 *fill*         0x0100f7fe        0x2 
 .text.BCTU_DRV_ResetTrigger
                0x0100f800       0x7a ./SDK/platform/drivers/src/bctu/bctu_driver.o
                0x0100f800                BCTU_DRV_ResetTrigger
 *fill*         0x0100f87a        0x2 
 .text.BCTU_DRV_ConfigTriggerSingle
                0x0100f87c      0x112 ./SDK/platform/drivers/src/bctu/bctu_driver.o
                0x0100f87c                BCTU_DRV_ConfigTriggerSingle
 *fill*         0x0100f98e        0x2 
 .text.BCTU_DRV_ConfigTriggerList
                0x0100f990      0x136 ./SDK/platform/drivers/src/bctu/bctu_driver.o
                0x0100f990                BCTU_DRV_ConfigTriggerList
 *fill*         0x0100fac6        0x2 
 .text.BCTU_DRV_SetConvListArray
                0x0100fac8      0x24a ./SDK/platform/drivers/src/bctu/bctu_driver.o
                0x0100fac8                BCTU_DRV_SetConvListArray
 *fill*         0x0100fd12        0x2 
 .text.BCTU_DRV_GetConvResult
                0x0100fd14      0x144 ./SDK/platform/drivers/src/bctu/bctu_driver.o
                0x0100fd14                BCTU_DRV_GetConvResult
 .text.BCTU_GetBitmask
                0x0100fe58       0x24 ./SDK/platform/drivers/src/bctu/bctu_driver.o
 .text.BCTU_PrepareReconfigNonBlocking
                0x0100fe7c       0xa4 ./SDK/platform/drivers/src/bctu/bctu_driver.o
 .text.BCTU_PrepareReconfigBlocking
                0x0100ff20      0x126 ./SDK/platform/drivers/src/bctu/bctu_driver.o
 *fill*         0x01010046        0x2 
 .text.ADC_Powerup
                0x01010048       0x22 ./SDK/platform/drivers/src/adc_c55/adc_c55_driver.o
 *fill*         0x0101006a        0x2 
 .text.ADC_Powerdown
                0x0101006c       0x22 ./SDK/platform/drivers/src/adc_c55/adc_c55_driver.o
 *fill*         0x0101008e        0x2 
 .text.ADC_DRV_GetDefaultConfigConverter
                0x01010090       0x72 ./SDK/platform/drivers/src/adc_c55/adc_c55_driver.o
                0x01010090                ADC_DRV_GetDefaultConfigConverter
 *fill*         0x01010102        0x2 
 .text.ADC_DRV_ConfigConverter
                0x01010104      0x196 ./SDK/platform/drivers/src/adc_c55/adc_c55_driver.o
                0x01010104                ADC_DRV_ConfigConverter
 *fill*         0x0101029a        0x2 
 .text.ADC_DRV_Reset
                0x0101029c       0x3a ./SDK/platform/drivers/src/adc_c55/adc_c55_driver.o
                0x0101029c                ADC_DRV_Reset
 *fill*         0x010102d6        0x2 
 .text.ADC_DRV_EnableChannel
                0x010102d8       0xc6 ./SDK/platform/drivers/src/adc_c55/adc_c55_driver.o
                0x010102d8                ADC_DRV_EnableChannel
 *fill*         0x0101039e        0x2 
 .text.ADC_DRV_StartConversion
                0x010103a0       0x7c ./SDK/platform/drivers/src/adc_c55/adc_c55_driver.o
                0x010103a0                ADC_DRV_StartConversion
 .text.ADC_DRV_ClearStatusFlags
                0x0101041c      0x104 ./SDK/platform/drivers/src/adc_c55/adc_c55_driver.o
                0x0101041c                ADC_DRV_ClearStatusFlags
 .text.ADC_DRV_GetConvResultsToArray
                0x01010520      0x124 ./SDK/platform/drivers/src/adc_c55/adc_c55_driver.o
                0x01010520                ADC_DRV_GetConvResultsToArray
 .text.ADC_DRV_DoCalibration
                0x01010644       0xf4 ./SDK/platform/drivers/src/adc_c55/adc_c55_driver.o
                0x01010644                ADC_DRV_DoCalibration
 .text.ADC_DRV_EnableInterrupts
                0x01010738      0x10a ./SDK/platform/drivers/src/adc_c55/adc_c55_driver.o
                0x01010738                ADC_DRV_EnableInterrupts
 *fill*         0x01010842        0x2 
 .text.init_data_bss
                0x01010844      0x1ba ./SDK/platform/devices/startup.o
                0x01010844                init_data_bss
 *fill*         0x010109fe        0x2 
 .text.SystemInit
                0x01010a00      0x186 ./SDK/platform/devices/MPC5748G/startup/system_MPC5748G.o
                0x01010a00                SystemInit
 .text.memcpy   0x01010b86       0x3c C:/NXP/S32DS_Power_v2017.R1/S32DS/e200_ewl2/lib/e200z4/fp\libc99.a(memcpy.o)
                0x01010b86                memcpy
 .text.memset   0x01010bc2       0x1a C:/NXP/S32DS_Power_v2017.R1/S32DS/e200_ewl2/lib/e200z4/fp\libc99.a(memset.o)
                0x01010bc2                memset
 .text.__fill_mem
                0x01010bdc       0xa0 C:/NXP/S32DS_Power_v2017.R1/S32DS/e200_ewl2/lib/e200z4/fp\libc99.a(__filll_mem.o)
                0x01010bdc                __fill_mem
 *(.init)
 .init          0x01010c7c        0xc c:/nxp/s32ds_power_v2017.r1/cross_tools/powerpc-eabivle-4_9/bin/../lib/gcc/powerpc-eabivle/4.9.4/e200z4/fp/ecrti.o
                0x01010c7c                __init